--------- beginning of main

01-03 02:03:00.045   382   382 I rmt_storage: rmt_storage_connect_cb: clnt_h=0x2d conn_h=0x7f86c49000

01-03 02:03:00.046   382   382 I rmt_storage: rmt_storage_rw_iovec_cb: /boot/modem_fs1: clnt_h=0x2d: req_h=0x2d msg_id=3: R/W request received

01-03 02:03:00.046   382   382 I rmt_storage: wakelock acquired: 1, error no: 42

01-03 02:03:00.047   382  1012 I rmt_storage: rmt_storage_client_thread: /boot/modem_fs1: clnt_h=0x2d Unblock worker thread (th_id: 547721835584)

01-03 02:03:00.253   382  1012 I rmt_storage: rmt_storage_client_thread: /boot/modem_fs1: clnt_h=0x2d: req_h=0x2d msg_id=3: Bytes written = 1572864

01-03 02:03:00.253   382  1012 I rmt_storage: rmt_storage_client_thread: /boot/modem_fs1: clnt_h=0x2d: req_h=0x2d msg_id=3: Send response: res=0 err=0

01-03 02:03:00.254   382  1012 I rmt_storage: rmt_storage_client_thread: /boot/modem_fs1: clnt_h=0x2d About to block rmt_storage client thread (th_id: 547721835584) wakelock released: 1, error no: 0

01-03 02:03:00.254   382  1012 I rmt_storage: 

01-03 02:03:00.258   382   382 I rmt_storage: rmt_storage_disconnect_cb: clnt_h=0x2d conn_h=0x7f86c49000

01-03 02:03:00.598 20547 20614 D HeadsetStateMachine: Disconnected process message: 10, size: 0

01-03 02:03:04.143 20466 20479 D ConnectivitySystemTest:commInterface:  String Read from NotifyDUT file is :DUT 1 ble leclient scanfordevicename cstadv

01-03 02:03:04.144 20466 20479 D ConnectivitySystemTest:BASE: --------------------------------------------------------------------------------------------

01-03 02:03:04.144 20466 20479 D ConnectivitySystemTest:BASE: Executing next Command:DUT 1 ble leclient scanfordevicename cstadv

01-03 02:03:04.144 20466 20479 D ConnectivitySystemTest:BASE: --------------------------------------------------------------------------------------------

01-03 02:03:04.149 20466 22532 D ConnectivitySystemTest:BASE: 22532:Active threads =1

01-03 02:03:04.149 20466 22532 D ConnectivitySystemTest:BASE: The cmd: DUT 1 ble leclient scanfordevicename cstadv :is going to be executed

01-03 02:03:04.153 20466 22532 D CSTConnectivityTest:LE: Executing Bluetooth Low Energy Command :leclient scanfordevicename cstadv 

01-03 02:03:04.153 20466 22532 D ConnectivitySystemTest:BLE:LEClient: Inside cmdHandler BLE :scanfordevicename cstadv 

01-03 02:03:04.153 20466 22532 D ConnectivitySystemTest:BLE:LEClient: The Command: scanfordevicename cstadv  :is going to be executed

01-03 02:03:04.153 20466 22532 D BluetoothAdapter: startLeScan(): null

01-04 21:56:13.700 20479 20479 W Thread-487: type=1400 audit(0.0:779): avc: granted { remove_name } for name="NotifyDUT.txt" dev="mmcblk0p37" ino=169 scontext=u:r:system_app:s0 tcontext=u:object_r:system_data_file:s0 tclass=dir

01-03 02:03:04.170 20466 22532 D BluetoothAdapter: STATE_ON

01-03 02:03:04.178 20547 20558 D BtGatt.GattService: registerClient() - UUID=8289d209-5d48-4620-b147-a862d1794f5d

01-03 02:03:04.178 20547 20558 D bt_btif : btif_transfer_context event 1000, len 740

01-03 02:03:04.178 20547 20580 D bt_btif : btif task fetched event a001

01-03 02:03:04.178 20547 20580 D bt_btif : btif_context_switched

01-03 02:03:04.179 20547 20609 I bt_btif : BTA got event 0x1f17

01-03 02:03:04.179 20547 20609 D bt_btif : bta_gattc_register state 2

01-03 02:03:04.179 20547 20609 I bt_att  : GATT_Register

01-03 02:03:04.179 20547 20609 D bt_att  : UUID=[0x8289d2095d484620b147a862d1794f5d]

01-03 02:03:04.179 20547 20609 I bt_att  : allocated gatt_if=6

01-03 02:03:04.179 20547 20609 D bt_btif : btif_transfer_context event 0, len 676

01-03 02:03:04.179 20547 20609 I bt_btif : BTA got event 0x1f16

01-03 02:03:04.179 20547 20609 I bt_att  : GATT_StartIf gatt_if=6

01-03 02:03:04.179 20547 20609 D bt_att  : gatt_find_the_connected_bda start_idx=0

01-03 02:03:04.179 20547 20609 D bt_att  : gatt_find_the_connected_bda found=0 found_idx=16

01-03 02:03:04.180 20547 20580 D bt_btif : btif task fetched event a001

01-03 02:03:04.180 20547 20580 D bt_btif : btif_context_switched

01-03 02:03:04.180 20547 20580 I bt_btif : HAL bt_gatt_callbacks->client->register_client_cb

01-03 02:03:04.180 20547 20580 D BtGatt.GattService: onClientRegistered() - UUID=8289d209-5d48-4620-b147-a862d1794f5d, clientIf=6

01-03 02:03:04.181 20466 20477 D BluetoothLeScanner: onClientRegistered() - status=0 clientIf=6

01-03 02:03:04.181 20547 20559 D BtGatt.GattService: start scan with filters

01-04 21:56:13.700 20479 20479 W Thread-487: type=1400 audit(0.0:780): avc: granted { unlink } for name="NotifyDUT.txt" dev="mmcblk0p37" ino=169 scontext=u:r:system_app:s0 tcontext=u:object_r:system_data_file:s0 tclass=file

01-03 02:03:04.186 20547 20585 D BtGatt.ScanManager: handling starting scan

01-03 02:03:04.191 20547 20585 D bt_btif : btif_gattc_scan_filter_enable, 1

01-03 02:03:04.191 20547 20585 D bt_btif : btif_transfer_context event 1029, len 1272

01-03 02:03:04.192 20547 20580 D bt_btif : btif task fetched event a001

01-03 02:03:04.192 20547 20580 D bt_btif : btif_context_switched

01-03 02:03:04.192 20547 20580 I bt_btif : BTA_DmEnableScanFilter: 1

01-03 02:03:04.193 20547 20609 I bt_btif : BTA got event 0x124

01-03 02:03:04.193 20547 20609 I bt_btif : bta_dm_sm_execute event:0x24

01-03 02:03:04.193 20547 20609 D bt_btif : bta_dm_enable_scan_filter

01-03 02:03:04.193 20547 20609 D bt_btm  : BTM_BleGetVendorCapabilities

01-03 02:03:04.193 20547 20609 D bt_btm  : BTM_BleGetVendorCapabilities

01-03 02:03:04.193 20547 20609 I bt_btm  : BTM: BTM_VendorSpecificCommand: Opcode: 0xFD57, ParamLen: 2.

01-03 02:03:04.193 20547 20609 D bt_btm  : btm_ble_advfilt_enq_op_q: act_ocf:1, action:1, ocf:0,cb_evt;1, cback:0

01-03 02:03:04.193 20601 20602 I WCNSS_FILTER: ibs_msm_serial_clock_vote: vote UART CLK ON using UART driver's ioctl()

01-03 02:03:04.199 20601 20602 I WCNSS_FILTER: do_write: IBS write: fd

01-03 02:03:04.204 20601 20602 I WCNSS_FILTER: is_force_hcidump_enabled: property_get: wc_transport.force_hcidump: 0

01-03 02:03:04.205 20601 20602 I WCNSS_FILTER: Direction(0): bytes: 6 : bytes_written: 6

01-03 02:03:04.207 20601 20601 I WCNSS_FILTER: do_write: IBS write: fc

01-03 02:03:04.208 20547 20586 E bt_osi_alarm: reschedule_root_alarm alarm expiration too close for posix timers, switching to guns

01-03 02:03:04.208 20601 20601 I WCNSS_FILTER: is_force_hcidump_enabled: property_get: wc_transport.force_hcidump: 0

01-03 02:03:04.208 20601 20601 I WCNSS_FILTER: Direction(1): bytes: 9 : bytes_written: 9

01-03 02:03:04.209 20547 20609 D bt_btm  : btm_ble_advfilt_deq_op_q: ocf:0, action:1, ref_value:6, cb_evt:1

01-03 02:03:04.209 20547 20609 D bt_btif : btif_transfer_context event 33, len 1272

01-03 02:03:04.209 20547 20609 D bt_btm  : btm_ble_scan_pf_cmpl_cback enabled/disabled, 0, 1, 0, 6

01-03 02:03:04.209 20547 20580 D bt_btif : btif task fetched event a001

01-03 02:03:04.209 20547 20580 D bt_btif : btif_context_switched

01-03 02:03:04.209 20547 20580 D bt_btif : BTA_GATTC_SCAN_FLT_STATUS_EVT: 6, 1, 0

01-03 02:03:04.209 20547 20580 I bt_btif : HAL bt_gatt_callbacks->client->scan_filter_status_cb

01-03 02:03:04.209 20547 20580 D BtGatt.GattService: onScanFilterEnableDisabled() - clientIf=6, status=0, action=1

01-03 02:03:04.209 20547 20580 D BtGatt.ScanManager: callback done for clientIf - 6 status - 0

01-03 02:03:04.210 20547 20585 D BtGatt.ScanManager: configureFilterParamter 500 10000 1 0

01-03 02:03:04.210 20547 20585 D bt_btif : btif_gattc_scan_filter_param_setup

01-03 02:03:04.210 20547 20585 D bt_btif : btif_transfer_context event 1026, len 1272

01-03 02:03:04.211 20547 20580 D bt_btif : btif task fetched event a001

01-03 02:03:04.211 20547 20580 D bt_btif : btif_context_switched

01-03 02:03:04.211 20547 20580 I bt_btif : BTA_DmBleScanFilterSetup: 0

01-03 02:03:04.212 20547 20609 I bt_btif : BTA got event 0x123

01-03 02:03:04.212 20547 20609 I bt_btif : bta_dm_sm_execute event:0x23

01-03 02:03:04.212 20547 20609 D bt_btif : bta_dm_scan_filter_param_setup

01-03 02:03:04.212 20547 20609 D bt_btm  : BTM_BleGetVendorCapabilities

01-03 02:03:04.212 20547 20609 D bt_btm  : BTM_BleGetVendorCapabilities

01-03 02:03:04.212 20547 20609 I bt_btm  :  BTM_BleAdvFilterParamSetup

01-03 02:03:04.212 20547 20609 D bt_btm  : BTM_BleAdvFilterParamSetup : Feat mask:0

01-03 02:03:04.212 20547 20609 I bt_btm  : BTM: BTM_VendorSpecificCommand: Opcode: 0xFD57, ParamLen: 18.

01-03 02:03:04.212 20547 20609 D bt_btm  : btm_ble_advfilt_enq_op_q: act_ocf:16, action:0, ocf:1,cb_evt;3, cback:0

01-03 02:03:04.230 20601 20602 I WCNSS_FILTER: is_force_hcidump_enabled: property_get: wc_transport.force_hcidump: 0

01-03 02:03:04.230 20601 20602 I WCNSS_FILTER: Direction(0): bytes: 22 : bytes_written: 22

01-03 02:03:04.232 20601 20601 I WCNSS_FILTER: is_force_hcidump_enabled: property_get: wc_transport.force_hcidump: 0

01-03 02:03:04.233 20601 20601 I WCNSS_FILTER: Direction(1): bytes: 10 : bytes_written: 10

01-03 02:03:04.240 20547 20586 E bt_osi_alarm: reschedule_root_alarm alarm expiration too close for posix timers, switching to guns

01-03 02:03:04.240 20547 20609 D bt_btm  : btm_ble_advfilt_deq_op_q: ocf:1, action:0, ref_value:6, cb_evt:3

01-03 02:03:04.240 20547 20609 D bt_btm  : btm_ble_scan_pf_cmpl_cback-Feat sel event: 0, 0, 6, 15

01-03 02:03:04.240 20547 20609 D bt_btif : btif_transfer_context event 32, len 1272

01-03 02:03:04.241 20547 20580 D bt_btif : btif task fetched event a001

01-03 02:03:04.241 20547 20580 D bt_btif : btif_context_switched

01-03 02:03:04.241 20547 20580 D bt_btif : BTA_GATTC_SCAN_FLT_PARAM_EVT: 6, 0, 15, 0

01-03 02:03:04.241 20547 20580 I bt_btif : HAL bt_gatt_callbacks->client->scan_filter_param_cb

01-03 02:03:04.241 20547 20580 D BtGatt.GattService: onScanFilterParamsConfigured() - clientIf=6, status=0, action=0, availableSpace=15

01-03 02:03:04.241 20547 20580 D BtGatt.ScanManager: callback done for clientIf - 6 status - 0

01-03 02:03:04.242 20547 20585 D bt_btif : btif_transfer_context event 1002, len 740

01-03 02:03:04.243 20547 20580 D bt_btif : btif task fetched event a001

01-03 02:03:04.243 20547 20585 D BtGatt.ScanManager: configureRegularScanParams() - queue=1

01-03 02:03:04.243 20547 20580 D bt_btif : btif_context_switched

01-03 02:03:04.243 20547 20580 I bt_btif : BTA_DmBleObserve:start = 1 

01-03 02:03:04.243 20547 20585 D BtGatt.ScanManager: configureRegularScanParams() - ScanSetting Scan mode=2 mLastConfiguredScanSetting=-2147483648

01-03 02:03:04.243 20547 20585 D bt_btif : btif_transfer_context event 1003, len 740

01-03 02:03:04.243 20547 20609 I bt_btif : BTA got event 0x11a

01-03 02:03:04.243 20547 20609 I bt_btif : bta_dm_sm_execute event:0x1a

01-03 02:03:04.243 20547 20609 I bt_btm  : BTM_BleObserve : scan_type:0, 0, 0

01-03 02:03:04.243 20547 20585 D BtGatt.ScanManager: configureRegularScanParams - scanInterval = 8000configureRegularScanParams - scanWindow = 8000

01-03 02:03:04.243 20547 20585 D bt_btif : btif_transfer_context event 1030, len 740

01-03 02:03:04.243 20547 20580 D bt_btif : btif task fetched event a001

01-03 02:03:04.243 20547 20580 D bt_btif : btif_context_switched

01-03 02:03:04.243 20547 20580 I bt_btif : BTA_DmBleObserve:start = 0 

01-03 02:03:04.243 20547 20585 D bt_btif : btif_transfer_context event 1002, len 740

01-03 02:03:04.244 20547 20609 I bt_btif : BTA got event 0x11a

01-03 02:03:04.244 20547 20609 I bt_btif : bta_dm_sm_execute event:0x1a

01-03 02:03:04.244 20547 20609 I bt_btm  : BTM_BleObserve : scan_type:0, 0, 0

01-03 02:03:04.244 20547 20609 I bt_btm  : btm_ble_stop_scan 

01-03 02:03:04.244 20547 20609 I bt_btm  : btm_update_scanner_filter_policy

01-03 02:03:04.244 20547 20609 D bt_btm  : btm_ble_send_extended_scan_params, 18, 18

01-03 02:03:04.244 20547 20580 D bt_btif : BTM: BTM_VendorSpecificComma

01-03 02:03:04.244 20547 20609 I bt_btm  : btif_context_switched

01-03 02:03:04.244 20547 20580 D bt_btif : btif_context_switched

01-03 02:03:04.244 20547 20580 D bt_btif : btif task fetched event a001

01-03 02:03:04.244 20547 20580 D bt_btif : btif_context_switched

01-03 02:03:04.244 20547 20580 I bt_btif : BTA_DmBleObserve:start = 1 

01-03 02:03:04.245 20547 20609 D bt_btif : bta_dm_observe_cmpl_cb

01-03 02:03:04.245 20547 20609 I bt_btif : BTA got event 0x119

01-03 02:03:04.245 20547 20609 I bt_btif : bta_dm_sm_execute event:0x19

01-03 02:03:04.245 20547 20609 E bt_btm  : Illegal Connection Scan Parameters

01-03 02:03:04.245 20547 20609 I bt_btif : BTA got event 0x11a

01-03 02:03:04.245 20547 20609 I bt_btif : bta_dm_sm_execute event:0x1a

01-03 02:03:04.245 20547 20609 I bt_btm  : BTM_BleObserve : scan_type:0, 0, 0

01-03 02:03:04.255 20601 20602 I WCNSS_FILTER: is_force_hcidump_enabled: property_get: wc_transport.force_hcidump: 0

01-03 02:03:04.255 20601 20602 I WCNSS_FILTER: Direction(0): bytes: 11 : bytes_written: 11

01-03 02:03:04.258 20601 20601 I WCNSS_FILTER: is_force_hcidump_enabled: property_get: wc_transport.force_hcidump: 0

01-03 02:03:04.258 20601 20601 I WCNSS_FILTER: Direction(1): bytes: 7 : bytes_written: 7

01-03 02:03:04.264 20547 20586 E bt_osi_alarm: reschedule_root_alarm alarm expiration too close for posix timers, switching to guns

01-03 02:03:04.280 20601 20602 I WCNSS_FILTER: is_force_hcidump_enabled: property_get: wc_transport.force_hcidump: 0

01-03 02:03:04.280 20601 20602 I WCNSS_FILTER: Direction(0): bytes: 6 : bytes_written: 6

01-03 02:03:04.282 20601 20601 I WCNSS_FILTER: is_force_hcidump_enabled: property_get: wc_transport.force_hcidump: 0

01-03 02:03:04.282 20601 20601 I WCNSS_FILTER: Direction(1): bytes: 7 : bytes_written: 7

01-03 02:03:04.293 20601 20601 I WCNSS_FILTER: is_force_hcidump_enabled: property_get: wc_transport.force_hcidump: 0

01-03 02:03:04.293 20601 20601 I WCNSS_FILTER: Direction(1): bytes: 41 : bytes_written: 41

01-03 02:03:04.293 20601 20601 I WCNSS_FILTER: is_force_hcidump_enabled: property_get: wc_transport.force_hcidump: 0

01-03 02:03:04.293 20601 20601 I WCNSS_FILTER: Direction(1): bytes: 15 : bytes_written: 15

01-03 02:03:04.297 20547 20586 E bt_osi_alarm: reschedule_root_alarm alarm expiration too close for posix timers, switching to guns

01-03 02:03:04.319 20601 20602 I WCNSS_FILTER: is_force_hcidump_enabled: property_get: wc_transport.force_hcidump: 0

01-03 02:03:04.320 20601 20602 I WCNSS_FILTER: Direction(0): bytes: 6 : bytes_written: 6

01-03 02:03:04.321 20601 20601 I WCNSS_FILTER: is_force_hcidump_enabled: property_get: wc_transport.force_hcidump: 0

01-03 02:03:04.321 20601 20601 I WCNSS_FILTER: Direction(1): bytes: 7 : bytes_written: 7

01-03 02:03:04.326 20547 20609 I bt_hci  : BLE HCI(id=62) event = 0x02)

01-03 02:03:04.326 20547 20609 I bt_hci  : btu_ble_process_adv_pkt

01-03 02:03:04.326 20547 20609 I bt_btm  : btm_identity_addr_to_random_pseudo

01-03 02:03:04.326 20547 20609 D bt_btm  : btm_ble_process_adv_pkt:bda= 76:9:f2:39:35:fe

01-03 02:03:04.326 20547 20609 I bt_btm  : btm_ble_resolve_random_addr

01-03 02:03:04.326 20547 20609 I bt_btm  : btm_ble_match_random_bda rec_index = 0

01-03 02:03:04.326 20547 20609 D bt_btm  : sec_flags = 00 device_type = 0

01-03 02:03:04.326 20547 20609 I bt_btm  : btm_ble_match_random_bda rec_index = 1

01-03 02:03:04.326 20547 20609 D bt_btm  : sec_flags = 00 device_type = 0

01-03 02:03:04.326 20547 20609 I bt_btm  : btm_ble_match_random_bda rec_index = 2

01-03 02:03:04.326 20547 20609 D bt_btm  : sec_flags = 00 device_type = 0

01-03 02:03:04.326 20547 20609 I bt_btm  : btm_ble_match_random_bda rec_index = 3

01-03 02:03:04.326 20547 20609 D bt_btm  : sec_flags = 00 device_type = 0

01-03 02:03:04.326 20547 20609 I bt_btm  : btm_ble_match_random_bda rec_index = 4

01-03 02:03:04.326 20547 20609 D bt_btm  : sec_flags = 00 device_type = 0

01-03 02:03:04.326 20547 20609 I bt_btm  : btm_ble_match_random_bda rec_index = 5

01-03 02:03:04.326 20547 20609 D bt_btm  : sec_flags = 00 device_type = 0

01-03 02:03:04.327 20547 20609 I bt_btm  : btm_ble_match_random_bda rec_index = 6

01-03 02:03:04.327 20547 20609 D bt_btm  : sec_flags = 00 device_type = 0

01-03 02:03:04.327 20547 20609 I bt_btm  : btm_ble_match_random_bda rec_index = 7

01-03 02:03:04.327 20547 20609 D bt_btm  : sec_flags = 00 device_type = 0

01-03 02:03:04.327 20547 20609 I bt_btm  : btm_ble_match_random_bda rec_index = 8

01-03 02:03:04.327 20547 20609 D bt_btm  : sec_flags = 00 device_type = 0

01-03 02:03:04.327 20547 20609 I bt_btm  : btm_ble_match_random_bda rec_index = 9

01-03 02:03:04.327 20547 20609 D bt_btm  : sec_flags = 00 device_type = 0

01-03 02:03:04.327 20547 20609 I bt_btm  : btm_ble_match_random_bda rec_index = 10

01-03 02:03:04.327 20547 20609 D bt_btm  : sec_flags = 00 device_type = 0

01-03 02:03:04.327 20547 20609 I bt_btm  : btm_ble_match_random_bda rec_index = 11

01-03 02:03:04.327 20547 20609 D bt_btm  : sec_flags = 00 device_type = 0

01-03 02:03:04.327 20547 20609 I bt_btm  : btm_ble_match_random_bda rec_index = 12

01-03 02:03:04.327 20547 20609 D bt_btm  : sec_flags = 00 device_type = 0

01-03 02:03:04.327 20547 20609 I bt_btm  : btm_ble_match_random_bda rec_index = 13

01-03 02:03:04.327 20547 20609 D bt_btm  : sec_flags = 00 device_type = 0

01-03 02:03:04.327 20547 20609 I bt_btm  : btm_ble_match_random_bda rec_index = 14

01-03 02:03:04.327 20547 20609 D bt_btm  : sec_flags = 00 device_type = 0

01-03 02:03:04.327 20547 20609 I bt_btm  : btm_ble_match_random_bda rec_index = 15

01-03 02:03:04.327 20547 20609 D bt_btm  : sec_flags = 00 device_type = 0

01-03 02:03:04.327 20547 20609 I bt_btm  : btm_ble_match_random_bda rec_index = 16

01-03 02:03:04.327 20547 20609 D bt_btm  : sec_flags = 00 device_type = 0

01-03 02:03:04.327 20547 20609 I bt_btm  : btm_ble_match_random_bda rec_index = 17

01-03 02:03:04.327 20547 20609 D bt_btm  : sec_flags = 00 device_type = 0

01-03 02:03:04.327 20547 20609 I bt_btm  : btm_ble_match_random_bda rec_index = 18

01-03 02:03:04.327 20547 20609 D bt_btm  : sec_flags = 00 device_type = 0

01-03 02:03:04.327 20547 20609 I bt_btm  : btm_ble_match_random_bda rec_index = 19

01-03 02:03:04.327 20547 20609 D bt_btm  : sec_flags = 00 device_type = 0

01-03 02:03:04.327 20547 20609 I bt_btm  : btm_ble_match_random_bda rec_index = 20

01-03 02:03:04.327 20547 20609 D bt_btm  : sec_flags = 00 device_type = 0

01-03 02:03:04.327 20547 20609 I bt_btm  : btm_ble_match_random_bda rec_index = 21

01-03 02:03:04.327 20547 20609 D bt_btm  : sec_flags = 00 device_type = 0

01-03 02:03:04.327 20547 20609 I bt_btm  : btm_ble_match_random_bda rec_index = 22

01-03 02:03:04.327 20547 20609 D bt_btm  : sec_flags = 00 device_type = 0

01-03 02:03:04.327 20547 20609 I bt_btm  : btm_ble_match_random_bda rec_index = 23

01-03 02:03:04.327 20547 20609 D bt_btm  : sec_flags = 00 device_type = 0

01-03 02:03:04.327 20547 20609 I bt_btm  : btm_ble_match_random_bda rec_index = 24

01-03 02:03:04.327 20547 20609 D bt_btm  : sec_flags = 00 device_type = 0

01-03 02:03:04.327 20547 20609 I bt_btm  : btm_ble_match_random_bda rec_index = 25

01-03 02:03:04.327 20547 20609 D bt_btm  : sec_flags = 00 device_type = 0

01-03 02:03:04.327 20547 20609 I bt_btm  : btm_ble_match_random_bda rec_index = 26

01-03 02:03:04.327 20547 20609 D bt_btm  : sec_flags = 00 device_type = 0

01-03 02:03:04.327 20547 20609 I bt_btm  : btm_ble_match_random_bda rec_index = 27

01-03 02:03:04.327 20547 20609 D bt_btm  : sec_flags = 00 device_type = 0

01-03 02:03:04.327 20547 20609 I bt_btm  : btm_ble_match_random_bda rec_index = 28

01-03 02:03:04.327 20547 20609 D bt_btm  : sec_flags = 00 device_type = 0

01-03 02:03:04.327 20547 20609 I bt_btm  : btm_ble_match_random_bda rec_index = 29

01-03 02:03:04.327 20547 20609 D bt_btm  : sec_flags = 00 device_type = 0

01-03 02:03:04.327 20547 20609 I bt_btm  : btm_ble_match_random_bda rec_index = 30

01-03 02:03:04.327 20547 20609 D bt_btm  : sec_flags = 00 device_type = 0

01-03 02:03:04.327 20547 20609 I bt_btm  : btm_ble_match_random_bda rec_index = 31

01-03 02:03:04.327 20547 20609 D bt_btm  : sec_flags = 00 device_type = 0

01-03 02:03:04.327 20547 20609 I bt_btm  : btm_ble_match_random_bda rec_index = 32

01-03 02:03:04.328 20547 20609 D bt_btm  : sec_flags = 00 device_type = 0

01-03 02:03:04.328 20547 20609 I bt_btm  : btm_ble_match_random_bda rec_index = 33

01-03 02:03:04.328 20547 20609 D bt_btm  : sec_flags = 00 device_type = 0

01-03 02:03:04.328 20547 20609 I bt_btm  : btm_ble_match_random_bda rec_index = 34

01-03 02:03:04.328 20547 20609 D bt_btm  : sec_flags = 00 device_type = 0

01-03 02:03:04.328 20547 20609 I bt_btm  : btm_ble_match_random_bda rec_index = 35

01-03 02:03:04.328 20547 20609 D bt_btm  : sec_flags = 00 device_type = 0

01-03 02:03:04.328 20547 20609 I bt_btm  : btm_ble_match_random_bda rec_index = 36

01-03 02:03:04.328 20547 20609 D bt_btm  : sec_flags = 00 device_type = 0

01-03 02:03:04.328 20547 20609 I bt_btm  : btm_ble_match_random_bda rec_index = 37

01-03 02:03:04.328 20547 20609 D bt_btm  : sec_flags = 00 device_type = 0

01-03 02:03:04.328 20547 20609 I bt_btm  : btm_ble_match_random_bda rec_index = 38

01-03 02:03:04.328 20547 20609 D bt_btm  : sec_flags = 00 device_type = 0

01-03 02:03:04.328 20547 20609 I bt_btm  : btm_ble_match_random_bda rec_index = 39

01-03 02:03:04.328 20547 20609 D bt_btm  : sec_flags = 00 device_type = 0

01-03 02:03:04.328 20547 20609 I bt_btm  : btm_ble_match_random_bda rec_index = 40

01-03 02:03:04.328 20547 20609 D bt_btm  : sec_flags = 00 device_type = 0

01-03 02:03:04.328 20547 20609 I bt_btm  : btm_ble_match_random_bda rec_index = 41

01-03 02:03:04.328 20547 20609 D bt_btm  : sec_flags = 00 device_type = 0

01-03 02:03:04.328 20547 20609 I bt_btm  : btm_ble_match_random_bda rec_index = 42

01-03 02:03:04.328 20547 20609 D bt_btm  : sec_flags = 00 device_type = 0

01-03 02:03:04.328 20547 20609 I bt_btm  : btm_ble_match_random_bda rec_index = 43

01-03 02:03:04.328 20547 20609 D bt_btm  : sec_flags = 00 device_type = 0

01-03 02:03:04.328 20547 20609 I bt_btm  : btm_ble_match_random_bda rec_index = 44

01-03 02:03:04.328 20547 20609 D bt_btm  : sec_flags = 00 device_type = 0

01-03 02:03:04.328 20547 20609 I bt_btm  : btm_ble_match_random_bda rec_index = 45

01-03 02:03:04.328 20547 20609 D bt_btm  : sec_flags = 00 device_type = 0

01-03 02:03:04.328 20547 20609 I bt_btm  : btm_ble_match_random_bda rec_index = 46

01-03 02:03:04.328 20547 20609 D bt_btm  : sec_flags = 00 device_type = 0

01-03 02:03:04.328 20547 20609 I bt_btm  : btm_ble_match_random_bda rec_index = 47

01-03 02:03:04.328 20547 20609 D bt_btm  : sec_flags = 00 device_type = 0

01-03 02:03:04.328 20547 20609 I bt_btm  : btm_ble_match_random_bda rec_index = 48

01-03 02:03:04.328 20547 20609 D bt_btm  : sec_flags = 00 device_type = 0

01-03 02:03:04.328 20547 20609 I bt_btm  : btm_ble_match_random_bda rec_index = 49

01-03 02:03:04.328 20547 20609 D bt_btm  : sec_flags = 00 device_type = 0

01-03 02:03:04.328 20547 20609 I bt_btm  : btm_ble_match_random_bda rec_index = 50

01-03 02:03:04.328 20547 20609 D bt_btm  : sec_flags = 00 device_type = 0

01-03 02:03:04.328 20547 20609 I bt_btm  : btm_ble_match_random_bda rec_index = 51

01-03 02:03:04.328 20547 20609 D bt_btm  : sec_flags = 00 device_type = 0

01-03 02:03:04.328 20547 20609 I bt_btm  : btm_ble_match_random_bda rec_index = 52

01-03 02:03:04.328 20547 20609 D bt_btm  : sec_flags = 00 device_type = 0

01-03 02:03:04.328 20547 20609 I bt_btm  : btm_ble_match_random_bda rec_index = 53

01-03 02:03:04.328 20547 20609 D bt_btm  : sec_flags = 00 device_type = 0

01-03 02:03:04.328 20547 20609 I bt_btm  : btm_ble_match_random_bda rec_index = 54

01-03 02:03:04.328 20547 20609 D bt_btm  : sec_flags = 00 device_type = 0

01-03 02:03:04.328 20547 20609 I bt_btm  : btm_ble_match_random_bda rec_index = 55

01-03 02:03:04.328 20547 20609 D bt_btm  : sec_flags = 00 device_type = 0

01-03 02:03:04.328 20547 20609 I bt_btm  : btm_ble_match_random_bda rec_index = 56

01-03 02:03:04.328 20547 20609 D bt_btm  : sec_flags = 00 device_type = 0

01-03 02:03:04.328 20547 20609 I bt_btm  : btm_ble_match_random_bda rec_index = 57

01-03 02:03:04.328 20547 20609 D bt_btm  : sec_flags = 00 device_type = 0

01-03 02:03:04.328 20547 20609 I bt_btm  : btm_ble_match_random_bda rec_index = 58

01-03 02:03:04.328 20547 20609 D bt_btm  : sec_flags = 00 device_type = 0

01-03 02:03:04.328 20547 20609 I bt_btm  : btm_ble_match_random_bda rec_index = 59

01-03 02:03:04.329 20547 20609 D bt_btm  : sec_flags = 00 device_type = 0

01-03 02:03:04.329 20547 20609 I bt_btm  : btm_ble_match_random_bda rec_index = 60

01-03 02:03:04.329 20547 20609 D bt_btm  : sec_flags = 00 device_type = 0

01-03 02:03:04.329 20547 20609 I bt_btm  : btm_ble_match_random_bda rec_index = 61

01-03 02:03:04.329 20547 20609 D bt_btm  : sec_flags = 00 device_type = 0

01-03 02:03:04.330 20601 20602 I WCNSS_FILTER: is_force_hcidump_enabled: property_get: wc_transport.force_hcidump: 0

01-03 02:03:04.330 20547 20609 I bt_btm  : btm_ble_match_random_bda rec_index = 62

01-03 02:03:04.330 20601 20602 I WCNSS_FILTER: Direction(0): bytes: 15 : bytes_written: 15

01-03 02:03:04.330 20547 20609 D bt_btm  : sec_flags = 00 device_type = 0

01-03 02:03:04.330 20547 20609 I bt_btm  : btm_ble_match_random_bda rec_index = 63

01-03 02:03:04.330 20547 20609 D bt_btm  : sec_flags = 00 device_type = 0

01-03 02:03:04.330 20547 20609 I bt_btm  : btm_ble_match_random_bda rec_index = 64

01-03 02:03:04.330 20547 20609 D bt_btm  : sec_flags = 00 device_type = 0

01-03 02:03:04.330 20547 20609 I bt_btm  : btm_ble_match_random_bda rec_index = 65

01-03 02:03:04.330 20547 20609 D bt_btm  : sec_flags = 00 device_type = 0

01-03 02:03:04.330 20547 20609 I bt_btm  : btm_ble_match_random_bda rec_index = 66

01-03 02:03:04.330 20547 20609 D bt_btm  : sec_flags = 00 device_type = 0

01-03 02:03:04.331 20601 20601 I WCNSS_FILTER: is_force_hcidump_enabled: property_get: wc_transport.force_hcidump: 0

01-03 02:03:04.331 20601 20601 I WCNSS_FILTER: Direction(1): bytes: 7 : bytes_written: 7

01-03 02:03:04.331 20601 20601 I WCNSS_FILTER: is_force_hcidump_enabled: property_get: wc_transport.force_hcidump: 0

01-03 02:03:04.331 20601 20601 I WCNSS_FILTER: Direction(1): bytes: 7 : bytes_written: 7

01-03 02:03:04.330 20547 20609 I bt_btm  : btm_ble_match_random_bda rec_index = 67

01-03 02:03:04.331 20547 20609 D bt_btm  : sec_flags = 00 device_type = 0

01-03 02:03:04.331 20547 20609 I bt_btm  : btm_ble_match_random_bda rec_index = 68

01-03 02:03:04.331 20547 20609 D bt_btm  : sec_flags = 00 device_type = 0

01-03 02:03:04.331 20547 20609 I bt_btm  : btm_ble_match_random_bda rec_index = 69

01-03 02:03:04.331 20547 20609 D bt_btm  : sec_flags = 00 device_type = 0

01-03 02:03:04.331 20547 20609 I bt_btm  : btm_ble_match_random_bda rec_index = 70

01-03 02:03:04.331 20547 20609 D bt_btm  : sec_flags = 00 device_type = 0

01-03 02:03:04.331 20547 20609 I bt_btm  : btm_ble_match_random_bda rec_index = 71

01-03 02:03:04.331 20547 20609 D bt_btm  : sec_flags = 00 device_type = 0

01-03 02:03:04.331 20547 20609 I bt_btm  : btm_ble_match_random_bda rec_index = 72

01-03 02:03:04.332 20547 20609 D bt_btm  : sec_flags = 00 device_type = 0

01-03 02:03:04.332 20547 20609 I bt_btm  : btm_ble_match_random_bda rec_index = 73

01-03 02:03:04.332 20547 20609 D bt_btm  : sec_flags = 00 device_type = 0

01-03 02:03:04.332 20547 20609 I bt_btm  : btm_ble_match_random_bda rec_index = 74

01-03 02:03:04.332 20547 20609 D bt_btm  : sec_flags = 00 device_type = 0

01-03 02:03:04.332 20547 20609 I bt_btm  : btm_ble_match_random_bda rec_index = 75

01-03 02:03:04.332 20547 20609 D bt_btm  : sec_flags = 00 device_type = 0

01-03 02:03:04.332 20547 20609 I bt_btm  : btm_ble_match_random_bda rec_index = 76

01-03 02:03:04.332 20547 20609 D bt_btm  : sec_flags = 00 device_type = 0

01-03 02:03:04.332 20547 20609 I bt_btm  : btm_ble_match_random_bda rec_index = 77

01-03 02:03:04.332 20547 20609 D bt_btm  : sec_flags = 00 device_type = 0

01-03 02:03:04.332 20547 20609 I bt_btm  : btm_ble_match_random_bda rec_index = 78

01-03 02:03:04.332 20547 20609 D bt_btm  : sec_flags = 00 device_type = 0

01-03 02:03:04.332 20547 20609 I bt_btm  : btm_ble_match_random_bda rec_index = 79

01-03 02:03:04.332 20547 20609 D bt_btm  : sec_flags = 00 device_type = 0

01-03 02:03:04.332 20547 20609 I bt_btm  : btm_ble_match_random_bda rec_index = 80

01-03 02:03:04.332 20547 20609 D bt_btm  : sec_flags = 00 device_type = 0

01-03 02:03:04.332 20547 20609 I bt_btm  : btm_ble_match_random_bda rec_index = 81

01-03 02:03:04.332 20547 20609 D bt_btm  : sec_flags = 00 device_type = 0

01-03 02:03:04.332 20547 20609 I bt_btm  : btm_ble_match_random_bda rec_index = 82

01-03 02:03:04.332 20547 20609 D bt_btm  : sec_flags = 00 device_type = 0

01-03 02:03:04.332 20547 20609 I bt_btm  : btm_ble_match_random_bda rec_index = 83

01-03 02:03:04.332 20547 20609 D bt_btm  : sec_flags = 00 device_type = 0

01-03 02:03:04.332 20547 20609 I bt_btm  : btm_ble_match_random_bda rec_index = 84

01-03 02:03:04.332 20547 20609 D bt_btm  : sec_flags = 00 device_type = 0

01-03 02:03:04.332 20547 20609 I bt_btm  : btm_ble_match_random_bda rec_index = 85

01-03 02:03:04.332 20547 20609 D bt_btm  : sec_flags = 00 device_type = 0

01-03 02:03:04.332 20547 20609 I bt_btm  : btm_ble_match_random_bda rec_index = 86

01-03 02:03:04.332 20547 20609 D bt_btm  : sec_flags = 00 device_type = 0

01-03 02:03:04.332 20547 20609 I bt_btm  : btm_ble_match_random_bda rec_index = 87

01-03 02:03:04.332 20547 20609 D bt_btm  : sec_flags = 00 device_type = 0

01-03 02:03:04.332 20547 20609 I bt_btm  : btm_ble_match_random_bda rec_index = 88

01-03 02:03:04.332 20547 20609 D bt_btm  : sec_flags = 00 device_type = 0

01-03 02:03:04.332 20547 20609 I bt_btm  : btm_ble_match_random_bda rec_index = 89

01-03 02:03:04.332 20547 20609 D bt_btm  : sec_flags = 00 device_type = 0

01-03 02:03:04.332 20547 20609 I bt_btm  : btm_ble_match_random_bda rec_index = 90

01-03 02:03:04.332 20547 20609 D bt_btm  : sec_flags = 00 device_type = 0

01-03 02:03:04.332 20547 20609 I bt_btm  : btm_ble_match_random_bda rec_index = 91

01-03 02:03:04.332 20547 20609 D bt_btm  : sec_flags = 00 device_type = 0

01-03 02:03:04.332 20547 20609 I bt_btm  : btm_ble_match_random_bda rec_index = 92

01-03 02:03:04.332 20547 20609 D bt_btm  : sec_flags = 00 device_type = 0

01-03 02:03:04.332 20547 20609 I bt_btm  : btm_ble_match_random_bda rec_index = 93

01-03 02:03:04.332 20547 20609 D bt_btm  : sec_flags = 00 device_type = 0

01-03 02:03:04.332 20547 20609 I bt_btm  : btm_ble_match_random_bda rec_index = 94

01-03 02:03:04.332 20547 20609 D bt_btm  : sec_flags = 00 device_type = 0

01-03 02:03:04.332 20547 20609 I bt_btm  : btm_ble_match_random_bda rec_index = 95

01-03 02:03:04.332 20547 20609 D bt_btm  : sec_flags = 00 device_type = 0

01-03 02:03:04.332 20547 20609 I bt_btm  : btm_ble_match_random_bda rec_index = 96

01-03 02:03:04.332 20547 20609 D bt_btm  : sec_flags = 00 device_type = 0

01-03 02:03:04.332 20547 20609 I bt_btm  : btm_ble_match_random_bda rec_index = 97

01-03 02:03:04.332 20547 20609 D bt_btm  : sec_flags = 00 device_type = 0

01-03 02:03:04.332 20547 20609 I bt_btm  : btm_ble_match_random_bda rec_index = 98

01-03 02:03:04.332 20547 20609 D bt_btm  : sec_flags = 00 device_type = 0

01-03 02:03:04.332 20547 20609 I bt_btm  : btm_ble_match_random_bda rec_index = 99

01-03 02:03:04.333 20547 20609 D bt_btm  : sec_flags = 00 device_type = 0

01-03 02:03:04.333 20547 20609 I bt_btm  : btm_ble_match_random_bda rec_index = 100

01-03 02:03:04.333 20547 20609 I bt_btm  : btm_ble_resolve_address_cmpl p_mgnt_cb->index = 100

01-03 02:03:04.333 20547 20609 I bt_btm  : btm_ble_resolve_random_addr_on_adv 

01-03 02:03:04.333 20547 20609 D bt_btm  : btm_ble_update_inq_result scan_rsp=false, to_report=false,                              scan_type_active=1

01-03 02:03:04.333 20547 20609 I bt_btm  : BTM_CheckAdvData type=0x01

01-03 02:03:04.333 20547 20609 I bt_btm  : BTM_CheckAdvData type=0x19

01-03 02:03:04.333 20547 20609 I bt_btm  : BTM_CheckAdvData type=0x03

01-03 02:03:04.333 20547 20609 D bt_btm  : Random address, treating device as LE only

01-03 02:03:04.333 20547 20609 I bt_hci  : BLE HCI(id=62) event = 0x02)

01-03 02:03:04.333 20547 20609 I bt_hci  : btu_ble_process_adv_pkt

01-03 02:03:04.333 20547 20609 I bt_btm  : btm_identity_addr_to_random_pseudo

01-03 02:03:04.333 20547 20609 D bt_btm  : btm_ble_process_adv_pkt:bda= 76:9:f2:39:35:fe

01-03 02:03:04.333 20547 20609 I bt_btm  : btm_ble_resolve_random_addr

01-03 02:03:04.333 20547 20609 I bt_btm  : btm_ble_match_random_bda rec_index = 0

01-03 02:03:04.333 20547 20609 D bt_btm  : sec_flags = 00 device_type = 0

01-03 02:03:04.333 20547 20609 I bt_btm  : btm_ble_match_random_bda rec_index = 1

01-03 02:03:04.333 20547 20609 D bt_btm  : sec_flags = 00 device_type = 0

01-03 02:03:04.333 20547 20609 I bt_btm  : btm_ble_match_random_bda rec_index = 2

01-03 02:03:04.333 20547 20609 D bt_btm  : sec_flags = 00 device_type = 0

01-03 02:03:04.333 20547 20609 I bt_btm  : btm_ble_match_random_bda rec_index = 3

01-03 02:03:04.333 20547 20609 D bt_btm  : sec_flags = 00 device_type = 0

01-03 02:03:04.333 20547 20609 I bt_btm  : btm_ble_match_random_bda rec_index = 4

01-03 02:03:04.333 20547 20609 D bt_btm  : sec_flags = 00 device_type = 0

01-03 02:03:04.333 20547 20609 I bt_btm  : btm_ble_match_random_bda rec_index = 5

01-03 02:03:04.333 20547 20609 D bt_btm  : sec_flags = 00 device_type = 0

01-03 02:03:04.333 20547 20609 I bt_btm  : btm_ble_match_random_bda rec_index = 6

01-03 02:03:04.333 20547 20609 D bt_btm  : sec_flags = 00 device_type = 0

01-03 02:03:04.333 20547 20609 I bt_btm  : btm_ble_match_random_bda rec_index = 7

01-03 02:03:04.333 20547 20609 D bt_btm  : sec_flags = 00 device_type = 0

01-03 02:03:04.333 20547 20609 I bt_btm  : btm_ble_match_random_bda rec_index = 8

01-03 02:03:04.333 20547 20609 D bt_btm  : sec_flags = 00 device_type = 0

01-03 02:03:04.333 20547 20609 I bt_btm  : btm_ble_match_random_bda rec_index = 9

01-03 02:03:04.333 20547 20609 D bt_btm  : sec_flags = 00 device_type = 0

01-03 02:03:04.333 20547 20609 I bt_btm  : btm_ble_match_random_bda rec_index = 10

01-03 02:03:04.333 20547 20609 D bt_btm  : sec_flags = 00 device_type = 0

01-03 02:03:04.333 20547 20609 I bt_btm  : btm_ble_match_random_bda rec_index = 11

01-03 02:03:04.333 20547 20609 D bt_btm  : sec_flags = 00 device_type = 0

01-03 02:03:04.334 20547 20609 I bt_btm  : btm_ble_match_random_bda rec_index = 12

01-03 02:03:04.334 20547 20609 D bt_btm  : sec_flags = 00 device_type = 0

01-03 02:03:04.334 20547 20609 I bt_btm  : btm_ble_match_random_bda rec_index = 13

01-03 02:03:04.334 20547 20609 D bt_btm  : sec_flags = 00 device_type = 0

01-03 02:03:04.334 20547 20609 I bt_btm  : btm_ble_match_random_bda rec_index = 14

01-03 02:03:04.334 20547 20609 D bt_btm  : sec_flags = 00 device_type = 0

01-03 02:03:04.334 20547 20609 I bt_btm  : btm_ble_match_random_bda rec_index = 15

01-03 02:03:04.334 20547 20609 D bt_btm  : sec_flags = 00 device_type = 0

01-03 02:03:04.334 20547 20609 I bt_btm  : btm_ble_match_random_bda rec_index = 16

01-03 02:03:04.334 20547 20609 D bt_btm  : sec_flags = 00 device_type = 0

01-03 02:03:04.334 20547 20609 I bt_btm  : btm_ble_match_random_bda rec_index = 17

01-03 02:03:04.334 20547 20609 D bt_btm  : sec_flags = 00 device_type = 0

01-03 02:03:04.334 20547 20609 I bt_btm  : btm_ble_match_random_bda rec_index = 18

01-03 02:03:04.334 20547 20609 D bt_btm  : sec_flags = 00 device_type = 0

01-03 02:03:04.334 20547 20609 I bt_btm  : btm_ble_match_random_bda rec_index = 19

01-03 02:03:04.334 20547 20609 D bt_btm  : sec_flags = 00 device_type = 0

01-03 02:03:04.334 20547 20609 I bt_btm  : btm_ble_match_random_bda rec_index = 20

01-03 02:03:04.334 20547 20609 D bt_btm  : sec_flags = 00 device_type = 0

01-03 02:03:04.334 20547 20609 I bt_btm  : btm_ble_match_random_bda rec_index = 21

01-03 02:03:04.334 20547 20609 D bt_btm  : sec_flags = 00 device_type = 0

01-03 02:03:04.334 20547 20609 I bt_btm  : btm_ble_match_random_bda rec_index = 22

01-03 02:03:04.334 20547 20609 D bt_btm  : sec_flags = 00 device_type = 0

01-03 02:03:04.334 20547 20609 I bt_btm  : btm_ble_match_random_bda rec_index = 23

01-03 02:03:04.334 20547 20609 D bt_btm  : sec_flags = 00 device_type = 0

01-03 02:03:04.334 20547 20609 I bt_btm  : btm_ble_match_random_bda rec_index = 24

01-03 02:03:04.334 20547 20609 D bt_btm  : sec_flags = 00 device_type = 0

01-03 02:03:04.334 20547 20609 I bt_btm  : btm_ble_match_random_bda rec_index = 25

01-03 02:03:04.334 20547 20609 D bt_btm  : sec_flags = 00 device_type = 0

01-03 02:03:04.334 20547 20609 I bt_btm  : btm_ble_match_random_bda rec_index = 26

01-03 02:03:04.334 20547 20609 D bt_btm  : sec_flags = 00 device_type = 0

01-03 02:03:04.334 20547 20609 I bt_btm  : btm_ble_match_random_bda rec_index = 27

01-03 02:03:04.334 20547 20609 D bt_btm  : sec_flags = 00 device_type = 0

01-03 02:03:04.335 20547 20609 I bt_btm  : btm_ble_match_random_bda rec_index = 28

01-03 02:03:04.335 20547 20609 D bt_btm  : sec_flags = 00 device_type = 0

01-03 02:03:04.335 20547 20609 I bt_btm  : btm_ble_match_random_bda rec_index = 29

01-03 02:03:04.335 20547 20609 D bt_btm  : sec_flags = 00 device_type = 0

01-03 02:03:04.335 20547 20609 I bt_btm  : btm_ble_match_random_bda rec_index = 30

01-03 02:03:04.335 20547 20609 D bt_btm  : sec_flags = 00 device_type = 0

01-03 02:03:04.335 20547 20609 I bt_btm  : btm_ble_match_random_bda rec_index = 31

01-03 02:03:04.335 20547 20609 D bt_btm  : sec_flags = 00 device_type = 0

01-03 02:03:04.335 20547 20609 I bt_btm  : btm_ble_match_random_bda rec_index = 32

01-03 02:03:04.335 20547 20609 D bt_btm  : sec_flags = 00 device_type = 0

01-03 02:03:04.335 20547 20609 I bt_btm  : btm_ble_match_random_bda rec_index = 33

01-03 02:03:04.335 20547 20609 D bt_btm  : sec_flags = 00 device_type = 0

01-03 02:03:04.335 20547 20609 I bt_btm  : btm_ble_match_random_bda rec_index = 34

01-03 02:03:04.335 20547 20609 D bt_btm  : sec_flags = 00 device_type = 0

01-03 02:03:04.335 20547 20609 I bt_btm  : btm_ble_match_random_bda rec_index = 35

01-03 02:03:04.335 20547 20609 D bt_btm  : sec_flags = 00 device_type = 0

01-03 02:03:04.335 20547 20609 I bt_btm  : btm_ble_match_random_bda rec_index = 36

01-03 02:03:04.335 20547 20609 D bt_btm  : sec_flags = 00 device_type = 0

01-03 02:03:04.335 20547 20609 I bt_btm  : btm_ble_match_random_bda rec_index = 37

01-03 02:03:04.335 20547 20609 D bt_btm  : sec_flags = 00 device_type = 0

01-03 02:03:04.335 20547 20609 I bt_btm  : btm_ble_match_random_bda rec_index = 38

01-03 02:03:04.335 20547 20609 D bt_btm  : sec_flags = 00 device_type = 0

01-03 02:03:04.335 20547 20609 I bt_btm  : btm_ble_match_random_bda rec_index = 39

01-03 02:03:04.335 20547 20609 D bt_btm  : sec_flags = 00 device_type = 0

01-03 02:03:04.335 20547 20609 I bt_btm  : btm_ble_match_random_bda rec_index = 40

01-03 02:03:04.335 20547 20609 D bt_btm  : sec_flags = 00 device_type = 0

01-03 02:03:04.335 20547 20609 I bt_btm  : btm_ble_match_random_bda rec_index = 41

01-03 02:03:04.335 20547 20609 D bt_btm  : sec_flags = 00 device_type = 0

01-03 02:03:04.335 20547 20609 I bt_btm  : btm_ble_match_random_bda rec_index = 42

01-03 02:03:04.335 20547 20609 D bt_btm  : sec_flags = 00 device_type = 0

01-03 02:03:04.335 20547 20609 I bt_btm  : btm_ble_match_random_bda rec_index = 43

01-03 02:03:04.335 20547 20609 D bt_btm  : sec_flags = 00 device_type = 0

01-03 02:03:04.335 20547 20609 I bt_btm  : btm_ble_match_random_bda rec_index = 44

01-03 02:03:04.335 20547 20609 D bt_btm  : sec_flags = 00 device_type = 0

01-03 02:03:04.335 20547 20609 I bt_btm  : btm_ble_match_random_bda rec_index = 45

01-03 02:03:04.335 20547 20609 D bt_btm  : sec_flags = 00 device_type = 0

01-03 02:03:04.335 20547 20609 I bt_btm  : btm_ble_match_random_bda rec_index = 46

01-03 02:03:04.335 20547 20609 D bt_btm  : sec_flags = 00 device_type = 0

01-03 02:03:04.335 20547 20609 I bt_btm  : btm_ble_match_random_bda rec_index = 47

01-03 02:03:04.335 20547 20609 D bt_btm  : sec_flags = 00 device_type = 0

01-03 02:03:04.335 20547 20609 I bt_btm  : btm_ble_match_random_bda rec_index = 48

01-03 02:03:04.335 20547 20609 D bt_btm  : sec_flags = 00 device_type = 0

01-03 02:03:04.335 20547 20609 I bt_btm  : btm_ble_match_random_bda rec_index = 49

01-03 02:03:04.335 20547 20609 D bt_btm  : sec_flags = 00 device_type = 0

01-03 02:03:04.335 20547 20609 I bt_btm  : btm_ble_match_random_bda rec_index = 50

01-03 02:03:04.335 20547 20609 D bt_btm  : sec_flags = 00 device_type = 0

01-03 02:03:04.335 20547 20609 I bt_btm  : btm_ble_match_random_bda rec_index = 51

01-03 02:03:04.335 20547 20609 D bt_btm  : sec_flags = 00 device_type = 0

01-03 02:03:04.335 20547 20609 I bt_btm  : btm_ble_match_random_bda rec_index = 52

01-03 02:03:04.336 20547 20609 D bt_btm  : sec_flags = 00 device_type = 0

01-03 02:03:04.336 20547 20609 I bt_btm  : btm_ble_match_random_bda rec_index = 53

01-03 02:03:04.336 20547 20609 D bt_btm  : sec_flags = 00 device_type = 0

01-03 02:03:04.336 20547 20609 I bt_btm  : btm_ble_match_random_bda rec_index = 54

01-03 02:03:04.336 20547 20609 D bt_btm  : sec_flags = 00 device_type = 0

01-03 02:03:04.336 20547 20609 I bt_btm  : btm_ble_match_random_bda rec_index = 55

01-03 02:03:04.336 20547 20609 D bt_btm  : sec_flags = 00 device_type = 0

01-03 02:03:04.336 20547 20609 I bt_btm  : btm_ble_match_random_bda rec_index = 56

01-03 02:03:04.336 20547 20609 D bt_btm  : sec_flags = 00 device_type = 0

01-03 02:03:04.336 20547 20609 I bt_btm  : btm_ble_match_random_bda rec_index = 57

01-03 02:03:04.336 20547 20609 D bt_btm  : sec_flags = 00 device_type = 0

01-03 02:03:04.336 20547 20609 I bt_btm  : btm_ble_match_random_bda rec_index = 58

01-03 02:03:04.336 20547 20609 D bt_btm  : sec_flags = 00 device_type = 0

01-03 02:03:04.336 20547 20609 I bt_btm  : btm_ble_match_random_bda rec_index = 59

01-03 02:03:04.336 20547 20609 D bt_btm  : sec_flags = 00 device_type = 0

01-03 02:03:04.336 20547 20609 I bt_btm  : btm_ble_match_random_bda rec_index = 60

01-03 02:03:04.336 20547 20609 D bt_btm  : sec_flags = 00 device_type = 0

01-03 02:03:04.336 20547 20609 I bt_btm  : btm_ble_match_random_bda rec_index = 61

01-03 02:03:04.336 20547 20609 D bt_btm  : sec_flags = 00 device_type = 0

01-03 02:03:04.337 20547 20609 I bt_btm  : btm_ble_match_random_bda rec_index = 62

01-03 02:03:04.337 20547 20609 D bt_btm  : sec_flags = 00 device_type = 0

01-03 02:03:04.337 20547 20609 I bt_btm  : btm_ble_match_random_bda rec_index = 63

01-03 02:03:04.337 20547 20609 D bt_btm  : sec_flags = 00 device_type = 0

01-03 02:03:04.337 20547 20609 I bt_btm  : btm_ble_match_random_bda rec_index = 64

01-03 02:03:04.337 20547 20609 D bt_btm  : sec_flags = 00 device_type = 0

01-03 02:03:04.337 20547 20609 I bt_btm  : btm_ble_match_random_bda rec_index = 65

01-03 02:03:04.337 20547 20609 D bt_btm  : sec_flags = 00 device_type = 0

01-03 02:03:04.337 20547 20609 I bt_btm  : btm_ble_match_random_bda rec_index = 66

01-03 02:03:04.337 20547 20609 D bt_btm  : sec_flags = 00 device_type = 0

01-03 02:03:04.337 20547 20609 I bt_btm  : btm_ble_match_random_bda rec_index = 67

01-03 02:03:04.337 20547 20609 D bt_btm  : sec_flags = 00 device_type = 0

01-03 02:03:04.337 20547 20609 I bt_btm  : btm_ble_match_random_bda rec_index = 68

01-03 02:03:04.337 20547 20609 D bt_btm  : sec_flags = 00 device_type = 0

01-03 02:03:04.337 20547 20609 I bt_btm  : btm_ble_match_random_bda rec_index = 69

01-03 02:03:04.337 20547 20609 D bt_btm  : sec_flags = 00 device_type = 0

01-03 02:03:04.337 20547 20609 I bt_btm  : btm_ble_match_random_bda rec_index = 70

01-03 02:03:04.338 20547 20609 D bt_btm  : sec_flags = 00 device_type = 0

01-03 02:03:04.338 20547 20609 I bt_btm  : btm_ble_match_random_bda rec_index = 71

01-03 02:03:04.338 20547 20609 D bt_btm  : sec_flags = 00 device_type = 0

01-03 02:03:04.338 20547 20609 I bt_btm  : btm_ble_match_random_bda rec_index = 72

01-03 02:03:04.338 20547 20609 D bt_btm  : sec_flags = 00 device_type = 0

01-03 02:03:04.338 20547 20609 I bt_btm  : btm_ble_match_random_bda rec_index = 73

01-03 02:03:04.338 20547 20609 D bt_btm  : sec_flags = 00 device_type = 0

01-03 02:03:04.338 20547 20609 I bt_btm  : btm_ble_match_random_bda rec_index = 74

01-03 02:03:04.338 20547 20609 D bt_btm  : sec_flags = 00 device_type = 0

01-03 02:03:04.338 20547 20609 I bt_btm  : btm_ble_match_random_bda rec_index = 75

01-03 02:03:04.339 20547 20609 D bt_btm  : sec_flags = 00 device_type = 0

01-03 02:03:04.339 20547 20609 I bt_btm  : btm_ble_match_random_bda rec_index = 76

01-03 02:03:04.339 20547 20609 D bt_btm  : sec_flags = 00 device_type = 0

01-03 02:03:04.339 20547 20609 I bt_btm  : btm_ble_match_random_bda rec_index = 77

01-03 02:03:04.339 20547 20609 D bt_btm  : sec_flags = 00 device_type = 0

01-03 02:03:04.339 20547 20609 I bt_btm  : btm_ble_match_random_bda rec_index = 78

01-03 02:03:04.339 20547 20609 D bt_btm  : sec_flags = 00 device_type = 0

01-03 02:03:04.339 20547 20609 I bt_btm  : btm_ble_match_random_bda rec_index = 79

01-03 02:03:04.339 20547 20609 D bt_btm  : sec_flags = 00 device_type = 0

01-03 02:03:04.340 20547 20609 I bt_btm  : btm_ble_match_random_bda rec_index = 80

01-03 02:03:04.340 20547 20609 D bt_btm  : sec_flags = 00 device_type = 0

01-03 02:03:04.340 20547 20609 I bt_btm  : btm_ble_match_random_bda rec_index = 81

01-03 02:03:04.340 20547 20609 D bt_btm  : sec_flags = 00 device_type = 0

01-03 02:03:04.340 20547 20609 I bt_btm  : btm_ble_match_random_bda rec_index = 82

01-03 02:03:04.340 20547 20609 D bt_btm  : sec_flags = 00 device_type = 0

01-03 02:03:04.340 20547 20609 I bt_btm  : btm_ble_match_random_bda rec_index = 83

01-03 02:03:04.340 20547 20609 D bt_btm  : sec_flags = 00 device_type = 0

01-03 02:03:04.340 20547 20609 I bt_btm  : btm_ble_match_random_bda rec_index = 84

01-03 02:03:04.340 20547 20609 D bt_btm  : sec_flags = 00 device_type = 0

01-03 02:03:04.340 20547 20609 I bt_btm  : btm_ble_match_random_bda rec_index = 85

01-03 02:03:04.340 20547 20609 D bt_btm  : sec_flags = 00 device_type = 0

01-03 02:03:04.340 20547 20609 I bt_btm  : btm_ble_match_random_bda rec_index = 86

01-03 02:03:04.340 20547 20609 D bt_btm  : sec_flags = 00 device_type = 0

01-03 02:03:04.340 20547 20609 I bt_btm  : btm_ble_match_random_bda rec_index = 87

01-03 02:03:04.340 20547 20609 D bt_btm  : sec_flags = 00 device_type = 0

01-03 02:03:04.340 20547 20609 I bt_btm  : btm_ble_match_random_bda rec_index = 88

01-03 02:03:04.341 20547 20609 D bt_btm  : sec_flags = 00 device_type = 0

01-03 02:03:04.343 20547 20609 I bt_btm  : btm_ble_match_random_bda rec_index = 89

01-03 02:03:04.343 20547 20609 D bt_btm  : sec_flags = 00 device_type = 0

01-03 02:03:04.344 20547 20609 I bt_btm  : btm_ble_match_random_bda rec_index = 90

01-03 02:03:04.344 20547 20609 D bt_btm  : sec_flags = 00 device_type = 0

01-03 02:03:04.344 20547 20609 I bt_btm  : btm_ble_match_random_bda rec_index = 91

01-03 02:03:04.344 20547 20609 D bt_btm  : sec_flags = 00 device_type = 0

01-03 02:03:04.344 20547 20609 I bt_btm  : btm_ble_match_random_bda rec_index = 92

01-03 02:03:04.344 20547 20609 D bt_btm  : sec_flags = 00 device_type = 0

01-03 02:03:04.344 20547 20609 I bt_btm  : btm_ble_match_random_bda rec_index = 93

01-03 02:03:04.344 20547 20609 D bt_btm  : sec_flags = 00 device_type = 0

01-03 02:03:04.344 20547 20609 I bt_btm  : btm_ble_match_random_bda rec_index = 94

01-03 02:03:04.344 20547 20609 D bt_btm  : sec_flags = 00 device_type = 0

01-03 02:03:04.344 20547 20609 I bt_btm  : btm_ble_match_random_bda rec_index = 95

01-03 02:03:04.344 20547 20609 D bt_btm  : sec_flags = 00 device_type = 0

01-03 02:03:04.344 20547 20609 I bt_btm  : btm_ble_match_random_bda rec_index = 96

01-03 02:03:04.344 20547 20609 D bt_btm  : sec_flags = 00 device_type = 0

01-03 02:03:04.344 20547 20609 I bt_btm  : btm_ble_match_random_bda rec_index = 97

01-03 02:03:04.344 20547 20609 D bt_btm  : sec_flags = 00 device_type = 0

01-03 02:03:04.344 20547 20609 I bt_btm  : btm_ble_match_random_bda rec_index = 98

01-03 02:03:04.344 20547 20609 D bt_btm  : sec_flags = 00 device_type = 0

01-03 02:03:04.344 20547 20609 I bt_btm  : btm_ble_match_random_bda rec_index = 99

01-03 02:03:04.344 20547 20609 D bt_btm  : sec_flags = 00 device_type = 0

01-03 02:03:04.344 20547 20609 I bt_btm  : btm_ble_match_random_bda rec_index = 100

01-03 02:03:04.344 20547 20609 I bt_btm  : btm_ble_resolve_address_cmpl p_mgnt_cb->index = 100

01-03 02:03:04.344 20547 20609 I bt_btm  : btm_ble_resolve_random_addr_on_adv 

01-03 02:03:04.344 20547 20609 I bt_btm  : BTM_CheckAdvData type=0x01

