01-03 02:03:04.542 20547 20609 D bt_btm  : sec_flags = 00 device_type = 0

01-03 02:03:04.542 20547 20609 I bt_btm  : btm_ble_match_random_bda rec_index = 13

01-03 02:03:04.542 20547 20609 D bt_btm  : sec_flags = 00 device_type = 0

01-03 02:03:04.542 20547 20609 I bt_btm  : btm_ble_match_random_bda rec_index = 14

01-03 02:03:04.542 20547 20609 D bt_btm  : sec_flags = 00 device_type = 0

01-03 02:03:04.542 20547 20609 I bt_btm  : btm_ble_match_random_bda rec_index = 15

01-03 02:03:04.542 20547 20609 D bt_btm  : sec_flags = 00 device_type = 0

01-03 02:03:04.542 20547 20609 I bt_btm  : btm_ble_match_random_bda rec_index = 16

01-03 02:03:04.542 20547 20609 D bt_btm  : sec_flags = 00 device_type = 0

01-03 02:03:04.542 20547 20609 I bt_btm  : btm_ble_match_random_bda rec_index = 17

01-03 02:03:04.542 20547 20609 D bt_btm  : sec_flags = 00 device_type = 0

01-03 02:03:04.542 20547 20609 I bt_btm  : btm_ble_match_random_bda rec_index = 18

01-03 02:03:04.542 20547 20609 D bt_btm  : sec_flags = 00 device_type = 0

01-03 02:03:04.542 20547 20609 I bt_btm  : btm_ble_match_random_bda rec_index = 19

01-03 02:03:04.542 20547 20609 D bt_btm  : sec_flags = 00 device_type = 0

01-03 02:03:04.542 20547 20609 I bt_btm  : btm_ble_match_random_bda rec_index = 20

01-03 02:03:04.542 20547 20609 D bt_btm  : sec_flags = 00 device_type = 0

01-03 02:03:04.542 20547 20609 I bt_btm  : btm_ble_match_random_bda rec_index = 21

01-03 02:03:04.542 20547 20609 D bt_btm  : sec_flags = 00 device_type = 0

01-03 02:03:04.542 20547 20609 I bt_btm  : btm_ble_match_random_bda rec_index = 22

01-03 02:03:04.542 20547 20609 D bt_btm  : sec_flags = 00 device_type = 0

01-03 02:03:04.542 20547 20609 I bt_btm  : btm_ble_match_random_bda rec_index = 23

01-03 02:03:04.542 20547 20609 D bt_btm  : sec_flags = 00 device_type = 0

01-03 02:03:04.542 20547 20609 I bt_btm  : btm_ble_match_random_bda rec_index = 24

01-03 02:03:04.542 20547 20609 D bt_btm  : sec_flags = 00 device_type = 0

01-03 02:03:04.542 20547 20609 I bt_btm  : btm_ble_match_random_bda rec_index = 25

01-03 02:03:04.542 20547 20609 D bt_btm  : sec_flags = 00 device_type = 0

01-03 02:03:04.542 20547 20609 I bt_btm  : btm_ble_match_random_bda rec_index = 26

01-03 02:03:04.542 20547 20609 D bt_btm  : sec_flags = 00 device_type = 0

01-03 02:03:04.542 20547 20609 I bt_btm  : btm_ble_match_random_bda rec_index = 27

01-03 02:03:04.542 20547 20609 D bt_btm  : sec_flags = 00 device_type = 0

01-03 02:03:04.542 20547 20609 I bt_btm  : btm_ble_match_random_bda rec_index = 28

01-03 02:03:04.542 20547 20609 D bt_btm  : sec_flags = 00 device_type = 0

01-03 02:03:04.542 20547 20609 I bt_btm  : btm_ble_match_random_bda rec_index = 29

01-03 02:03:04.542 20547 20609 D bt_btm  : sec_flags = 00 device_type = 0

01-03 02:03:04.542 20547 20609 I bt_btm  : btm_ble_match_random_bda rec_index = 30

01-03 02:03:04.542 20547 20609 D bt_btm  : sec_flags = 00 device_type = 0

01-03 02:03:04.542 20547 20609 I bt_btm  : btm_ble_match_random_bda rec_index = 31

01-03 02:03:04.543 20547 20609 D bt_btm  : sec_flags = 00 device_type = 0

01-03 02:03:04.543 20547 20609 I bt_btm  : btm_ble_match_random_bda rec_index = 32

01-03 02:03:04.543 20547 20609 D bt_btm  : sec_flags = 00 device_type = 0

01-03 02:03:04.543 20547 20609 I bt_btm  : btm_ble_match_random_bda rec_index = 33

01-03 02:03:04.543 20547 20609 D bt_btm  : sec_flags = 00 device_type = 0

01-03 02:03:04.543 20547 20609 I bt_btm  : btm_ble_match_random_bda rec_index = 34

01-03 02:03:04.543 20547 20609 D bt_btm  : sec_flags = 00 device_type = 0

01-03 02:03:04.543 20547 20609 I bt_btm  : btm_ble_match_random_bda rec_index = 35

01-03 02:03:04.543 20547 20609 D bt_btm  : sec_flags = 00 device_type = 0

01-03 02:03:04.543 20547 20609 I bt_btm  : btm_ble_match_random_bda rec_index = 36

01-03 02:03:04.543 20547 20609 D bt_btm  : sec_flags = 00 device_type = 0

01-03 02:03:04.543 20547 20609 I bt_btm  : btm_ble_match_random_bda rec_index = 37

01-03 02:03:04.543 20547 20609 D bt_btm  : sec_flags = 00 device_type = 0

01-03 02:03:04.543 20547 20609 I bt_btm  : btm_ble_match_random_bda rec_index = 38

01-03 02:03:04.543 20547 20609 D bt_btm  : sec_flags = 00 device_type = 0

01-03 02:03:04.543 20547 20609 I bt_btm  : btm_ble_match_random_bda rec_index = 39

01-03 02:03:04.543 20547 20609 D bt_btm  : sec_flags = 00 device_type = 0

01-03 02:03:04.543 20547 20609 I bt_btm  : btm_ble_match_random_bda rec_index = 40

01-03 02:03:04.543 20547 20609 D bt_btm  : sec_flags = 00 device_type = 0

01-03 02:03:04.543 20547 20609 I bt_btm  : btm_ble_match_random_bda rec_index = 41

01-03 02:03:04.543 20547 20609 D bt_btm  : sec_flags = 00 device_type = 0

01-03 02:03:04.543 20547 20609 I bt_btm  : btm_ble_match_random_bda rec_index = 42

01-03 02:03:04.543 20547 20609 D bt_btm  : sec_flags = 00 device_type = 0

01-03 02:03:04.543 20547 20609 I bt_btm  : btm_ble_match_random_bda rec_index = 43

01-03 02:03:04.543 20547 20609 D bt_btm  : sec_flags = 00 device_type = 0

01-03 02:03:04.543 20547 20609 I bt_btm  : btm_ble_match_random_bda rec_index = 44

01-03 02:03:04.543 20547 20609 D bt_btm  : sec_flags = 00 device_type = 0

01-03 02:03:04.543 20547 20609 I bt_btm  : btm_ble_match_random_bda rec_index = 45

01-03 02:03:04.543 20547 20609 D bt_btm  : sec_flags = 00 device_type = 0

01-03 02:03:04.543 20547 20609 I bt_btm  : btm_ble_match_random_bda rec_index = 46

01-03 02:03:04.543 20547 20609 D bt_btm  : sec_flags = 00 device_type = 0

01-03 02:03:04.543 20547 20609 I bt_btm  : btm_ble_match_random_bda rec_index = 47

01-03 02:03:04.543 20547 20609 D bt_btm  : sec_flags = 00 device_type = 0

01-03 02:03:04.543 20547 20609 I bt_btm  : btm_ble_match_random_bda rec_index = 48

01-03 02:03:04.543 20547 20609 D bt_btm  : sec_flags = 00 device_type = 0

01-03 02:03:04.543 20547 20609 I bt_btm  : btm_ble_match_random_bda rec_index = 49

01-03 02:03:04.543 20547 20609 D bt_btm  : sec_flags = 00 device_type = 0

01-03 02:03:04.543 20547 20609 I bt_btm  : btm_ble_match_random_bda rec_index = 50

01-03 02:03:04.543 20547 20609 D bt_btm  : sec_flags = 00 device_type = 0

01-03 02:03:04.543 20547 20609 I bt_btm  : btm_ble_match_random_bda rec_index = 51

01-03 02:03:04.543 20547 20609 D bt_btm  : sec_flags = 00 device_type = 0

01-03 02:03:04.543 20547 20609 I bt_btm  : btm_ble_match_random_bda rec_index = 52

01-03 02:03:04.543 20547 20609 D bt_btm  : sec_flags = 00 device_type = 0

01-03 02:03:04.543 20547 20609 I bt_btm  : btm_ble_match_random_bda rec_index = 53

01-03 02:03:04.543 20547 20609 D bt_btm  : sec_flags = 00 device_type = 0

01-03 02:03:04.543 20547 20609 I bt_btm  : btm_ble_match_random_bda rec_index = 54

01-03 02:03:04.543 20547 20609 D bt_btm  : sec_flags = 00 device_type = 0

01-03 02:03:04.543 20547 20609 I bt_btm  : btm_ble_match_random_bda rec_index = 55

01-03 02:03:04.543 20547 20609 D bt_btm  : sec_flags = 00 device_type = 0

01-03 02:03:04.543 20547 20609 I bt_btm  : btm_ble_match_random_bda rec_index = 56

01-03 02:03:04.543 20547 20609 D bt_btm  : sec_flags = 00 device_type = 0

01-03 02:03:04.543 20547 20609 I bt_btm  : btm_ble_match_random_bda rec_index = 57

01-03 02:03:04.543 20547 20609 D bt_btm  : sec_flags = 00 device_type = 0

01-03 02:03:04.543 20547 20609 I bt_btm  : btm_ble_match_random_bda rec_index = 58

01-03 02:03:04.544 20547 20609 D bt_btm  : sec_flags = 00 device_type = 0

01-03 02:03:04.544 20547 20609 I bt_btm  : btm_ble_match_random_bda rec_index = 59

01-03 02:03:04.544 20547 20609 D bt_btm  : sec_flags = 00 device_type = 0

01-03 02:03:04.544 20547 20609 I bt_btm  : btm_ble_match_random_bda rec_index = 60

01-03 02:03:04.544 20547 20609 D bt_btm  : sec_flags = 00 device_type = 0

01-03 02:03:04.544 20547 20609 I bt_btm  : btm_ble_match_random_bda rec_index = 61

01-03 02:03:04.544 20547 20609 D bt_btm  : sec_flags = 00 device_type = 0

01-03 02:03:04.544 20547 20609 I bt_btm  : btm_ble_match_random_bda rec_index = 62

01-03 02:03:04.544 20547 20609 D bt_btm  : sec_flags = 00 device_type = 0

01-03 02:03:04.544 20547 20609 I bt_btm  : btm_ble_match_random_bda rec_index = 63

01-03 02:03:04.544 20547 20609 D bt_btm  : sec_flags = 00 device_type = 0

01-03 02:03:04.544 20547 20609 I bt_btm  : btm_ble_match_random_bda rec_index = 64

01-03 02:03:04.544 20547 20609 D bt_btm  : sec_flags = 00 device_type = 0

01-03 02:03:04.544 20547 20609 I bt_btm  : btm_ble_match_random_bda rec_index = 65

01-03 02:03:04.544 20547 20609 D bt_btm  : sec_flags = 00 device_type = 0

01-03 02:03:04.544 20547 20609 I bt_btm  : btm_ble_match_random_bda rec_index = 66

01-03 02:03:04.544 20547 20609 D bt_btm  : sec_flags = 00 device_type = 0

01-03 02:03:04.544 20547 20609 I bt_btm  : btm_ble_match_random_bda rec_index = 67

01-03 02:03:04.544 20547 20609 D bt_btm  : sec_flags = 00 device_type = 0

01-03 02:03:04.544 20547 20609 I bt_btm  : btm_ble_match_random_bda rec_index = 68

01-03 02:03:04.544 20547 20609 D bt_btm  : sec_flags = 00 device_type = 0

01-03 02:03:04.544 20547 20609 I bt_btm  : btm_ble_match_random_bda rec_index = 69

01-03 02:03:04.544 20547 20609 D bt_btm  : sec_flags = 00 device_type = 0

01-03 02:03:04.544 20547 20609 I bt_btm  : btm_ble_match_random_bda rec_index = 70

01-03 02:03:04.544 20547 20609 D bt_btm  : sec_flags = 00 device_type = 0

01-03 02:03:04.544 20547 20609 I bt_btm  : btm_ble_match_random_bda rec_index = 71

01-03 02:03:04.544 20547 20609 D bt_btm  : sec_flags = 00 device_type = 0

01-03 02:03:04.544 20547 20609 I bt_btm  : btm_ble_match_random_bda rec_index = 72

01-03 02:03:04.544 20547 20609 D bt_btm  : sec_flags = 00 device_type = 0

01-03 02:03:04.544 20547 20609 I bt_btm  : btm_ble_match_random_bda rec_index = 73

01-03 02:03:04.544 20547 20609 D bt_btm  : sec_flags = 00 device_type = 0

01-03 02:03:04.544 20547 20609 I bt_btm  : btm_ble_match_random_bda rec_index = 74

01-03 02:03:04.544 20547 20609 D bt_btm  : sec_flags = 00 device_type = 0

01-03 02:03:04.544 20547 20609 I bt_btm  : btm_ble_match_random_bda rec_index = 75

01-03 02:03:04.544 20547 20609 D bt_btm  : sec_flags = 00 device_type = 0

01-03 02:03:04.544 20547 20609 I bt_btm  : btm_ble_match_random_bda rec_index = 76

01-03 02:03:04.545 20547 20609 D bt_btm  : sec_flags = 00 device_type = 0

01-03 02:03:04.545 20547 20609 I bt_btm  : btm_ble_match_random_bda rec_index = 77

01-03 02:03:04.545 20547 20609 D bt_btm  : sec_flags = 00 device_type = 0

01-03 02:03:04.545 20547 20609 I bt_btm  : btm_ble_match_random_bda rec_index = 78

01-03 02:03:04.545 20547 20609 D bt_btm  : sec_flags = 00 device_type = 0

01-03 02:03:04.545 20547 20609 I bt_btm  : btm_ble_match_random_bda rec_index = 79

01-03 02:03:04.545 20547 20609 D bt_btm  : sec_flags = 00 device_type = 0

01-03 02:03:04.545 20547 20609 I bt_btm  : btm_ble_match_random_bda rec_index = 80

01-03 02:03:04.545 20547 20609 D bt_btm  : sec_flags = 00 device_type = 0

01-03 02:03:04.545 20547 20609 I bt_btm  : btm_ble_match_random_bda rec_index = 81

01-03 02:03:04.545 20547 20609 D bt_btm  : sec_flags = 00 device_type = 0

01-03 02:03:04.545 20547 20609 I bt_btm  : btm_ble_match_random_bda rec_index = 82

01-03 02:03:04.545 20547 20609 D bt_btm  : sec_flags = 00 device_type = 0

01-03 02:03:04.545 20547 20609 I bt_btm  : btm_ble_match_random_bda rec_index = 83

01-03 02:03:04.545 20547 20609 D bt_btm  : sec_flags = 00 device_type = 0

01-03 02:03:04.545 20547 20609 I bt_btm  : btm_ble_match_random_bda rec_index = 84

01-03 02:03:04.545 20547 20609 D bt_btm  : sec_flags = 00 device_type = 0

01-03 02:03:04.545 20547 20609 I bt_btm  : btm_ble_match_random_bda rec_index = 85

01-03 02:03:04.545 20547 20609 D bt_btm  : sec_flags = 00 device_type = 0

01-03 02:03:04.545 20547 20609 I bt_btm  : btm_ble_match_random_bda rec_index = 86

01-03 02:03:04.545 20547 20609 D bt_btm  : sec_flags = 00 device_type = 0

01-03 02:03:04.545 20547 20609 I bt_btm  : btm_ble_match_random_bda rec_index = 87

01-03 02:03:04.545 20547 20609 D bt_btm  : sec_flags = 00 device_type = 0

01-03 02:03:04.545 20547 20609 I bt_btm  : btm_ble_match_random_bda rec_index = 88

01-03 02:03:04.545 20547 20609 D bt_btm  : sec_flags = 00 device_type = 0

01-03 02:03:04.545 20547 20609 I bt_btm  : btm_ble_match_random_bda rec_index = 89

01-03 02:03:04.545 20547 20609 D bt_btm  : sec_flags = 00 device_type = 0

01-03 02:03:04.545 20547 20609 I bt_btm  : btm_ble_match_random_bda rec_index = 90

01-03 02:03:04.545 20547 20609 D bt_btm  : sec_flags = 00 device_type = 0

01-03 02:03:04.545 20547 20609 I bt_btm  : btm_ble_match_random_bda rec_index = 91

01-03 02:03:04.545 20547 20609 D bt_btm  : sec_flags = 00 device_type = 0

01-03 02:03:04.545 20547 20609 I bt_btm  : btm_ble_match_random_bda rec_index = 92

01-03 02:03:04.545 20547 20609 D bt_btm  : sec_flags = 00 device_type = 0

01-03 02:03:04.546 20547 20609 I bt_btm  : btm_ble_match_random_bda rec_index = 93

01-03 02:03:04.546 20547 20609 D bt_btm  : sec_flags = 00 device_type = 0

01-03 02:03:04.546 20547 20609 I bt_btm  : btm_ble_match_random_bda rec_index = 94

01-03 02:03:04.546 20547 20609 D bt_btm  : sec_flags = 00 device_type = 0

01-03 02:03:04.546 20547 20609 I bt_btm  : btm_ble_match_random_bda rec_index = 95

01-03 02:03:04.546 20547 20609 D bt_btm  : sec_flags = 00 device_type = 0

01-03 02:03:04.546 20547 20609 I bt_btm  : btm_ble_match_random_bda rec_index = 96

01-03 02:03:04.546 20547 20609 D bt_btm  : sec_flags = 00 device_type = 0

01-03 02:03:04.546 20547 20609 I bt_btm  : btm_ble_match_random_bda rec_index = 97

01-03 02:03:04.546 20547 20609 D bt_btm  : sec_flags = 00 device_type = 0

01-03 02:03:04.546 20547 20609 I bt_btm  : btm_ble_match_random_bda rec_index = 98

01-03 02:03:04.546 20547 20609 D bt_btm  : sec_flags = 00 device_type = 0

01-03 02:03:04.546 20547 20609 I bt_btm  : btm_ble_match_random_bda rec_index = 99

01-03 02:03:04.546 20547 20609 D bt_btm  : sec_flags = 00 device_type = 0

01-03 02:03:04.546 20547 20609 I bt_btm  : btm_ble_match_random_bda rec_index = 100

01-03 02:03:04.546 20547 20609 I bt_btm  : btm_ble_resolve_address_cmpl p_mgnt_cb->index = 100

01-03 02:03:04.546 20547 20609 I bt_btm  : btm_ble_resolve_random_addr_on_adv 

01-03 02:03:04.546 20547 20609 D bt_btm  : btm_ble_update_inq_result scan_rsp=false, to_report=false,                              scan_type_active=1

01-03 02:03:04.546 20547 20609 I bt_btm  : BTM_CheckAdvData type=0x01

01-03 02:03:04.546 20547 20609 I bt_btm  : BTM_CheckAdvData type=0x19

01-03 02:03:04.546 20547 20609 I bt_btm  : BTM_CheckAdvData type=0x03

01-03 02:03:04.546 20547 20609 D bt_btm  : BR/EDR NOT SUPPORT bit set, LE only device

01-03 02:03:04.546 20547 20609 I bt_hci  : BLE HCI(id=62) event = 0x02)

01-03 02:03:04.546 20547 20609 I bt_hci  : btu_ble_process_adv_pkt

01-03 02:03:04.546 20547 20609 I bt_btm  : btm_identity_addr_to_random_pseudo

01-03 02:03:04.546 20547 20609 D bt_btm  : btm_ble_process_adv_pkt:bda= 61:47:aa:32:44:7

01-03 02:03:04.546 20547 20609 I bt_btm  : btm_ble_resolve_random_addr

01-03 02:03:04.546 20547 20609 I bt_btm  : btm_ble_match_random_bda rec_index = 0

01-03 02:03:04.546 20547 20609 D bt_btm  : sec_flags = 00 device_type = 0

01-03 02:03:04.546 20547 20609 I bt_btm  : btm_ble_match_random_bda rec_index = 1

01-03 02:03:04.546 20547 20609 D bt_btm  : sec_flags = 00 device_type = 0

01-03 02:03:04.546 20547 20609 I bt_btm  : btm_ble_match_random_bda rec_index = 2

01-03 02:03:04.546 20547 20609 D bt_btm  : sec_flags = 00 device_type = 0

01-03 02:03:04.546 20547 20609 I bt_btm  : btm_ble_match_random_bda rec_index = 3

01-03 02:03:04.546 20547 20609 D bt_btm  : sec_flags = 00 device_type = 0

01-03 02:03:04.546 20547 20609 I bt_btm  : btm_ble_match_random_bda rec_index = 4

01-03 02:03:04.546 20547 20609 D bt_btm  : sec_flags = 00 device_type = 0

01-03 02:03:04.546 20547 20609 I bt_btm  : btm_ble_match_random_bda rec_index = 5

01-03 02:03:04.546 20547 20609 D bt_btm  : sec_flags = 00 device_type = 0

01-03 02:03:04.546 20547 20609 I bt_btm  : btm_ble_match_random_bda rec_index = 6

01-03 02:03:04.546 20547 20609 D bt_btm  : sec_flags = 00 device_type = 0

01-03 02:03:04.546 20547 20609 I bt_btm  : btm_ble_match_random_bda rec_index = 7

01-03 02:03:04.546 20547 20609 D bt_btm  : sec_flags = 00 device_type = 0

01-03 02:03:04.546 20547 20609 I bt_btm  : btm_ble_match_random_bda rec_index = 8

01-03 02:03:04.547 20547 20609 D bt_btm  : sec_flags = 00 device_type = 0

01-03 02:03:04.547 20547 20609 I bt_btm  : btm_ble_match_random_bda rec_index = 9

01-03 02:03:04.547 20547 20609 D bt_btm  : sec_flags = 00 device_type = 0

01-03 02:03:04.547 20547 20609 I bt_btm  : btm_ble_match_random_bda rec_index = 10

01-03 02:03:04.547 20547 20609 D bt_btm  : sec_flags = 00 device_type = 0

01-03 02:03:04.547 20547 20609 I bt_btm  : btm_ble_match_random_bda rec_index = 11

01-03 02:03:04.547 20547 20609 D bt_btm  : sec_flags = 00 device_type = 0

01-03 02:03:04.547 20547 20609 I bt_btm  : btm_ble_match_random_bda rec_index = 12

01-03 02:03:04.547 20547 20609 D bt_btm  : sec_flags = 00 device_type = 0

01-03 02:03:04.547 20547 20609 I bt_btm  : btm_ble_match_random_bda rec_index = 13

01-03 02:03:04.547 20547 20609 D bt_btm  : sec_flags = 00 device_type = 0

01-03 02:03:04.547 20547 20609 I bt_btm  : btm_ble_match_random_bda rec_index = 14

01-03 02:03:04.547 20547 20609 D bt_btm  : sec_flags = 00 device_type = 0

01-03 02:03:04.547 20547 20609 I bt_btm  : btm_ble_match_random_bda rec_index = 15

01-03 02:03:04.547 20547 20609 D bt_btm  : sec_flags = 00 device_type = 0

01-03 02:03:04.547 20547 20609 I bt_btm  : btm_ble_match_random_bda rec_index = 16

01-03 02:03:04.547 20547 20609 D bt_btm  : sec_flags = 00 device_type = 0

01-03 02:03:04.547 20547 20609 I bt_btm  : btm_ble_match_random_bda rec_index = 17

01-03 02:03:04.547 20547 20609 D bt_btm  : sec_flags = 00 device_type = 0

01-03 02:03:04.547 20547 20609 I bt_btm  : btm_ble_match_random_bda rec_index = 18

01-03 02:03:04.547 20547 20609 D bt_btm  : sec_flags = 00 device_type = 0

01-03 02:03:04.547 20547 20609 I bt_btm  : btm_ble_match_random_bda rec_index = 19

01-03 02:03:04.547 20547 20609 D bt_btm  : sec_flags = 00 device_type = 0

01-03 02:03:04.547 20547 20609 I bt_btm  : btm_ble_match_random_bda rec_index = 20

01-03 02:03:04.547 20547 20609 D bt_btm  : sec_flags = 00 device_type = 0

01-03 02:03:04.547 20547 20609 I bt_btm  : btm_ble_match_random_bda rec_index = 21

01-03 02:03:04.547 20547 20609 D bt_btm  : sec_flags = 00 device_type = 0

01-03 02:03:04.547 20547 20609 I bt_btm  : btm_ble_match_random_bda rec_index = 22

01-03 02:03:04.547 20547 20609 D bt_btm  : sec_flags = 00 device_type = 0

01-03 02:03:04.547 20547 20609 I bt_btm  : btm_ble_match_random_bda rec_index = 23

01-03 02:03:04.547 20547 20609 D bt_btm  : sec_flags = 00 device_type = 0

01-03 02:03:04.547 20547 20609 I bt_btm  : btm_ble_match_random_bda rec_index = 24

01-03 02:03:04.547 20547 20609 D bt_btm  : sec_flags = 00 device_type = 0

01-03 02:03:04.547 20547 20609 I bt_btm  : btm_ble_match_random_bda rec_index = 25

01-03 02:03:04.547 20547 20609 D bt_btm  : sec_flags = 00 device_type = 0

01-03 02:03:04.547 20547 20609 I bt_btm  : btm_ble_match_random_bda rec_index = 26

01-03 02:03:04.547 20547 20609 D bt_btm  : sec_flags = 00 device_type = 0

01-03 02:03:04.547 20547 20609 I bt_btm  : btm_ble_match_random_bda rec_index = 27

01-03 02:03:04.547 20547 20609 D bt_btm  : sec_flags = 00 device_type = 0

01-03 02:03:04.547 20547 20609 I bt_btm  : btm_ble_match_random_bda rec_index = 28

01-03 02:03:04.547 20547 20609 D bt_btm  : sec_flags = 00 device_type = 0

01-03 02:03:04.547 20547 20609 I bt_btm  : btm_ble_match_random_bda rec_index = 29

01-03 02:03:04.550 20466 20466 D ConnectivitySystemTest:BLE:LEClient: Inside onLeScan callback : Required BDAdrress = null

01-03 02:03:04.550 20466 20466 D ConnectivitySystemTest:BLE:LEClient: Inside onLeScan callback : Device Found :61:47:AA:32:44:07 rssi=-81 status=[B@524584e

01-03 02:03:04.551 20601 20601 I WCNSS_FILTER: is_force_hcidump_enabled: property_get: wc_transport.force_hcidump: 0

01-03 02:03:04.552 20601 20601 I WCNSS_FILTER: Direction(1): bytes: 41 : bytes_written: 41

01-03 02:03:04.552 20601 20601 I WCNSS_FILTER: is_force_hcidump_enabled: property_get: wc_transport.force_hcidump: 0

01-03 02:03:04.552 20601 20601 I WCNSS_FILTER: Direction(1): bytes: 15 : bytes_written: 15

01-03 02:03:04.552 20547 20609 I bt_hci  : BLE HCI(id=62) event = 0x02)

01-03 02:03:04.552 20547 20609 I bt_hci  : btu_ble_process_adv_pkt

01-03 02:03:04.552 20547 20609 I bt_btm  : btm_identity_addr_to_random_pseudo

01-03 02:03:04.552 20547 20609 D bt_btm  : btm_ble_process_adv_pkt:bda= 76:9:f2:39:35:fe

01-03 02:03:04.552 20547 20609 I bt_btm  : btm_ble_resolve_random_addr

01-03 02:03:04.552 20547 20609 I bt_btm  : btm_ble_match_random_bda rec_index = 0

01-03 02:03:04.552 20547 20609 D bt_btm  : sec_flags = 00 device_type = 0

01-03 02:03:04.552 20547 20609 I bt_btm  : btm_ble_match_random_bda rec_index = 1

01-03 02:03:04.552 20547 20609 D bt_btm  : sec_flags = 00 device_type = 0

01-03 02:03:04.552 20547 20609 I bt_btm  : btm_ble_match_random_bda rec_index = 2

01-03 02:03:04.552 20547 20609 D bt_btm  : sec_flags = 00 device_type = 0

01-03 02:03:04.552 20547 20609 I bt_btm  : btm_ble_match_random_bda rec_index = 3

01-03 02:03:04.552 20547 20609 D bt_btm  : sec_flags = 00 device_type = 0

01-03 02:03:04.552 20547 20609 I bt_btm  : btm_ble_match_random_bda rec_index = 4

01-03 02:03:04.552 20547 20609 D bt_btm  : sec_flags = 00 device_type = 0

01-03 02:03:04.552 20547 20609 I bt_btm  : btm_ble_match_random_bda rec_index = 5

01-03 02:03:04.552 20547 20609 D bt_btm  : sec_flags = 00 device_type = 0

01-03 02:03:04.552 20547 20609 I bt_btm  : btm_ble_match_random_bda rec_index = 6

01-03 02:03:04.552 20547 20609 D bt_btm  : sec_flags = 00 device_type = 0

01-03 02:03:04.552 20547 20609 I bt_btm  : btm_ble_match_random_bda rec_index = 7

01-03 02:03:04.552 20547 20609 D bt_btm  : sec_flags = 00 device_type = 0

01-03 02:03:04.553 20547 20609 I bt_btm  : btm_ble_match_random_bda rec_index = 8

01-03 02:03:04.553 20547 20609 D bt_btm  : sec_flags = 00 device_type = 0

01-03 02:03:04.553 20547 20609 I bt_btm  : btm_ble_match_random_bda rec_index = 9

01-03 02:03:04.553 20547 20609 D bt_btm  : sec_flags = 00 device_type = 0

01-03 02:03:04.553 20547 20609 I bt_btm  : btm_ble_match_random_bda rec_index = 10

01-03 02:03:04.553 20547 20609 D bt_btm  : sec_flags = 00 device_type = 0

01-03 02:03:04.553 20547 20609 I bt_btm  : btm_ble_match_random_bda rec_index = 11

01-03 02:03:04.553 20547 20609 D bt_btm  : sec_flags = 00 device_type = 0

01-03 02:03:04.553 20547 20609 I bt_btm  : btm_ble_match_random_bda rec_index = 12

01-03 02:03:04.553 20547 20609 D bt_btm  : sec_flags = 00 device_type = 0

01-03 02:03:04.553 20547 20609 I bt_btm  : btm_ble_match_random_bda rec_index = 13

01-03 02:03:04.553 20547 20609 D bt_btm  : sec_flags = 00 device_type = 0

01-03 02:03:04.553 20547 20609 I bt_btm  : btm_ble_match_random_bda rec_index = 14

01-03 02:03:04.553 20547 20609 D bt_btm  : sec_flags = 00 device_type = 0

01-03 02:03:04.553 20547 20609 I bt_btm  : btm_ble_match_random_bda rec_index = 15

01-03 02:03:04.553 20547 20609 D bt_btm  : sec_flags = 00 device_type = 0

01-03 02:03:04.553 20547 20609 I bt_btm  : btm_ble_match_random_bda rec_index = 16

01-03 02:03:04.553 20547 20609 D bt_btm  : sec_flags = 00 device_type = 0

01-03 02:03:04.553 20547 20609 I bt_btm  : btm_ble_match_random_bda rec_index = 17

01-03 02:03:04.553 20547 20609 D bt_btm  : sec_flags = 00 device_type = 0

01-03 02:03:04.553 20547 20609 I bt_btm  : btm_ble_match_random_bda rec_index = 18

01-03 02:03:04.553 20547 20609 D bt_btm  : sec_flags = 00 device_type = 0

01-03 02:03:04.553 20547 20609 I bt_btm  : btm_ble_match_random_bda rec_index = 19

01-03 02:03:04.553 20547 20609 D bt_btm  : sec_flags = 00 device_type = 0

01-03 02:03:04.553 20547 20609 I bt_btm  : btm_ble_match_random_bda rec_index = 20

01-03 02:03:04.553 20547 20609 D bt_btm  : sec_flags = 00 device_type = 0

01-03 02:03:04.553 20547 20609 I bt_btm  : btm_ble_match_random_bda rec_index = 21

01-03 02:03:04.553 20466 20466 D ConnectivitySystemTest:BLE:LEClient: Inside onLeScan Device Found Name : Qcomm-SB

01-03 02:03:04.553 20547 20609 D bt_btm  : sec_flags = 00 device_type = 0

01-03 02:03:04.553 20547 20609 I bt_btm  : btm_ble_match_random_bda rec_index = 22

01-03 02:03:04.553 20547 20609 D bt_btm  : sec_flags = 00 device_type = 0

01-03 02:03:04.553 20547 20609 I bt_btm  : btm_ble_match_random_bda rec_index = 23

01-03 02:03:04.553 20547 20609 D bt_btm  : sec_flags = 00 device_type = 0

01-03 02:03:04.553 20547 20609 I bt_btm  : btm_ble_match_random_bda rec_index = 24

01-03 02:03:04.553 20547 20609 D bt_btm  : sec_flags = 00 device_type = 0

01-03 02:03:04.553 20547 20609 I bt_btm  : btm_ble_match_random_bda rec_index = 25

01-03 02:03:04.553 20547 20609 D bt_btm  : sec_flags = 00 device_type = 0

01-03 02:03:04.553 20547 20609 I bt_btm  : btm_ble_match_random_bda rec_index = 26

01-03 02:03:04.553 20547 20609 D bt_btm  : sec_flags = 00 device_type = 0

01-03 02:03:04.553 20466 20466 D ConnectivitySystemTest:BLE:LEClient: Inside onLeScan callback : Required Device Name  = cstadv

01-03 02:03:04.553 20547 20609 I bt_btm  : btm_ble_match_random_bda rec_index = 27

01-03 02:03:04.553 20547 20609 D bt_btm  : sec_flags = 00 device_type = 0

01-03 02:03:04.553 20547 20609 I bt_btm  : btm_ble_match_random_bda rec_index = 28

01-03 02:03:04.553 20547 20609 D bt_btm  : sec_flags = 00 device_type = 0

01-03 02:03:04.553 20547 20609 I bt_btm  : btm_ble_match_random_bda rec_index = 29

01-03 02:03:04.553 20547 20609 D bt_btm  : sec_flags = 00 device_type = 0

01-03 02:03:04.553 20547 20609 I bt_btm  : btm_ble_match_random_bda rec_index = 30

01-03 02:03:04.553 20547 20609 D bt_btm  : sec_flags = 00 device_type = 0

01-03 02:03:04.553 20547 20609 I bt_btm  : btm_ble_match_random_bda rec_index = 31

01-03 02:03:04.553 20547 20609 D bt_btm  : sec_flags = 00 device_type = 0

01-03 02:03:04.553 20547 20609 I bt_btm  : btm_ble_match_random_bda rec_index = 32

01-03 02:03:04.553 20547 20609 D bt_btm  : sec_flags = 00 device_type = 0

01-03 02:03:04.553 20547 20609 I bt_btm  : btm_ble_match_random_bda rec_index = 33

01-03 02:03:04.553 20547 20609 D bt_btm  : sec_flags = 00 device_type = 0

01-03 02:03:04.553 20547 20609 I bt_btm  : btm_ble_match_random_bda rec_index = 34

01-03 02:03:04.553 20547 20609 D bt_btm  : sec_flags = 00 device_type = 0

01-03 02:03:04.554 20547 20609 I bt_btm  : btm_ble_match_random_bda rec_index = 35

01-03 02:03:04.554 20547 20609 D bt_btm  : sec_flags = 00 device_type = 0

01-03 02:03:04.554 20547 20609 I bt_btm  : btm_ble_match_random_bda rec_index = 36

01-03 02:03:04.554 20547 20609 D bt_btm  : sec_flags = 00 device_type = 0

01-03 02:03:04.554 20547 20609 I bt_btm  : btm_ble_match_random_bda rec_index = 37

01-03 02:03:04.554 20547 20609 D bt_btm  : sec_flags = 00 device_type = 0

01-03 02:03:04.554 20547 20609 I bt_btm  : btm_ble_match_random_bda rec_index = 38

01-03 02:03:04.554 20547 20609 D bt_btm  : sec_flags = 00 device_type = 0

01-03 02:03:04.554 20547 20609 I bt_btm  : btm_ble_match_random_bda rec_index = 39

01-03 02:03:04.554 20547 20609 D bt_btm  : sec_flags = 00 device_type = 0

01-03 02:03:04.554 20547 20609 I bt_btm  : btm_ble_match_random_bda rec_index = 40

01-03 02:03:04.554 20547 20609 D bt_btm  : sec_flags = 00 device_type = 0

01-03 02:03:04.554 20547 20609 I bt_btm  : btm_ble_match_random_bda rec_index = 41

01-03 02:03:04.554 20547 20609 D bt_btm  : sec_flags = 00 device_type = 0

01-03 02:03:04.554 20547 20609 I bt_btm  : btm_ble_match_random_bda rec_index = 42

01-03 02:03:04.554 20547 20609 D bt_btm  : sec_flags = 00 device_type = 0

01-03 02:03:04.554 20547 20609 I bt_btm  : btm_ble_match_random_bda rec_index = 43

01-03 02:03:04.554 20547 20609 D bt_btm  : sec_flags = 00 device_type = 0

01-03 02:03:04.554 20547 20609 I bt_btm  : btm_ble_match_random_bda rec_index = 44

01-03 02:03:04.554 20547 20609 D bt_btm  : sec_flags = 00 device_type = 0

01-03 02:03:04.554 20547 20609 I bt_btm  : btm_ble_match_random_bda rec_index = 45

01-03 02:03:04.554 20547 20609 D bt_btm  : sec_flags = 00 device_type = 0

01-03 02:03:04.554 20547 20609 I bt_btm  : btm_ble_match_random_bda rec_index = 46

01-03 02:03:04.554 20547 20609 D bt_btm  : sec_flags = 00 device_type = 0

01-03 02:03:04.554 20547 20609 I bt_btm  : btm_ble_match_random_bda rec_index = 47

01-03 02:03:04.554 20547 20609 D bt_btm  : sec_flags = 00 device_type = 0

01-03 02:03:04.554 20547 20609 I bt_btm  : btm_ble_match_random_bda rec_index = 48

01-03 02:03:04.554 20547 20609 D bt_btm  : sec_flags = 00 device_type = 0

01-03 02:03:04.554 20547 20609 I bt_btm  : btm_ble_match_random_bda rec_index = 49

01-03 02:03:04.554 20547 20609 D bt_btm  : sec_flags = 00 device_type = 0

01-03 02:03:04.554 20547 20609 I bt_btm  : btm_ble_match_random_bda rec_index = 50

01-03 02:03:04.554 20547 20609 D bt_btm  : sec_flags = 00 device_type = 0

01-03 02:03:04.554 20547 20609 I bt_btm  : btm_ble_match_random_bda rec_index = 51

01-03 02:03:04.554 20547 20609 D bt_btm  : sec_flags = 00 device_type = 0

01-03 02:03:04.554 20547 20609 I bt_btm  : btm_ble_match_random_bda rec_index = 52

01-03 02:03:04.554 20547 20609 D bt_btm  : sec_flags = 00 device_type = 0

01-03 02:03:04.554 20547 20609 I bt_btm  : btm_ble_match_random_bda rec_index = 53

01-03 02:03:04.554 20547 20609 D bt_btm  : sec_flags = 00 device_type = 0

01-03 02:03:04.554 20547 20609 I bt_btm  : btm_ble_match_random_bda rec_index = 54

01-03 02:03:04.554 20547 20609 D bt_btm  : sec_flags = 00 device_type = 0

01-03 02:03:04.554 20547 20609 I bt_btm  : btm_ble_match_random_bda rec_index = 55

01-03 02:03:04.554 20547 20609 D bt_btm  : sec_flags = 00 device_type = 0

01-03 02:03:04.554 20547 20609 I bt_btm  : btm_ble_match_random_bda rec_index = 56

01-03 02:03:04.554 20547 20609 D bt_btm  : sec_flags = 00 device_type = 0

01-03 02:03:04.554 20547 20609 I bt_btm  : btm_ble_match_random_bda rec_index = 57

01-03 02:03:04.554 20547 20609 D bt_btm  : sec_flags = 00 device_type = 0

01-03 02:03:04.554 20547 20609 I bt_btm  : btm_ble_match_random_bda rec_index = 58

01-03 02:03:04.554 20547 20609 D bt_btm  : sec_flags = 00 device_type = 0

01-03 02:03:04.554 20547 20609 I bt_btm  : btm_ble_match_random_bda rec_index = 59

01-03 02:03:04.554 20547 20609 D bt_btm  : sec_flags = 00 device_type = 0

01-03 02:03:04.555 20547 20609 I bt_btm  : btm_ble_match_random_bda rec_index = 60

01-03 02:03:04.555 20547 20609 D bt_btm  : sec_flags = 00 device_type = 0

01-03 02:03:04.555 20547 20609 I bt_btm  : btm_ble_match_random_bda rec_index = 61

01-03 02:03:04.555 20547 20609 D bt_btm  : sec_flags = 00 device_type = 0

01-03 02:03:04.555 20547 20609 I bt_btm  : btm_ble_match_random_bda rec_index = 62

01-03 02:03:04.555 20547 20609 D bt_btm  : sec_flags = 00 device_type = 0

01-03 02:03:04.555 20547 20609 I bt_btm  : btm_ble_match_random_bda rec_index = 63

01-03 02:03:04.555 20547 20609 D bt_btm  : sec_flags = 00 device_type = 0

01-03 02:03:04.555 20547 20609 I bt_btm  : btm_ble_match_random_bda rec_index = 64

01-03 02:03:04.555 20547 20609 D bt_btm  : sec_flags = 00 device_type = 0

01-03 02:03:04.555 20547 20609 I bt_btm  : btm_ble_match_random_bda rec_index = 65

01-03 02:03:04.555 20547 20609 D bt_btm  : sec_flags = 00 device_type = 0

01-03 02:03:04.555 20547 20609 I bt_btm  : btm_ble_match_random_bda rec_index = 66

01-03 02:03:04.555 20547 20609 D bt_btm  : sec_flags = 00 device_type = 0

01-03 02:03:04.555 20547 20609 I bt_btm  : btm_ble_match_random_bda rec_index = 67

01-03 02:03:04.555 20547 20609 D bt_btm  : sec_flags = 00 device_type = 0

01-03 02:03:04.555 20547 20609 I bt_btm  : btm_ble_match_random_bda rec_index = 68

01-03 02:03:04.555 20547 20609 D bt_btm  : sec_flags = 00 device_type = 0

01-03 02:03:04.555 20547 20609 I bt_btm  : btm_ble_match_random_bda rec_index = 69

01-03 02:03:04.555 20547 20609 D bt_btm  : sec_flags = 00 device_type = 0

01-03 02:03:04.555 20547 20609 I bt_btm  : btm_ble_match_random_bda rec_index = 70

01-03 02:03:04.555 20547 20609 D bt_btm  : sec_flags = 00 device_type = 0

01-03 02:03:04.555 20547 20609 I bt_btm  : btm_ble_match_random_bda rec_index = 71

01-03 02:03:04.555 20547 20609 D bt_btm  : sec_flags = 00 device_type = 0

01-03 02:03:04.555 20547 20609 I bt_btm  : btm_ble_match_random_bda rec_index = 72

01-03 02:03:04.555 20547 20609 D bt_btm  : sec_flags = 00 device_type = 0

01-03 02:03:04.555 20547 20609 I bt_btm  : btm_ble_match_random_bda rec_index = 73

01-03 02:03:04.555 20547 20609 D bt_btm  : sec_flags = 00 device_type = 0

01-03 02:03:04.555 20547 20609 I bt_btm  : btm_ble_match_random_bda rec_index = 74

01-03 02:03:04.560 20466 20466 D ConnectivitySystemTest:BLE:LEClient: Inside onLeScan callback : Required BDAdrress = null

01-03 02:03:04.560 20466 20466 D ConnectivitySystemTest:BLE:LEClient: Inside onLeScan callback : Device Found :76:09:F2:39:35:FE rssi=-65 status=[B@db58d6f

01-03 02:03:04.563 20466 20466 D ConnectivitySystemTest:BLE:LEClient: Inside onLeScan Device Found Name : null

01-03 02:03:04.563 20466 20466 D ConnectivitySystemTest:BLE:LEClient: Inside onLeScan callback : Required Device Name  = cstadv

01-03 02:03:04.585 20601 20601 I WCNSS_FILTER: is_force_hcidump_enabled: property_get: wc_transport.force_hcidump: 0

01-03 02:03:04.585 20601 20601 I WCNSS_FILTER: Direction(1): bytes: 42 : bytes_written: 42

01-03 02:03:04.585 20601 20601 I WCNSS_FILTER: is_force_hcidump_enabled: property_get: wc_transport.force_hcidump: 0

01-03 02:03:04.585 20601 20601 I WCNSS_FILTER: Direction(1): bytes: 23 : bytes_written: 23

01-03 02:03:04.585 20547 20609 I bt_hci  : BLE HCI(id=62) event = 0x02)

01-03 02:03:04.585 20547 20609 I bt_hci  : btu_ble_process_adv_pkt

01-03 02:03:04.585 20547 20609 I bt_btm  : btm_identity_addr_to_random_pseudo

01-03 02:03:04.585 20547 20609 D bt_btm  : btm_ble_process_adv_pkt:bda= cd:e6:d0:27:7a:5d

01-03 02:03:04.586 20547 20609 D bt_btm  : btm_ble_update_inq_result scan_rsp=false, to_report=false,                              scan_type_active=1

01-03 02:03:04.586 20547 20609 I bt_btm  : BTM_CheckAdvData type=0x01

01-03 02:03:04.586 20547 20609 I bt_btm  : BTM_CheckAdvData type=0x19

01-03 02:03:04.586 20547 20609 I bt_btm  : BTM_CheckAdvData type=0x03

01-03 02:03:04.586 20547 20609 D bt_btm  : BR/EDR NOT SUPPORT bit set, LE only device

01-03 02:03:04.586 20547 20609 I bt_hci  : BLE HCI(id=62) event = 0x02)

01-03 02:03:04.586 20547 20609 I bt_hci  : btu_ble_process_adv_pkt

01-03 02:03:04.586 20547 20609 I bt_btm  : btm_identity_addr_to_random_pseudo

01-03 02:03:04.586 20547 20609 D bt_btm  : btm_ble_process_adv_pkt:bda= cd:e6:d0:27:7a:5d

01-03 02:03:04.586 20547 20609 I bt_btm  : BTM_CheckAdvData type=0x01

01-03 02:03:04.586 20547 20609 I bt_btm  : BTM_CheckAdvData type=0x19

01-03 02:03:04.586 20547 20609 I bt_btm  : BTM_CheckAdvData type=0x03

01-03 02:03:04.586 20547 20609 D bt_btm  : BR/EDR NOT SUPPORT bit set, LE only device

01-03 02:03:04.586 20547 20609 I bt_btm  : BTM_CheckAdvData type=0x01

01-03 02:03:04.586 20547 20609 D bt_btif : bta_dm_observe_results_cb

01-03 02:03:04.586 20547 20609 I bt_btm  : BTM_InqDbRead: bd addr [cde6d0277a5d]

01-03 02:03:04.586 20547 20609 I bt_btm  : BTM_CheckEirData type=0x09

01-03 02:03:04.586 20547 20609 D bt_btif : btif_transfer_context event 4096, len 740

01-03 02:03:04.586 20547 20580 D bt_btif : btif task fetched event a001

01-03 02:03:04.586 20547 20580 D bt_btif : btif_context_switched

01-03 02:03:04.586 20547 20580 I bt_btm  : BTM_CheckEirData type=0x09

01-03 02:03:04.586 20547 20580 I bt_btm  : BTM_CheckEirData type=0x09

01-03 02:03:04.586 20547 20580 D bt_btif_gattc: btif_gattc_update_properties BLE device name=One len=3 dev_type=2

01-03 02:03:04.586 20547 20580 D bt_btif : in, bd addr:cd:e6:d0:27:7a:5d, prop type:1, len:3

01-03 02:03:04.589 20547 20580 D bt_btif : btif_update_remote_properties cod is 0x000000

01-03 02:03:04.589 20547 20580 D bt_btif : btif_update_remote_properties cod is 0, checking cod from storage

01-03 02:03:04.589 20547 20580 D bt_btif : in, bd addr:cd:e6:d0:27:7a:5d, prop type:4, len:4

01-03 02:03:04.589 20547 20580 D bt_btif : btif_update_remote_properties cod retrieved from storage is 0x001f00

01-03 02:03:04.589 20547 20580 D bt_btif : in, bd addr:cd:e6:d0:27:7a:5d, prop type:4, len:4

01-03 02:03:04.589 20547 20580 D bt_btif : in, bd addr:cd:e6:d0:27:7a:5d, prop type:5, len:4

01-03 02:03:04.589 20547 20580 D bt_btif : in, bd addr:cd:e6:d0:27:7a:5d, prop type:5, len:4

01-03 02:03:04.589 20547 20580 D bt_btif : btif_dm_set_remote_dev_type Modified value: 2, Address:cd:e6:d0:27:7a:5d

01-03 02:03:04.589 20547 20580 D bt_btif : in, bd addr:cd:e6:d0:27:7a:5d, prop type:5, len:4

01-03 02:03:04.589 20547 20580 I bt_btif : HAL bt_hal_cbacks->remote_device_properties_cb

01-03 02:03:04.597 20547 20580 D bt_btif : in, bd addr:cd:e6:d0:27:7a:5d, prop type:5, len:4

01-03 02:03:04.597 20547 20580 I bt_btif : HAL bt_gatt_callbacks->client->scan_result_cb

01-03 02:03:04.597 20466 20466 D ConnectivitySystemTest:BLE:LEClient: Inside onLeScan callback : Required BDAdrress = null

01-03 02:03:04.598 20466 20466 D ConnectivitySystemTest:BLE:LEClient: Inside onLeScan callback : Device Found :CD:E6:D0:27:7A:5D rssi=-76 status=[B@a3f3a7c

01-03 02:03:04.600 20466 20466 D ConnectivitySystemTest:BLE:LEClient: Inside onLeScan Device Found Name : One

01-03 02:03:04.600 20466 20466 D ConnectivitySystemTest:BLE:LEClient: Inside onLeScan callback : Required Device Name  = cstadv

01-03 02:03:04.652 20601 20601 I WCNSS_FILTER: do_write: IBS write: fc

01-03 02:03:04.653 20601 20601 I WCNSS_FILTER: is_force_hcidump_enabled: property_get: wc_transport.force_hcidump: 0

01-03 02:03:04.653 20601 20601 I WCNSS_FILTER: Direction(1): bytes: 26 : bytes_written: 26

01-03 02:03:04.653 20601 20601 I WCNSS_FILTER: is_force_hcidump_enabled: property_get: wc_transport.force_hcidump: 0

01-03 02:03:04.653 20601 20601 I WCNSS_FILTER: Direction(1): bytes: 15 : bytes_written: 15

01-03 02:03:04.654 20547 20609 I bt_hci  : BLE HCI(id=62) event = 0x02)

01-03 02:03:04.654 20547 20609 I bt_hci  : btu_ble_process_adv_pkt

01-03 02:03:04.654 20547 20609 I bt_btm  : btm_identity_addr_to_random_pseudo

01-03 02:03:04.654 20547 20609 D bt_btm  : btm_ble_process_adv_pkt:bda= 6c:2b:c3:1:c:43

01-03 02:03:04.654 20547 20609 I bt_btm  : btm_ble_resolve_random_addr

01-03 02:03:04.654 20547 20609 I bt_btm  : btm_ble_match_random_bda rec_index = 0

01-03 02:03:04.654 20547 20609 D bt_btm  : sec_flags = 00 device_type = 0

01-03 02:03:04.654 20547 20609 I bt_btm  : btm_ble_match_random_bda rec_index = 1

01-03 02:03:04.654 20547 20609 D bt_btm  : sec_flags = 00 device_type = 0

01-03 02:03:04.654 20547 20609 I bt_btm  : btm_ble_match_random_bda rec_index = 2

01-03 02:03:04.654 20547 20609 D bt_btm  : sec_flags = 00 device_type = 0

01-03 02:03:04.654 20547 20609 I bt_btm  : btm_ble_match_random_bda rec_index = 3

01-03 02:03:04.654 20547 20609 D bt_btm  : sec_flags = 00 device_type = 0

01-03 02:03:04.654 20547 20609 I bt_btm  : btm_ble_match_random_bda rec_index = 4

01-03 02:03:04.654 20547 20609 D bt_btm  : sec_flags = 00 device_type = 0

01-03 02:03:04.654 20547 20609 I bt_btm  : btm_ble_match_random_bda rec_index = 5

01-03 02:03:04.654 20547 20609 D bt_btm  : sec_flags = 00 device_type = 0

01-03 02:03:04.654 20547 20609 I bt_btm  : btm_ble_match_random_bda rec_index = 6

01-03 02:03:04.654 20547 20609 D bt_btm  : sec_flags = 00 device_type = 0

01-03 02:03:04.654 20547 20609 I bt_btm  : btm_ble_match_random_bda rec_index = 7

01-03 02:03:04.654 20547 20609 D bt_btm  : sec_flags = 00 device_type = 0

01-03 02:03:04.654 20547 20609 I bt_btm  : btm_ble_match_random_bda rec_index = 8

01-03 02:03:04.654 20547 20609 D bt_btm  : sec_flags = 00 device_type = 0

01-03 02:03:04.654 20547 20609 I bt_btm  : btm_ble_match_random_bda rec_index = 9

01-03 02:03:04.654 20547 20609 D bt_btm  : sec_flags = 00 device_type = 0

01-03 02:03:04.654 20547 20609 I bt_btm  : btm_ble_match_random_bda rec_index = 10

01-03 02:03:04.654 20547 20609 D bt_btm  : sec_flags = 00 device_type = 0

01-03 02:03:04.654 20547 20609 I bt_btm  : btm_ble_match_random_bda rec_index = 11

01-03 02:03:04.654 20547 20609 D bt_btm  : sec_flags = 00 device_type = 0

01-03 02:03:04.655 20547 20609 I bt_btm  : btm_ble_match_random_bda rec_index = 12

01-03 02:03:04.655 20547 20609 D bt_btm  : sec_flags = 00 device_type = 0

01-03 02:03:04.655 20547 20609 I bt_btm  : btm_ble_match_random_bda rec_index = 13

01-03 02:03:04.655 20547 20609 D bt_btm  : sec_flags = 00 device_type = 0

01-03 02:03:04.655 20547 20609 I bt_btm  : btm_ble_match_random_bda rec_index = 14

01-03 02:03:04.655 20547 20609 D bt_btm  : sec_flags = 00 device_type = 0

01-03 02:03:04.655 20547 20609 I bt_btm  : btm_ble_match_random_bda rec_index = 15

01-03 02:03:04.655 20547 20609 D bt_btm  : sec_flags = 00 device_type = 0

01-03 02:03:04.655 20547 20609 I bt_btm  : btm_ble_match_random_bda rec_index = 16

01-03 02:03:04.655 20547 20609 D bt_btm  : sec_flags = 00 device_type = 0

01-03 02:03:04.655 20547 20609 I bt_btm  : btm_ble_match_random_bda rec_index = 17

01-03 02:03:04.655 20547 20609 D bt_btm  : sec_flags = 00 device_type = 0

01-03 02:03:04.655 20547 20609 I bt_btm  : btm_ble_match_random_bda rec_index = 18

01-03 02:03:04.655 20547 20609 D bt_btm  : sec_flags = 00 device_type = 0

01-03 02:03:04.655 20547 20609 I bt_btm  : btm_ble_match_random_bda rec_index = 19

01-03 02:03:04.655 20547 20609 D bt_btm  : sec_flags = 00 device_type = 0

01-03 02:03:04.655 20547 20609 I bt_btm  : btm_ble_match_random_bda rec_index = 20

01-03 02:03:04.655 20547 20609 D bt_btm  : sec_flags = 00 device_type = 0

01-03 02:03:04.655 20547 20609 I bt_btm  : btm_ble_match_random_bda rec_index = 21

01-03 02:03:04.655 20547 20609 D bt_btm  : sec_flags = 00 device_type = 0

01-03 02:03:04.655 20547 20609 I bt_btm  : btm_ble_match_random_bda rec_index = 22

01-03 02:03:04.655 20547 20609 D bt_btm  : sec_flags = 00 device_type = 0

01-03 02:03:04.655 20547 20609 I bt_btm  : btm_ble_match_random_bda rec_index = 23

01-03 02:03:04.655 20547 20609 D bt_btm  : sec_flags = 00 device_type = 0

01-03 02:03:04.655 20547 20609 I bt_btm  : btm_ble_match_random_bda rec_index = 24

01-03 02:03:04.655 20547 20609 D bt_btm  : sec_flags = 00 device_type = 0

01-03 02:03:04.655 20547 20609 I bt_btm  : btm_ble_match_random_bda rec_index = 25

01-03 02:03:04.655 20547 20609 D bt_btm  : sec_flags = 00 device_type = 0

01-03 02:03:04.655 20547 20609 I bt_btm  : btm_ble_match_random_bda rec_index = 26

01-03 02:03:04.655 20547 20609 D bt_btm  : sec_flags = 00 device_type = 0

01-03 02:03:04.655 20547 20609 I bt_btm  : btm_ble_match_random_bda rec_index = 27

01-03 02:03:04.655 20547 20609 D bt_btm  : sec_flags = 00 device_type = 0

01-03 02:03:04.655 20547 20609 I bt_btm  : btm_ble_match_random_bda rec_index = 28

01-03 02:03:04.655 20547 20609 D bt_btm  : sec_flags = 00 device_type = 0

01-03 02:03:04.655 20547 20609 I bt_btm  : btm_ble_match_random_bda rec_index = 29

01-03 02:03:04.655 20547 20609 D bt_btm  : sec_flags = 00 device_type = 0

01-03 02:03:04.655 20547 20609 I bt_btm  : btm_ble_match_random_bda rec_index = 30

01-03 02:03:04.655 20547 20609 D bt_btm  : sec_flags = 00 device_type = 0

01-03 02:03:04.655 20547 20609 I bt_btm  : btm_ble_match_random_bda rec_index = 31

01-03 02:03:04.655 20547 20609 D bt_btm  : sec_flags = 00 device_type = 0

01-03 02:03:04.655 20547 20609 I bt_btm  : btm_ble_match_random_bda rec_index = 32

01-03 02:03:04.655 20547 20609 D bt_btm  : sec_flags = 00 device_type = 0

01-03 02:03:04.655 20547 20609 I bt_btm  : btm_ble_match_random_bda rec_index = 33

01-03 02:03:04.655 20547 20609 D bt_btm  : sec_flags = 00 device_type = 0

01-03 02:03:04.655 20547 20609 I bt_btm  : btm_ble_match_random_bda rec_index = 34

01-03 02:03:04.655 20547 20609 D bt_btm  : sec_flags = 00 device_type = 0

01-03 02:03:04.655 20547 20609 I bt_btm  : btm_ble_match_random_bda rec_index = 35

01-03 02:03:04.655 20547 20609 D bt_btm  : sec_flags = 00 device_type = 0

01-03 02:03:04.655 20547 20609 I bt_btm  : btm_ble_match_random_bda rec_index = 36

01-03 02:03:04.655 20547 20609 D bt_btm  : sec_flags = 00 device_type = 0

01-03 02:03:04.655 20547 20609 I bt_btm  : btm_ble_match_random_bda rec_index = 37

01-03 02:03:04.655 20547 20609 D bt_btm  : sec_flags = 00 device_type = 0

01-03 02:03:04.655 20547 20609 I bt_btm  : btm_ble_match_random_bda rec_index = 38

01-03 02:03:04.655 20547 20609 D bt_btm  : sec_flags = 00 device_type = 0

01-03 02:03:04.655 20547 20609 I bt_btm  : btm_ble_match_random_bda rec_index = 39

01-03 02:03:04.656 20547 20609 D bt_btm  : sec_flags = 00 device_type = 0

01-03 02:03:04.656 20547 20609 I bt_btm  : btm_ble_match_random_bda rec_index = 40

01-03 02:03:04.656 20547 20609 D bt_btm  : sec_flags = 00 device_type = 0

01-03 02:03:04.656 20547 20609 I bt_btm  : btm_ble_match_random_bda rec_index = 41

01-03 02:03:04.656 20547 20609 D bt_btm  : sec_flags = 00 device_type = 0

01-03 02:03:04.656 20547 20609 I bt_btm  : btm_ble_match_random_bda rec_index = 42

01-03 02:03:04.656 20547 20609 D bt_btm  : sec_flags = 00 device_type = 0

01-03 02:03:04.656 20547 20609 I bt_btm  : btm_ble_match_random_bda rec_index = 43

01-03 02:03:04.656 20547 20609 D bt_btm  : sec_flags = 00 device_type = 0

01-03 02:03:04.656 20547 20609 I bt_btm  : btm_ble_match_random_bda rec_index = 44

01-03 02:03:04.656 20547 20609 D bt_btm  : sec_flags = 00 device_type = 0

01-03 02:03:04.656 20547 20609 I bt_btm  : btm_ble_match_random_bda rec_index = 45

01-03 02:03:04.656 20547 20609 D bt_btm  : sec_flags = 00 device_type = 0

01-03 02:03:04.656 20547 20609 I bt_btm  : btm_ble_match_random_bda rec_index = 46

01-03 02:03:04.656 20547 20609 D bt_btm  : sec_flags = 00 device_type = 0

01-03 02:03:04.656 20547 20609 I bt_btm  : btm_ble_match_random_bda rec_index = 47

01-03 02:03:04.656 20547 20609 D bt_btm  : sec_flags = 00 device_type = 0

01-03 02:03:04.656 20547 20609 I bt_btm  : btm_ble_match_random_bda rec_index = 48

01-03 02:03:04.656 20547 20609 D bt_btm  : sec_flags = 00 device_type = 0

01-03 02:03:04.656 20547 20609 I bt_btm  : btm_ble_match_random_bda rec_index = 49

01-03 02:03:04.656 20547 20609 D bt_btm  : sec_flags = 00 device_type = 0

01-03 02:03:04.656 20547 20609 I bt_btm  : btm_ble_match_random_bda rec_index = 50

01-03 02:03:04.656 20547 20609 D bt_btm  : sec_flags = 00 device_type = 0

01-03 02:03:04.656 20547 20609 I bt_btm  : btm_ble_match_random_bda rec_index = 51

01-03 02:03:04.656 20547 20609 D bt_btm  : sec_flags = 00 device_type = 0

01-03 02:03:04.656 20547 20609 I bt_btm  : btm_ble_match_random_bda rec_index = 52

01-03 02:03:04.656 20547 20609 D bt_btm  : sec_flags = 00 device_type = 0

01-03 02:03:04.656 20547 20609 I bt_btm  : btm_ble_match_random_bda rec_index = 53

01-03 02:03:04.656 20547 20609 D bt_btm  : sec_flags = 00 device_type = 0

01-03 02:03:04.656 20547 20609 I bt_btm  : btm_ble_match_random_bda rec_index = 54

01-03 02:03:04.656 20547 20609 D bt_btm  : sec_flags = 00 device_type = 0

01-03 02:03:04.656 20547 20609 I bt_btm  : btm_ble_match_random_bda rec_index = 55

01-03 02:03:04.656 20547 20609 D bt_btm  : sec_flags = 00 device_type = 0

01-03 02:03:04.656 20547 20609 I bt_btm  : btm_ble_match_random_bda rec_index = 56

01-03 02:03:04.656 20547 20609 D bt_btm  : sec_flags = 00 device_type = 0

01-03 02:03:04.656 20547 20609 I bt_btm  : btm_ble_match_random_bda rec_index = 57

01-03 02:03:04.656 20547 20609 D bt_btm  : sec_flags = 00 device_type = 0

01-03 02:03:04.656 20547 20609 I bt_btm  : btm_ble_match_random_bda rec_index = 58

01-03 02:03:04.656 20547 20609 D bt_btm  : sec_flags = 00 device_type = 0

01-03 02:03:04.656 20547 20609 I bt_btm  : btm_ble_match_random_bda rec_index = 59

01-03 02:03:04.656 20547 20609 D bt_btm  : sec_flags = 00 device_type = 0

01-03 02:03:04.656 20547 20609 I bt_btm  : btm_ble_match_random_bda rec_index = 60

01-03 02:03:04.656 20547 20609 D bt_btm  : sec_flags = 00 device_type = 0

01-03 02:03:04.656 20547 20609 I bt_btm  : btm_ble_match_random_bda rec_index = 61

01-03 02:03:04.656 20547 20609 D bt_btm  : sec_flags = 00 device_type = 0

01-03 02:03:04.656 20547 20609 I bt_btm  : btm_ble_match_random_bda rec_index = 62

01-03 02:03:04.656 20547 20609 D bt_btm  : sec_flags = 00 device_type = 0

01-03 02:03:04.656 20547 20609 I bt_btm  : btm_ble_match_random_bda rec_index = 63

01-03 02:03:04.656 20547 20609 D bt_btm  : sec_flags = 00 device_type = 0

