01-03 23:47:05.533 25898 25898 D ScannedFragment: Device found with addr:0B:0B:00:01:39:90

01-03 23:47:05.581 25898 25898 D ScannedFragment: Device found with addr:0B:0B:00:01:61:74

01-03 23:47:05.615 25898 25898 D ScannedFragment: Device found with addr:0B:0B:00:01:61:74

01-03 23:47:05.626 25898 25898 D ScannedFragment: Device found with addr:0B:0B:00:01:61:74

01-03 23:47:05.640 25898 25898 D ScannedFragment: Device found with addr:0B:0B:00:01:39:90

01-03 23:47:05.659 25898 25898 D ScannedFragment: Device found with addr:00:15:83:6B:D0:02

01-03 23:47:05.662 25898 25898 D ScannedFragment: Device found with addr:88:0F:10:8D:7E:7F

01-03 23:47:05.708 25898 25898 D ScannedFragment: Device found with addr:0B:0B:00:01:61:74

01-03 23:47:05.731 27261 27312 I bt_btm  : btm_ble_match_random_bda rec_index = 20

01-03 23:47:05.731 27261 27312 D bt_btm  : sec_flags = 00 device_type = 0

01-03 23:47:05.731 27261 27312 I bt_btm  : btm_ble_match_random_bda rec_index = 21

01-03 23:47:05.731 27261 27312 D bt_btm  : sec_flags = 00 device_type = 0

01-03 23:47:05.731 27261 27312 I bt_btm  : btm_ble_match_random_bda rec_index = 22

01-03 23:47:05.731 27261 27312 D bt_btm  : sec_flags = 00 device_type = 0

01-03 23:47:05.731 27261 27312 I bt_btm  : btm_ble_match_random_bda rec_index = 23

01-03 23:47:05.731 27261 27312 D bt_btm  : sec_flags = 00 device_type = 0

01-03 23:47:05.731 27261 27312 I bt_btm  : btm_ble_match_random_bda rec_index = 24

01-03 23:47:05.731 27261 27312 D bt_btm  : sec_flags = 00 device_type = 0

01-03 23:47:05.731 27261 27312 I bt_btm  : btm_ble_match_random_bda rec_index = 25

01-03 23:47:05.731 27261 27312 D bt_btm  : sec_flags = 00 device_type = 0

01-03 23:47:05.731 27261 27312 I bt_btm  : btm_ble_match_random_bda rec_index = 26

01-03 23:47:05.731 27261 27312 D bt_btm  : sec_flags = 00 device_type = 0

01-03 23:47:05.731 27261 27312 I bt_btm  : btm_ble_match_random_bda rec_index = 27

01-03 23:47:05.731 27261 27312 D bt_btm  : sec_flags = 00 device_type = 0

01-03 23:47:05.731 27261 27312 I bt_btm  : btm_ble_match_random_bda rec_index = 28

01-03 23:47:05.731 27261 27312 D bt_btm  : sec_flags = 00 device_type = 0

01-03 23:47:05.731 27261 27312 I bt_btm  : btm_ble_match_random_bda rec_index = 29

01-03 23:47:05.731 27261 27312 D bt_btm  : sec_flags = 00 device_type = 0

01-03 23:47:05.731 27261 27312 I bt_btm  : btm_ble_match_random_bda rec_index = 30

01-03 23:47:05.731 27261 27312 D bt_btm  : sec_flags = 00 device_type = 0

01-03 23:47:05.731 27261 27312 I bt_btm  : btm_ble_match_random_bda rec_index = 31

01-03 23:47:05.731 27261 27312 D bt_btm  : sec_flags = 00 device_type = 0

01-03 23:47:05.731 27261 27312 I bt_btm  : btm_ble_match_random_bda rec_index = 32

01-03 23:47:05.731 27261 27312 D bt_btm  : sec_flags = 00 device_type = 0

01-03 23:47:05.731 27261 27312 I bt_btm  : btm_ble_match_random_bda rec_index = 33

01-03 23:47:05.731 27261 27312 D bt_btm  : sec_flags = 00 device_type = 0

01-03 23:47:05.731 27261 27312 I bt_btm  : btm_ble_match_random_bda rec_index = 34

01-03 23:47:05.731 27261 27312 D bt_btm  : sec_flags = 00 device_type = 0

01-03 23:47:05.731 27261 27312 I bt_btm  : btm_ble_match_random_bda rec_index = 35

01-03 23:47:05.731 27261 27312 D bt_btm  : sec_flags = 00 device_type = 0

01-03 23:47:05.731 27261 27312 I bt_btm  : btm_ble_match_random_bda rec_index = 36

01-03 23:47:05.731 27261 27312 D bt_btm  : sec_flags = 00 device_type = 0

01-03 23:47:05.731 27261 27312 I bt_btm  : btm_ble_match_random_bda rec_index = 37

01-03 23:47:05.732 27261 27312 D bt_btm  : sec_flags = 00 device_type = 0

01-03 23:47:05.732 27261 27312 I bt_btm  : btm_ble_match_random_bda rec_index = 38

01-03 23:47:05.732 27261 27312 D bt_btm  : sec_flags = 00 device_type = 0

01-03 23:47:05.732 27261 27312 I bt_btm  : btm_ble_match_random_bda rec_index = 39

01-03 23:47:05.732 27261 27312 D bt_btm  : sec_flags = 00 device_type = 0

01-03 23:47:05.732 27261 27312 I bt_btm  : btm_ble_match_random_bda rec_index = 40

01-03 23:47:05.732 27261 27312 D bt_btm  : sec_flags = 00 device_type = 0

01-03 23:47:05.732 27261 27312 I bt_btm  : btm_ble_match_random_bda rec_index = 41

01-03 23:47:05.732 27261 27312 D bt_btm  : sec_flags = 00 device_type = 0

01-03 23:47:05.732 27261 27312 I bt_btm  : btm_ble_match_random_bda rec_index = 42

01-03 23:47:05.732 27261 27312 D bt_btm  : sec_flags = 00 device_type = 0

01-03 23:47:05.732 27261 27312 I bt_btm  : btm_ble_match_random_bda rec_index = 43

01-03 23:47:05.732 27261 27312 D bt_btm  : sec_flags = 00 device_type = 0

01-03 23:47:05.732 27261 27312 I bt_btm  : btm_ble_match_random_bda rec_index = 44

01-03 23:47:05.732 27261 27312 D bt_btm  : sec_flags = 00 device_type = 0

01-03 23:47:05.732 27261 27312 I bt_btm  : btm_ble_match_random_bda rec_index = 45

01-03 23:47:05.732 27261 27312 D bt_btm  : sec_flags = 00 device_type = 0

01-03 23:47:05.732 27261 27312 I bt_btm  : btm_ble_match_random_bda rec_index = 46

01-03 23:47:05.732 27261 27312 D bt_btm  : sec_flags = 00 device_type = 0

01-03 23:47:05.732 27261 27312 I bt_btm  : btm_ble_match_random_bda rec_index = 47

01-03 23:47:05.732 27261 27312 D bt_btm  : sec_flags = 00 device_type = 0

01-03 23:47:05.732 27261 27312 I bt_btm  : btm_ble_match_random_bda rec_index = 48

01-03 23:47:05.732 27261 27312 D bt_btm  : sec_flags = 00 device_type = 0

01-03 23:47:05.732 27261 27312 I bt_btm  : btm_ble_match_random_bda rec_index = 49

01-03 23:47:05.732 27261 27312 D bt_btm  : sec_flags = 00 device_type = 0

01-03 23:47:05.732 27261 27312 I bt_btm  : btm_ble_match_random_bda rec_index = 50

01-03 23:47:05.732 27261 27312 D bt_btm  : sec_flags = 00 device_type = 0

01-03 23:47:05.732 27261 27312 I bt_btm  : btm_ble_match_random_bda rec_index = 51

01-03 23:47:05.732 27261 27312 D bt_btm  : sec_flags = 00 device_type = 0

01-03 23:47:05.732 27261 27312 I bt_btm  : btm_ble_match_random_bda rec_index = 52

01-03 23:47:05.732 27261 27312 D bt_btm  : sec_flags = 00 device_type = 0

01-03 23:47:05.732 27261 27312 I bt_btm  : btm_ble_match_random_bda rec_index = 53

01-03 23:47:05.732 27261 27312 D bt_btm  : sec_flags = 00 device_type = 0

01-03 23:47:05.732 27261 27312 I bt_btm  : btm_ble_match_random_bda rec_index = 54

01-03 23:47:05.732 27261 27312 D bt_btm  : sec_flags = 00 device_type = 0

01-03 23:47:05.732 27261 27312 I bt_btm  : btm_ble_match_random_bda rec_index = 55

01-03 23:47:05.732 27261 27312 D bt_btm  : sec_flags = 00 device_type = 0

01-03 23:47:05.732 27261 27312 I bt_btm  : btm_ble_match_random_bda rec_index = 56

01-03 23:47:05.732 27261 27312 D bt_btm  : sec_flags = 00 device_type = 0

01-03 23:47:05.732 27261 27312 I bt_btm  : btm_ble_match_random_bda rec_index = 57

01-03 23:47:05.732 27261 27312 D bt_btm  : sec_flags = 00 device_type = 0

01-03 23:47:05.732 27261 27312 I bt_btm  : btm_ble_match_random_bda rec_index = 58

01-03 23:47:05.732 27261 27312 D bt_btm  : sec_flags = 00 device_type = 0

01-03 23:47:05.732 27261 27312 I bt_btm  : btm_ble_match_random_bda rec_index = 63

01-03 23:47:05.732 27261 27312 D bt_btm  : sec_flags = 00 device_type = 0

01-03 23:47:05.732 27261 27312 I bt_btm  : btm_ble_match_random_bda rec_index = 64

01-03 23:47:05.732 27261 27312 D bt_btm  : sec_flags = 00 device_type = 0

01-03 23:47:05.733 27261 27312 I bt_btm  : btm_ble_match_random_bda rec_index = 65

01-03 23:47:05.733 27261 27312 D bt_btm  : sec_flags = 00 device_type = 0

01-03 23:47:05.733 27261 27312 I bt_btm  : btm_ble_match_random_bda rec_index = 66

01-03 23:47:05.733 27261 27312 D bt_btm  : sec_flags = 00 device_type = 0

01-03 23:47:05.733 27261 27312 I bt_btm  : btm_ble_match_random_bda rec_index = 67

01-03 23:47:05.733 27261 27312 D bt_btm  : sec_flags = 00 device_type = 0

01-03 23:47:05.733 27261 27312 I bt_btm  : btm_ble_match_random_bda rec_index = 68

01-03 23:47:05.733 27261 27312 D bt_btm  : sec_flags = 00 device_type = 0

01-03 23:47:05.733 27261 27312 D bt_btm  : sec_flags = 00 device_type = 0

01-03 23:47:05.733 27261 27312 I bt_btm  : btm_ble_match_random_bda rec_index = 76

01-03 23:47:05.734 27261 27312 D bt_btif : bta_dm_observe_results_cb

01-03 23:47:05.734 27261 27285 D bt_btif : btif task fetched event a001

01-03 23:47:05.734 27261 27285 D bt_btif : btif_context_switched

01-03 23:47:05.734 27261 27285 I bt_btm  : BLE HCI(id=62) event = 0x0

01-03 23:47:05.734 27261 27312 I bt_hci  : BLE HCI(id=62) event = 0x02)

01-03 23:47:05.734 27261 27312 I bt_hci  : in, bd addr:5d:5c:db:4b

01-03 23:47:05.734 27261 27285 D bt_btif : in, bd addr:5d:5c:db:4b:06:20, prop type:5, len:4

01-03 23:47:05.735 25898 25898 D ScannedFragment: Device found with addr:5D:5C:DB:4B:06:20

01-03 23:47:05.736 27261 27312 D bt_btif : btif_transfer_context event 4096, len 740

01-03 23:47:05.736 27261 27285 D bt_btif : btif task fetched event a001

01-03 23:47:05.736 27261 27285 D bt_btif : btif_context_switched

01-03 23:47:05.736 27261 27285 I bt_btm  : BTM_CheckEirData type=0x09

01-03 23:47:05.736 27261 27285 D bt_btif : in, bd addr:0b:0b:00:01:39:90, prop type:5, len:4

01-03 23:47:05.738 25898 25898 D ScannedFragment: Device found with addr:0B:0B:00:01:39:90

01-03 23:47:05.742 27302 27302 I WCNSS_FILTER: Direction(1): bytes: 42 : bytes_written: 42

01-03 23:47:05.742 27302 27302 I WCNSS_FILTER: Direction(1): bytes: 15 : bytes_written: 15

01-03 23:47:05.743 27261 27312 I bt_hci  : BLE HCI(id=62) event = 0x02)

01-03 23:47:05.743 27261 27312 I bt_hci  : btu_ble_process_adv_pkt

01-03 23:47:05.743 27261 27312 I bt_btm  : btm_identity_addr_to_random_pseudo

01-03 23:47:05.743 27261 27312 D bt_btm  : btm_ble_process_adv_pkt:bda= b:b:0:1:39:90

01-03 23:47:05.743 27261 27312 D bt_btm  : btm_ble_update_inq_result scan_rsp=false, to_report=false,                              scan_type_active=1

01-03 23:47:05.745 25898 25898 D ScannedFragment: Device found with addr:0B:0B:00:01:39:90

01-03 23:47:05.764 27302 27302 I WCNSS_FILTER: Direction(1): bytes: 32 : bytes_written: 32

01-03 23:47:05.764 27302 27302 I WCNSS_FILTER: Direction(1): bytes: 40 : bytes_written: 40

01-03 23:47:05.764 27261 27312 I bt_hci  : BLE HCI(id=62) event = 0x02)

01-03 23:47:05.764 27261 27312 I bt_hci  : btu_ble_process_adv_pkt

01-03 23:47:05.765 27261 27312 I bt_btm  : btm_identity_addr_to_random_pseudo

01-03 23:47:05.765 27261 27312 D bt_btm  : btm_ble_process_adv_pkt:bda= b:b:0:1:61:74

01-03 23:47:05.765 27261 27312 D bt_btm  : btm_ble_update_inq_result scan_rsp=false, to_report=false,                              scan_type_active=1

01-03 23:47:05.765 27261 27312 I bt_btm  : BTM_CheckAdvData type=0x01

01-03 23:47:05.765 27261 27312 I bt_btm  : BTM_CheckAdvData type=0x19

01-03 23:47:05.765 27261 27312 I bt_btm  : BTM_CheckAdvData type=0x03

01-03 23:47:05.765 27261 27312 D bt_btm  : BR/EDR NOT SUPPORT bit set, LE only device

01-03 23:47:05.765 27261 27312 I bt_hci  : BLE HCI(id=62) event = 0x02)

01-03 23:47:05.765 27261 27312 I bt_hci  : btu_ble_process_adv_pkt

01-03 23:47:05.765 27261 27312 I bt_btm  : btm_identity_addr_to_random_pseudo

01-03 23:47:05.765 27261 27312 D bt_btm  : btm_ble_process_adv_pkt:bda= b:b:0:1:61:74

01-03 23:47:05.765 27261 27312 I bt_btm  : BTM_CheckAdvData type=0x01

01-03 23:47:05.765 27261 27312 I bt_btm  : BTM_CheckAdvData type=0x19

01-03 23:47:05.765 27261 27312 I bt_btm  : BTM_CheckAdvData type=0x03

01-03 23:47:05.765 27261 27312 D bt_btm  : BR/EDR NOT SUPPORT bit set, LE only device

01-03 23:47:05.765 27261 27312 I bt_btm  : BTM_CheckAdvData type=0x01

01-03 23:47:05.765 27261 27312 D bt_btif : bta_dm_observe_results_cb

01-03 23:47:05.765 27261 27312 I bt_btm  : BTM_InqDbRead: bd addr [0b0b00016174]

01-03 23:47:05.765 27261 27312 I bt_btm  : BTM_CheckEirData type=0x09

01-03 23:47:05.765 27261 27312 D bt_btif : btif_transfer_context event 4096, len 740

01-03 23:47:05.765 27261 27285 D bt_btif : btif task fetched event a001

01-03 23:47:05.765 27261 27285 D bt_btif : btif_context_switched

01-03 23:47:05.765 27261 27285 I bt_btm  : BTM_CheckEirData type=0x09

01-03 23:47:05.765 27261 27285 D bt_btif : in, bd addr:0b:0b:00:01:61:74, prop type:5, len:4

01-03 23:47:05.765 27261 27285 I bt_btif : HAL bt_gatt_callbacks->client->scan_result_cb

01-03 23:47:05.767 25898 25898 D ScannedFragment: Device found with addr:0B:0B:00:01:61:74

01-03 23:47:05.795 27302 27302 I WCNSS_FILTER: Direction(1): bytes: 42 : bytes_written: 42

01-03 23:47:05.796 27302 27302 I WCNSS_FILTER: Direction(1): bytes: 15 : bytes_written: 15

01-03 23:47:05.796 27261 27312 I bt_hci  : BLE HCI(id=62) event = 0x02)

01-03 23:47:05.796 27261 27312 I bt_hci  : btu_ble_process_adv_pkt

01-03 23:47:05.796 27261 27312 I bt_btm  : btm_identity_addr_to_random_pseudo

01-03 23:47:05.796 27261 27312 D bt_btm  : btm_ble_process_adv_pkt:bda= b:b:0:1:39:90

01-03 23:47:05.796 27261 27312 D bt_btm  : btm_ble_update_inq_result scan_rsp=false, to_report=false,                              scan_type_active=1

01-03 23:47:05.796 27261 27312 I bt_btm  : BTM_CheckAdvData type=0x01

01-03 23:47:05.796 27261 27312 I bt_btm  : BTM_CheckAdvData type=0x19

01-03 23:47:05.796 27261 27312 I bt_btm  : BTM_CheckAdvData type=0x03

01-03 23:47:05.796 27261 27312 D bt_btm  : BR/EDR NOT SUPPORT bit set, LE only device

01-03 23:47:05.797 27261 27312 I bt_hci  : BLE HCI(id=62) event = 0x02)

01-03 23:47:05.797 27261 27312 I bt_hci  : btu_ble_process_adv_pkt

01-03 23:47:05.797 27261 27312 I bt_btm  : btm_identity_addr_to_random_pseudo

01-03 23:47:05.797 27261 27312 D bt_btm  : btm_ble_process_adv_pkt:bda= b:b:0:1:39:90

01-03 23:47:05.797 27261 27312 I bt_btm  : BTM_CheckAdvData type=0x01

01-03 23:47:05.797 27261 27312 I bt_btm  : BTM_CheckAdvData type=0x19

01-03 23:47:05.797 27261 27312 I bt_btm  : BTM_CheckAdvData type=0x03

01-03 23:47:05.797 27261 27312 D bt_btm  : BR/EDR NOT SUPPORT bit set, LE only device

01-03 23:47:05.797 27261 27312 I bt_btm  : BTM_CheckAdvData type=0x01

01-03 23:47:05.797 27261 27312 D bt_btif : bta_dm_observe_results_cb

01-03 23:47:05.797 27261 27312 I bt_btm  : BTM_InqDbRead: bd addr [0b0b00013990]

01-03 23:47:05.797 27261 27312 I bt_btm  : BTM_CheckEirData type=0x09

01-03 23:47:05.797 27261 27312 D bt_btif : btif_transfer_context event 4096, len 740

01-03 23:47:05.798 27261 27285 D bt_btif : btif task fetched event a001

01-03 23:47:05.798 27261 27285 D bt_btif : btif_context_switched

01-03 23:47:05.798 27261 27285 I bt_btm  : BTM_CheckEirData type=0x09

01-03 23:47:05.798 27261 27285 D bt_btif : in, bd addr:0b:0b:00:01:39:90, prop type:5, len:4

01-03 23:47:05.798 27261 27285 I bt_btif : HAL bt_gatt_callbacks->client->scan_result_cb

01-03 23:47:05.799 25898 25898 D ScannedFragment: Device found with addr:0B:0B:00:01:39:90

01-03 23:47:05.811 27302 27302 I WCNSS_FILTER: Direction(1): bytes: 32 : bytes_written: 32

01-03 23:47:05.811 27302 27302 I WCNSS_FILTER: Direction(1): bytes: 40 : bytes_written: 40

01-03 23:47:05.813 27261 27312 I bt_hci  : BLE HCI(id=62) event = 0x02)

01-03 23:47:05.813 27261 27312 I bt_hci  : btu_ble_process_adv_pkt

01-03 23:47:05.814 27261 27312 I bt_btm  : btm_identity_addr_to_random_pseudo

01-03 23:47:05.814 27261 27312 D bt_btm  : btm_ble_process_adv_pkt:bda= b:b:0:1:61:74

01-03 23:47:05.814 27261 27312 D bt_btm  : btm_ble_update_inq_result scan_rsp=false, to_report=false,                              scan_type_active=1

01-03 23:47:05.814 27261 27312 I bt_btm  : BTM_CheckAdvData type=0x01

01-03 23:47:05.814 27261 27312 I bt_btm  : BTM_CheckAdvData type=0x19

01-03 23:47:05.814 27261 27312 I bt_btm  : BTM_CheckAdvData type=0x03

01-03 23:47:05.814 27261 27312 D bt_btm  : BR/EDR NOT SUPPORT bit set, LE only device

01-03 23:47:05.815 27261 27312 I bt_hci  : BLE HCI(id=62) event = 0x02)

01-03 23:47:05.815 27261 27312 I bt_hci  : btu_ble_process_adv_pkt

01-03 23:47:05.815 27261 27312 I bt_btm  : btm_identity_addr_to_random_pseudo

01-03 23:47:05.816 27261 27312 D bt_btm  : btm_ble_process_adv_pkt:bda= b:b:0:1:61:74

01-03 23:47:05.816 27261 27312 I bt_btm  : BTM_CheckAdvData type=0x01

01-03 23:47:05.816 27261 27312 I bt_btm  : BTM_CheckAdvData type=0x19

01-03 23:47:05.816 27261 27312 I bt_btm  : BTM_CheckAdvData type=0x03

01-03 23:47:05.816 27261 27312 D bt_btm  : BR/EDR NOT SUPPORT bit set, LE only device

01-03 23:47:05.816 27261 27312 I bt_btm  : BTM_CheckAdvData type=0x01

01-03 23:47:05.816 27261 27312 D bt_btif : bta_dm_observe_results_cb

01-03 23:47:05.816 27261 27312 I bt_btm  : BTM_InqDbRead: bd addr [0b0b00016174]

01-03 23:47:05.816 27261 27312 I bt_btm  : BTM_CheckEirData type=0x09

01-03 23:47:05.816 27261 27312 D bt_btif : btif_transfer_context event 4096, len 740

01-03 23:47:05.817 27261 27285 D bt_btif : btif task fetched event a001

01-03 23:47:05.817 27261 27285 D bt_btif : btif_context_switched

01-03 23:47:05.817 27261 27285 I bt_btm  : BTM_CheckEirData type=0x09

01-03 23:47:05.817 27261 27285 D bt_btif : in, bd addr:0b:0b:00:01:61:74, prop type:5, len:4

01-03 23:47:05.817 27261 27285 I bt_btif : HAL bt_gatt_callbacks->client->scan_result_cb

01-03 23:47:05.818 25898 25898 D ScannedFragment: Device found with addr:0B:0B:00:01:61:74

01-03 23:47:05.835 27302 27302 I WCNSS_FILTER: Direction(1): bytes: 32 : bytes_written: 32

01-03 23:47:05.835 27302 27302 I WCNSS_FILTER: Direction(1): bytes: 40 : bytes_written: 40

01-03 23:47:05.836 27261 27312 I bt_hci  : BLE HCI(id=62) event = 0x02)

01-03 23:47:05.836 27261 27312 I bt_hci  : btu_ble_process_adv_pkt

01-03 23:47:05.836 27261 27312 I bt_btm  : btm_identity_addr_to_random_pseudo

01-03 23:47:05.836 27261 27312 D bt_btm  : btm_ble_process_adv_pkt:bda= b:b:0:1:61:74

01-03 23:47:05.836 27261 27312 D bt_btm  : btm_ble_update_inq_result scan_rsp=false, to_report=false,                              scan_type_active=1

01-03 23:47:05.836 27261 27312 I bt_btm  : BTM_CheckAdvData type=0x01

01-03 23:47:05.836 27261 27312 I bt_btm  : BTM_CheckAdvData type=0x19

01-03 23:47:05.836 27261 27312 I bt_btm  : BTM_CheckAdvData type=0x03

01-03 23:47:05.836 27261 27312 D bt_btm  : BR/EDR NOT SUPPORT bit set, LE only device

01-03 23:47:05.836 27261 27312 I bt_hci  : BLE HCI(id=62) event = 0x02)

01-03 23:47:05.836 27261 27312 I bt_hci  : btu_ble_process_adv_pkt

01-03 23:47:05.836 27261 27312 I bt_btm  : btm_identity_addr_to_random_pseudo

01-03 23:47:05.836 27261 27312 D bt_btm  : btm_ble_process_adv_pkt:bda= b:b:0:1:61:74

01-03 23:47:05.836 27261 27312 I bt_btm  : BTM_CheckAdvData type=0x01

01-03 23:47:05.836 27261 27312 I bt_btm  : BTM_CheckAdvData type=0x19

01-03 23:47:05.836 27261 27312 I bt_btm  : BTM_CheckAdvData type=0x03

01-03 23:47:05.836 27261 27312 D bt_btm  : BR/EDR NOT SUPPORT bit set, LE only device

01-03 23:47:05.836 27261 27312 I bt_btm  : BTM_CheckAdvData type=0x01

01-03 23:47:05.836 27261 27312 D bt_btif : bta_dm_observe_results_cb

01-03 23:47:05.836 27261 27312 I bt_btm  : BTM_InqDbRead: bd addr [0b0b00016174]

01-03 23:47:05.836 27261 27312 I bt_btm  : BTM_CheckEirData type=0x09

01-03 23:47:05.836 27261 27312 D bt_btif : btif_transfer_context event 4096, len 740

01-03 23:47:05.837 27261 27285 D bt_btif : btif task fetched event a001

01-03 23:47:05.837 27261 27285 D bt_btif : btif_context_switched

01-03 23:47:05.837 27261 27285 I bt_btm  : BTM_CheckEirData type=0x09

01-03 23:47:05.837 27261 27285 D bt_btif : in, bd addr:0b:0b:00:01:61:74, prop type:5, len:4

01-03 23:47:05.837 27261 27285 I bt_btif : HAL bt_gatt_callbacks->client->scan_result_cb

01-03 23:47:05.838 25898 25898 D ScannedFragment: Device found with addr:0B:0B:00:01:61:74

01-03 23:47:05.846 27302 27302 I WCNSS_FILTER: Direction(1): bytes: 42 : bytes_written: 42

01-03 23:47:05.846 27302 27302 I WCNSS_FILTER: Direction(1): bytes: 15 : bytes_written: 15

01-03 23:47:05.847 27261 27312 I bt_hci  : BLE HCI(id=62) event = 0x02)

01-03 23:47:05.847 27261 27312 I bt_hci  : btu_ble_process_adv_pkt

01-03 23:47:05.847 27261 27312 I bt_btm  : btm_identity_addr_to_random_pseudo

01-03 23:47:05.847 27261 27312 D bt_btm  : btm_ble_process_adv_pkt:bda= b:b:0:1:39:90

01-03 23:47:05.847 27261 27312 D bt_btm  : btm_ble_update_inq_result scan_rsp=false, to_report=false,                              scan_type_active=1

01-03 23:47:05.847 27261 27312 I bt_btm  : BTM_CheckAdvData type=0x01

01-03 23:47:05.847 27261 27312 I bt_btm  : BTM_CheckAdvData type=0x19

01-03 23:47:05.847 27261 27312 I bt_btm  : BTM_CheckAdvData type=0x03

01-03 23:47:05.847 27261 27312 D bt_btm  : BR/EDR NOT SUPPORT bit set, LE only device

01-03 23:47:05.847 27261 27312 I bt_hci  : BLE HCI(id=62) event = 0x02)

01-03 23:47:05.847 27261 27312 I bt_hci  : btu_ble_process_adv_pkt

01-03 23:47:05.847 27261 27312 I bt_btm  : btm_identity_addr_to_random_pseudo

01-03 23:47:05.847 27261 27312 D bt_btm  : btm_ble_process_adv_pkt:bda= b:b:0:1:39:90

01-03 23:47:05.847 27261 27312 I bt_btm  : BTM_CheckAdvData type=0x01

01-03 23:47:05.847 27261 27312 I bt_btm  : BTM_CheckAdvData type=0x19

01-03 23:47:05.847 27261 27312 I bt_btm  : BTM_CheckAdvData type=0x03

01-03 23:47:05.847 27261 27312 D bt_btm  : BR/EDR NOT SUPPORT bit set, LE only device

01-03 23:47:05.847 27261 27312 I bt_btm  : BTM_CheckAdvData type=0x01

01-03 23:47:05.847 27261 27312 D bt_btif : bta_dm_observe_results_cb

01-03 23:47:05.847 27261 27312 I bt_btm  : BTM_InqDbRead: bd addr [0b0b00013990]

01-03 23:47:05.847 27261 27312 I bt_btm  : BTM_CheckEirData type=0x09

01-03 23:47:05.847 27261 27312 D bt_btif : btif_transfer_context event 4096, len 740

01-03 23:47:05.847 27261 27285 D bt_btif : btif task fetched event a001

01-03 23:47:05.847 27261 27285 D bt_btif : btif_context_switched

01-03 23:47:05.847 27261 27285 I bt_btm  : BTM_CheckEirData type=0x09

01-03 23:47:05.847 27261 27285 D bt_btif : in, bd addr:0b:0b:00:01:39:90, prop type:5, len:4

01-03 23:47:05.848 27261 27285 I bt_btif : HAL bt_gatt_callbacks->client->scan_result_cb

01-03 23:47:05.849 25898 25898 D ScannedFragment: Device found with addr:0B:0B:00:01:39:90

01-03 23:47:05.856 27302 27302 I WCNSS_FILTER: Direction(1): bytes: 32 : bytes_written: 32

01-03 23:47:05.856 27261 27312 I bt_hci  : BLE HCI(id=62) event = 0x02)

01-03 23:47:05.856 27261 27312 I bt_hci  : btu_ble_process_adv_pkt

01-03 23:47:05.856 27261 27312 I bt_btm  : btm_identity_addr_to_random_pseudo

01-03 23:47:05.856 27261 27312 D bt_btm  : btm_ble_process_adv_pkt:bda= b:b:0:1:61:74

01-03 23:47:05.856 27261 27312 D bt_btm  : btm_ble_update_inq_result scan_rsp=false, to_report=false,                              scan_type_active=1

01-03 23:47:05.856 27261 27312 I bt_btm  : BTM_CheckAdvData type=0x01

01-03 23:47:05.856 27261 27312 I bt_btm  : BTM_CheckAdvData type=0x19

01-03 23:47:05.856 27261 27312 I bt_btm  : BTM_CheckAdvData type=0x03

01-03 23:47:05.856 27261 27312 D bt_btm  : BR/EDR NOT SUPPORT bit set, LE only device

01-03 23:47:05.857 27302 27302 I WCNSS_FILTER: Direction(1): bytes: 40 : bytes_written: 40

01-03 23:47:05.857 27261 27312 I bt_hci  : BLE HCI(id=62) event = 0x02)

01-03 23:47:05.857 27261 27312 I bt_hci  : btu_ble_process_adv_pkt

01-03 23:47:05.857 27261 27312 I bt_btm  : btm_identity_addr_to_random_pseudo

01-03 23:47:05.857 27261 27312 D bt_btm  : btm_ble_process_adv_pkt:bda= b:b:0:1:61:74

01-03 23:47:05.857 27261 27312 I bt_btm  : BTM_CheckAdvData type=0x01

01-03 23:47:05.857 27261 27312 I bt_btm  : BTM_CheckAdvData type=0x19

01-03 23:47:05.857 27261 27312 I bt_btm  : BTM_CheckAdvData type=0x03

01-03 23:47:05.857 27261 27312 D bt_btm  : BR/EDR NOT SUPPORT bit set, LE only device

01-03 23:47:05.857 27261 27312 I bt_btm  : BTM_CheckAdvData type=0x01

01-03 23:47:05.857 27261 27312 D bt_btif : bta_dm_observe_results_cb

01-03 23:47:05.857 27261 27312 I bt_btm  : BTM_InqDbRead: bd addr [0b0b00016174]

01-03 23:47:05.857 27261 27312 I bt_btm  : BTM_CheckEirData type=0x09

01-03 23:47:05.857 27261 27312 D bt_btif : btif_transfer_context event 4096, len 740

01-03 23:47:05.858 27261 27285 D bt_btif : btif task fetched event a001

01-03 23:47:05.858 27261 27285 D bt_btif : btif_context_switched

01-03 23:47:05.858 27261 27285 I bt_btm  : BTM_CheckEirData type=0x09

01-03 23:47:05.858 27261 27285 D bt_btif : in, bd addr:0b:0b:00:01:61:74, prop type:5, len:4

01-03 23:47:05.858 27261 27285 I bt_btif : HAL bt_gatt_callbacks->client->scan_result_cb

01-03 23:47:05.859 25898 25898 D ScannedFragment: Device found with addr:0B:0B:00:01:61:74

01-03 23:47:05.884 27302 27302 I WCNSS_FILTER: Direction(1): bytes: 32 : bytes_written: 32

01-03 23:47:05.885 27302 27302 I WCNSS_FILTER: Direction(1): bytes: 40 : bytes_written: 40

01-03 23:47:05.885 27261 27312 I bt_hci  : BLE HCI(id=62) event = 0x02)

01-03 23:47:05.885 27261 27312 I bt_hci  : btu_ble_process_adv_pkt

01-03 23:47:05.885 27261 27312 I bt_btm  : btm_identity_addr_to_random_pseudo

01-03 23:47:05.885 27261 27312 D bt_btm  : btm_ble_process_adv_pkt:bda= b:b:0:1:61:74

01-03 23:47:05.885 27261 27312 D bt_btm  : btm_ble_update_inq_result scan_rsp=false, to_report=false,                              scan_type_active=1

01-03 23:47:05.885 27261 27312 I bt_btm  : BTM_CheckAdvData type=0x01

01-03 23:47:05.885 27261 27312 I bt_btm  : BTM_CheckAdvData type=0x19

01-03 23:47:05.885 27261 27312 I bt_btm  : BTM_CheckAdvData type=0x03

01-03 23:47:05.885 27261 27312 D bt_btm  : BR/EDR NOT SUPPORT bit set, LE only device

01-03 23:47:05.886 27261 27312 I bt_hci  : BLE HCI(id=62) event = 0x02)

01-03 23:47:05.886 27261 27312 I bt_hci  : btu_ble_process_adv_pkt

01-03 23:47:05.886 27261 27312 I bt_btm  : btm_identity_addr_to_random_pseudo

01-03 23:47:05.886 27261 27312 D bt_btm  : btm_ble_process_adv_pkt:bda= b:b:0:1:61:74

01-03 23:47:05.886 27261 27312 I bt_btm  : BTM_CheckAdvData type=0x01

01-03 23:47:05.886 27261 27312 I bt_btm  : BTM_CheckAdvData type=0x19

01-03 23:47:05.886 27261 27312 I bt_btm  : BTM_CheckAdvData type=0x03

01-03 23:47:05.886 27261 27312 D bt_btm  : BR/EDR NOT SUPPORT bit set, LE only device

01-03 23:47:05.886 27261 27312 I bt_btm  : BTM_CheckAdvData type=0x01

01-03 23:47:05.886 27261 27312 D bt_btif : bta_dm_observe_results_cb

01-03 23:47:05.886 27261 27312 I bt_btm  : BTM_InqDbRead: bd addr [0b0b00016174]

01-03 23:47:05.886 27261 27312 I bt_btm  : BTM_CheckEirData type=0x09

01-03 23:47:05.886 27261 27312 D bt_btif : btif_transfer_context event 4096, len 740

01-03 23:47:05.886 27261 27285 D bt_btif : btif task fetched event a001

01-03 23:47:05.886 27261 27285 D bt_btif : btif_context_switched

01-03 23:47:05.886 27261 27285 I bt_btm  : BTM_CheckEirData type=0x09

01-03 23:47:05.886 27261 27285 D bt_btif : in, bd addr:0b:0b:00:01:61:74, prop type:5, len:4

01-03 23:47:05.886 27261 27285 I bt_btif : HAL bt_gatt_callbacks->client->scan_result_cb

01-03 23:47:05.888 25898 25898 D ScannedFragment: Device found with addr:0B:0B:00:01:61:74

01-03 23:47:05.888  1125  1778 I PowerManagerService: Going to sleep due to screen timeout (uid 1000)...

01-03 23:47:05.925 27302 27302 I WCNSS_FILTER: ibs_msm_serial_clock_vote: vote UART CLK OFF using UART driver's ioctl()

01-03 23:47:05.932 27302 27302 I WCNSS_FILTER: ibs_msm_serial_clock_vote: vote UART CLK ON using UART driver's ioctl()

01-03 23:47:05.933 27302 27302 I WCNSS_FILTER: do_write: IBS write: fc

01-03 23:47:05.935 27302 27302 I WCNSS_FILTER: Direction(1): bytes: 42 : bytes_written: 42

01-03 23:47:05.935 27302 27302 I WCNSS_FILTER: Direction(1): bytes: 32 : bytes_written: 32

01-03 23:47:05.935 27302 27302 I WCNSS_FILTER: Direction(1): bytes: 40 : bytes_written: 40

01-03 23:47:05.935 27261 27312 I bt_hci  : BLE HCI(id=62) event = 0x02)

01-03 23:47:05.935 27261 27312 I bt_hci  : btu_ble_process_adv_pkt

01-03 23:47:05.935 27261 27312 I bt_btm  : btm_identity_addr_to_random_pseudo

01-03 23:47:05.935 27261 27312 D bt_btm  : btm_ble_process_adv_pkt:bda= b:b:0:1:39:90

01-03 23:47:05.935 27261 27312 D bt_btm  : btm_ble_update_inq_result scan_rsp=false, to_report=false,                              scan_type_active=1

01-03 23:47:05.935 27261 27312 I bt_btm  : BTM_CheckAdvData type=0x01

01-03 23:47:05.935 27261 27312 I bt_btm  : BTM_CheckAdvData type=0x19

01-03 23:47:05.935 27261 27312 I bt_btm  : BTM_CheckAdvData type=0x03

01-03 23:47:05.935 27261 27312 D bt_btm  : BR/EDR NOT SUPPORT bit set, LE only device

01-03 23:47:05.936 27261 27312 I bt_hci  : BLE HCI(id=62) event = 0x02)

01-03 23:47:05.936 27261 27312 I bt_hci  : btu_ble_process_adv_pkt

01-03 23:47:05.936 27261 27312 I bt_btm  : btm_identity_addr_to_random_pseudo

01-03 23:47:05.936 27261 27312 D bt_btm  : btm_ble_process_adv_pkt:bda= b:b:0:1:61:74

01-03 23:47:05.936 27261 27312 D bt_btm  : btm_ble_update_inq_result scan_rsp=false, to_report=false,                              scan_type_active=1

01-03 23:47:05.936 27261 27312 I bt_btm  : BTM_CheckAdvData type=0x01

01-03 23:47:05.936 27261 27312 I bt_btm  : BTM_CheckAdvData type=0x19

01-03 23:47:05.936 27261 27312 I bt_btm  : BTM_CheckAdvData type=0x03

01-03 23:47:05.936 27261 27312 D bt_btm  : BR/EDR NOT SUPPORT bit set, LE only device

01-03 23:47:05.936 27261 27312 I bt_hci  : BLE HCI(id=62) event = 0x02)

01-03 23:47:05.936 27261 27312 I bt_hci  : btu_ble_process_adv_pkt

01-03 23:47:05.936 27261 27312 I bt_btm  : btm_identity_addr_to_random_pseudo

01-03 23:47:05.936 27261 27312 D bt_btm  : btm_ble_process_adv_pkt:bda= b:b:0:1:61:74

01-03 23:47:05.936 27261 27312 I bt_btm  : BTM_CheckAdvData type=0x01

01-03 23:47:05.936 27261 27312 I bt_btm  : BTM_CheckAdvData type=0x19

01-03 23:47:05.936 27261 27312 I bt_btm  : BTM_CheckAdvData type=0x03

01-03 23:47:05.936 27261 27312 D bt_btm  : BR/EDR NOT SUPPORT bit set, LE only device

01-03 23:47:05.936 27261 27312 I bt_btm  : BTM_CheckAdvData type=0x01

01-03 23:47:05.936 27261 27312 D bt_btif : bta_dm_observe_results_cb

01-03 23:47:05.936 27261 27312 I bt_btm  : BTM_InqDbRead: bd addr [0b0b00016174]

01-03 23:47:05.936 27261 27312 I bt_btm  : BTM_CheckEirData type=0x09

01-03 23:47:05.936 27261 27312 D bt_btif : btif_transfer_context event 4096, len 740

01-03 23:47:05.937 27261 27285 D bt_btif : btif task fetched event a001

01-03 23:47:05.937 27261 27285 D bt_btif : btif_context_switched

01-03 23:47:05.937 27261 27285 I bt_btm  : BTM_CheckEirData type=0x09

01-03 23:47:05.937 27261 27285 D bt_btif : in, bd addr:0b:0b:00:01:61:74, prop type:5, len:4

01-03 23:47:05.937 27261 27285 I bt_btif : HAL bt_gatt_callbacks->client->scan_result_cb

01-03 23:47:05.941 25898 25898 D ScannedFragment: Device found with addr:0B:0B:00:01:61:74

01-03 23:47:05.944 27302 27302 I WCNSS_FILTER: Direction(1): bytes: 42 : bytes_written: 42

01-03 23:47:05.944 27302 27302 I WCNSS_FILTER: Direction(1): bytes: 15 : bytes_written: 15

01-03 23:47:05.946 27261 27312 I bt_hci  : BLE HCI(id=62) event = 0x02)

01-03 23:47:05.946 27261 27312 I bt_hci  : btu_ble_process_adv_pkt

01-03 23:47:05.946 27261 27312 I bt_btm  : btm_identity_addr_to_random_pseudo

01-03 23:47:05.946 27261 27312 D bt_btm  : btm_ble_process_adv_pkt:bda= b:b:0:1:39:90

01-03 23:47:05.946 27261 27312 D bt_btm  : btm_ble_update_inq_result scan_rsp=false, to_report=false,                              scan_type_active=1

01-03 23:47:05.946 27261 27312 I bt_btm  : BTM_CheckAdvData type=0x01

01-03 23:47:05.946 27261 27312 I bt_btm  : BTM_CheckAdvData type=0x19

01-03 23:47:05.946 27261 27312 I bt_btm  : BTM_CheckAdvData type=0x03

01-03 23:47:05.946 27261 27312 D bt_btm  : BR/EDR NOT SUPPORT bit set, LE only device

01-03 23:47:05.947 27261 27312 I bt_hci  : BLE HCI(id=62) event = 0x02)

01-03 23:47:05.947 27261 27312 I bt_hci  : btu_ble_process_adv_pkt

01-03 23:47:05.947 27261 27312 I bt_btm  : btm_identity_addr_to_random_pseudo

01-03 23:47:05.947 27261 27312 D bt_btm  : btm_ble_process_adv_pkt:bda= b:b:0:1:39:90

01-03 23:47:05.947 27261 27312 I bt_btm  : BTM_CheckAdvData type=0x01

01-03 23:47:05.947 27261 27312 I bt_btm  : BTM_CheckAdvData type=0x19

01-03 23:47:05.947 27261 27312 I bt_btm  : BTM_CheckAdvData type=0x03

01-03 23:47:05.947 27261 27312 D bt_btm  : BR/EDR NOT SUPPORT bit set, LE only device

01-03 23:47:05.947 27261 27312 I bt_btm  : BTM_CheckAdvData type=0x01

01-03 23:47:05.947 27261 27312 D bt_btif : bta_dm_observe_results_cb

01-03 23:47:05.947 27261 27312 I bt_btm  : BTM_InqDbRead: bd addr [0b0b00013990]

01-03 23:47:05.947 27261 27312 I bt_btm  : BTM_CheckEirData type=0x09

01-03 23:47:05.947 27261 27312 D bt_btif : btif_transfer_context event 4096, len 740

01-03 23:47:05.947 27261 27285 D bt_btif : btif task fetched event a001

01-03 23:47:05.947 27261 27285 D bt_btif : btif_context_switched

01-03 23:47:05.947 27261 27285 I bt_btm  : BTM_CheckEirData type=0x09

01-03 23:47:05.947 27261 27285 D bt_btif : in, bd addr:0b:0b:00:01:39:90, prop type:5, len:4

01-03 23:47:05.948 27261 27285 I bt_btif : HAL bt_gatt_callbacks->client->scan_result_cb

01-03 23:47:05.952 25898 25898 D ScannedFragment: Device found with addr:0B:0B:00:01:39:90

01-03 23:47:05.974 27302 27302 I WCNSS_FILTER: Direction(1): bytes: 42 : bytes_written: 42

01-03 23:47:05.974 27302 27302 I WCNSS_FILTER: Direction(1): bytes: 15 : bytes_written: 15

01-03 23:47:05.975 27261 27312 I bt_hci  : BLE HCI(id=62) event = 0x02)

01-03 23:47:05.975 27261 27312 I bt_hci  : btu_ble_process_adv_pkt

01-03 23:47:05.975 27261 27312 I bt_btm  : btm_identity_addr_to_random_pseudo

01-03 23:47:05.975 27261 27312 D bt_btm  : btm_ble_process_adv_pkt:bda= b:b:0:1:39:90

01-03 23:47:05.975 27261 27312 D bt_btm  : btm_ble_update_inq_result scan_rsp=false, to_report=false,                              scan_type_active=1

01-03 23:47:05.975 27261 27312 I bt_btm  : BTM_CheckAdvData type=0x01

01-03 23:47:05.975 27261 27312 I bt_btm  : BTM_CheckAdvData type=0x19

01-03 23:47:05.975 27261 27312 I bt_btm  : BTM_CheckAdvData type=0x03

01-03 23:47:05.975 27261 27312 D bt_btm  : BR/EDR NOT SUPPORT bit set, LE only device

01-03 23:47:05.975 27261 27312 I bt_hci  : BLE HCI(id=62) event = 0x02)

01-03 23:47:05.975 27261 27312 I bt_hci  : btu_ble_process_adv_pkt

01-03 23:47:05.975 27261 27312 I bt_btm  : btm_identity_addr_to_random_pseudo

01-03 23:47:05.975 27261 27312 D bt_btm  : btm_ble_process_adv_pkt:bda= b:b:0:1:39:90

01-03 23:47:05.975 27261 27312 I bt_btm  : BTM_CheckAdvData type=0x01

01-03 23:47:05.975 27261 27312 I bt_btm  : BTM_CheckAdvData type=0x19

01-03 23:47:05.975 27261 27312 I bt_btm  : BTM_CheckAdvData type=0x03

01-03 23:47:05.975 27261 27312 D bt_btm  : BR/EDR NOT SUPPORT bit set, LE only device

01-03 23:47:05.975 27261 27312 I bt_btm  : BTM_CheckAdvData type=0x01

01-03 23:47:05.975 27261 27312 D bt_btif : bta_dm_observe_results_cb

01-03 23:47:05.975 27261 27312 I bt_btm  : BTM_InqDbRead: bd addr [0b0b00013990]

01-03 23:47:05.975 27261 27312 I bt_btm  : BTM_CheckEirData type=0x09

01-03 23:47:05.975 27261 27312 D bt_btif : btif_transfer_context event 4096, len 740

01-03 23:47:05.976 27261 27285 D bt_btif : btif task fetched event a001

01-03 23:47:05.976 27261 27285 D bt_btif : btif_context_switched

01-03 23:47:05.976 27261 27285 I bt_btm  : BTM_CheckEirData type=0x09

01-03 23:47:05.976 27261 27285 D bt_btif : in, bd addr:0b:0b:00:01:39:90, prop type:5, len:4

01-03 23:47:05.976 27261 27285 I bt_btif : HAL bt_gatt_callbacks->client->scan_result_cb

01-03 23:47:05.977 25898 25898 D ScannedFragment: Device found with addr:0B:0B:00:01:39:90

01-03 23:47:05.990 27302 27302 I WCNSS_FILTER: Direction(1): bytes: 32 : bytes_written: 32

01-03 23:47:05.990 27302 27302 I WCNSS_FILTER: Direction(1): bytes: 40 : bytes_written: 40

01-03 23:47:05.991 27261 27312 I bt_hci  : BLE HCI(id=62) event = 0x02)

01-03 23:47:05.991 27261 27312 I bt_hci  : btu_ble_process_adv_pkt

01-03 23:47:05.991 27261 27312 I bt_btm  : btm_identity_addr_to_random_pseudo

01-03 23:47:05.991 27261 27312 D bt_btm  : btm_ble_process_adv_pkt:bda= b:b:0:1:61:74

01-03 23:47:05.991 27261 27312 D bt_btm  : btm_ble_update_inq_result scan_rsp=false, to_report=false,                              scan_type_active=1

01-03 23:47:05.991 27261 27312 I bt_btm  : BTM_CheckAdvData type=0x01

01-03 23:47:05.991 27261 27312 I bt_btm  : BTM_CheckAdvData type=0x19

01-03 23:47:05.991 27261 27312 I bt_btm  : BTM_CheckAdvData type=0x03

01-03 23:47:05.991 27261 27312 D bt_btm  : BR/EDR NOT SUPPORT bit set, LE only device

01-03 23:47:05.991 27261 27312 I bt_hci  : BLE HCI(id=62) event = 0x02)

01-03 23:47:05.991 27261 27312 I bt_hci  : btu_ble_process_adv_pkt

01-03 23:47:05.991 27261 27312 I bt_btm  : btm_identity_addr_to_random_pseudo

01-03 23:47:05.991 27261 27312 D bt_btm  : btm_ble_process_adv_pkt:bda= b:b:0:1:61:74

01-03 23:47:05.991 27261 27312 I bt_btm  : BTM_CheckAdvData type=0x01

01-03 23:47:05.991 27261 27312 I bt_btm  : BTM_CheckAdvData type=0x19

01-03 23:47:05.991 27261 27312 I bt_btm  : BTM_CheckAdvData type=0x03

01-03 23:47:05.991 27261 27312 D bt_btm  : BR/EDR NOT SUPPORT bit set, LE only device

01-03 23:47:05.991 27261 27312 I bt_btm  : BTM_CheckAdvData type=0x01

01-03 23:47:05.991 27261 27312 D bt_btif : bta_dm_observe_results_cb

01-03 23:47:05.991 27261 27312 I bt_btm  : BTM_InqDbRead: bd addr [0b0b00016174]

01-03 23:47:05.991 27261 27312 I bt_btm  : BTM_CheckEirData type=0x09

01-03 23:47:05.991 27261 27312 D bt_btif : btif_transfer_context event 4096, len 740

01-03 23:47:05.992 27261 27285 D bt_btif : btif task fetched event a001

01-03 23:47:05.992 27261 27285 D bt_btif : btif_context_switched

01-03 23:47:05.992 27261 27285 I bt_btm  : BTM_CheckEirData type=0x09

01-03 23:47:05.992 27261 27285 D bt_btif : in, bd addr:0b:0b:00:01:61:74, prop type:5, len:4

01-03 23:47:05.992 27261 27285 I bt_btif : HAL bt_gatt_callbacks->client->scan_result_cb

01-03 23:47:05.993 25898 25898 D ScannedFragment: Device found with addr:0B:0B:00:01:61:74

01-03 23:47:06.012 27302 27302 I WCNSS_FILTER: Direction(1): bytes: 32 : bytes_written: 32

01-03 23:47:06.012 27302 27302 I WCNSS_FILTER: Direction(1): bytes: 40 : bytes_written: 40

01-03 23:47:06.012 27261 27312 I bt_hci  : BLE HCI(id=62) event = 0x02)

01-03 23:47:06.013 27261 27312 I bt_hci  : btu_ble_process_adv_pkt

01-03 23:47:06.013 27261 27312 I bt_btm  : btm_identity_addr_to_random_pseudo

01-03 23:47:06.013 27261 27312 D bt_btm  : btm_ble_process_adv_pkt:bda= b:b:0:1:61:74

01-03 23:47:06.013 27261 27312 D bt_btm  : btm_ble_update_inq_result scan_rsp=false, to_report=false,                              scan_type_active=1

01-03 23:47:06.013 27261 27312 I bt_btm  : BTM_CheckAdvData type=0x01

01-03 23:47:06.013 27261 27312 I bt_btm  : BTM_CheckAdvData type=0x19

01-03 23:47:06.013 27261 27312 I bt_btm  : BTM_CheckAdvData type=0x03

01-03 23:47:06.013 27261 27312 D bt_btm  : BR/EDR NOT SUPPORT bit set, LE only device

01-03 23:47:06.013 27261 27312 I bt_hci  : BLE HCI(id=62) event = 0x02)

01-03 23:47:06.013 27261 27312 I bt_hci  : btu_ble_process_adv_pkt

01-03 23:47:06.013 27261 27312 I bt_btm  : btm_identity_addr_to_random_pseudo

01-03 23:47:06.013 27261 27312 D bt_btm  : btm_ble_process_adv_pkt:bda= b:b:0:1:61:74

01-03 23:47:06.013 27261 27312 I bt_btm  : BTM_CheckAdvData type=0x01

01-03 23:47:06.013 27261 27312 I bt_btm  : BTM_CheckAdvData type=0x19

01-03 23:47:06.013 27261 27312 I bt_btm  : BTM_CheckAdvData type=0x03

01-03 23:47:06.013 27261 27312 D bt_btm  : BR/EDR NOT SUPPORT bit set, LE only device

01-03 23:47:06.013 27261 27312 I bt_btm  : BTM_CheckAdvData type=0x01

01-03 23:47:06.013 27261 27312 D bt_btif : bta_dm_observe_results_cb

01-03 23:47:06.013 27261 27312 I bt_btm  : BTM_InqDbRead: bd addr [0b0b00016174]

01-03 23:47:06.013 27261 27312 I bt_btm  : BTM_CheckEirData type=0x09

01-03 23:47:06.013 27261 27312 D bt_btif : btif_transfer_context event 4096, len 740

01-03 23:47:06.013 27261 27285 D bt_btif : btif task fetched event a001

01-03 23:47:06.013 27261 27285 D bt_btif : btif_context_switched

01-03 23:47:06.013 27261 27285 I bt_btm  : BTM_CheckEirData type=0x09

01-03 23:47:06.013 27261 27285 D bt_btif : in, bd addr:0b:0b:00:01:61:74, prop type:5, len:4

01-03 23:47:06.013 27261 27285 I bt_btif : HAL bt_gatt_callbacks->client->scan_result_cb

01-03 23:47:06.015 25898 25898 D ScannedFragment: Device found with addr:0B:0B:00:01:61:74

01-03 23:47:06.035 27302 27302 I WCNSS_FILTER: Direction(1): bytes: 32 : bytes_written: 32

01-03 23:47:06.036 27302 27302 I WCNSS_FILTER: Direction(1): bytes: 40 : bytes_written: 40

01-03 23:47:06.036 27261 27312 I bt_hci  : BLE HCI(id=62) event = 0x02)

01-03 23:47:06.036 27261 27312 I bt_hci  : btu_ble_process_adv_pkt

01-03 23:47:06.036 27261 27312 I bt_btm  : btm_identity_addr_to_random_pseudo

01-03 23:47:06.036 27261 27312 D bt_btm  : btm_ble_process_adv_pkt:bda= b:b:0:1:61:74

01-03 23:47:06.036 27261 27312 D bt_btm  : btm_ble_update_inq_result scan_rsp=false, to_report=false,                              scan_type_active=1

01-03 23:47:06.036 27261 27312 I bt_btm  : BTM_CheckAdvData type=0x01

01-03 23:47:06.036 27261 27312 I bt_btm  : BTM_CheckAdvData type=0x19

01-03 23:47:06.036 27261 27312 I bt_btm  : BTM_CheckAdvData type=0x03

01-03 23:47:06.036 27261 27312 D bt_btm  : BR/EDR NOT SUPPORT bit set, LE only device

01-03 23:47:06.036 27261 27312 I bt_hci  : BLE HCI(id=62) event = 0x02)

01-03 23:47:06.036 27261 27312 I bt_hci  : btu_ble_process_adv_pkt

01-03 23:47:06.036 27261 27312 I bt_btm  : btm_identity_addr_to_random_pseudo

01-03 23:47:06.037 27261 27312 D bt_btm  : btm_ble_process_adv_pkt:bda= b:b:0:1:61:74

01-03 23:47:06.037 27261 27312 I bt_btm  : BTM_CheckAdvData type=0x01

01-03 23:47:06.037 27261 27312 I bt_btm  : BTM_CheckAdvData type=0x19

01-03 23:47:06.037 27261 27312 I bt_btm  : BTM_CheckAdvData type=0x03

01-03 23:47:06.037 27261 27312 D bt_btm  : BR/EDR NOT SUPPORT bit set, LE only device

01-03 23:47:06.037 27261 27312 I bt_btm  : BTM_CheckAdvData type=0x01

01-03 23:47:06.037 27261 27312 D bt_btif : bta_dm_observe_results_cb

01-03 23:47:06.037 27261 27312 I bt_btm  : BTM_InqDbRead: bd addr [0b0b00016174]

01-03 23:47:06.037 27261 27312 I bt_btm  : BTM_CheckEirData type=0x09

01-03 23:47:06.037 27261 27312 D bt_btif : btif_transfer_context event 4096, len 740

01-03 23:47:06.037 27261 27285 D bt_btif : btif task fetched event a001

01-03 23:47:06.037 27261 27285 D bt_btif : btif_context_switched

01-03 23:47:06.038 27261 27285 I bt_btm  : BTM_CheckEirData type=0x09

01-03 23:47:06.038 27261 27285 D bt_btif : in, bd addr:0b:0b:00:01:61:74, prop type:5, len:4

01-03 23:47:06.038 27261 27285 I bt_btif : HAL bt_gatt_callbacks->client->scan_result_cb

01-03 23:47:06.040 25898 25898 D ScannedFragment: Device found with addr:0B:0B:00:01:61:74

01-03 23:47:06.075 27302 27302 I WCNSS_FILTER: ibs_msm_serial_clock_vote: vote UART CLK OFF using UART driver's ioctl()

01-03 23:47:06.082 27302 27302 I WCNSS_FILTER: ibs_msm_serial_clock_vote: vote UART CLK ON using UART driver's ioctl()

01-03 23:47:06.082 27302 27302 I WCNSS_FILTER: do_write: IBS write: fc

01-03 23:47:06.083 27302 27302 I WCNSS_FILTER: Direction(1): bytes: 42 : bytes_written: 42

01-03 23:47:06.084 27261 27312 I bt_hci  : BLE HCI(id=62) event = 0x02)

01-03 23:47:06.084 27261 27312 I bt_hci  : btu_ble_process_adv_pkt

01-03 23:47:06.084 27261 27312 I bt_btm  : btm_identity_addr_to_random_pseudo

01-03 23:47:06.084 27261 27312 D bt_btm  : btm_ble_process_adv_pkt:bda= b:b:0:1:39:90

01-03 23:47:06.084 27261 27312 D bt_btm  : btm_ble_update_inq_result scan_rsp=false, to_report=false,                              scan_type_active=1

01-03 23:47:06.084 27261 27312 I bt_btm  : BTM_CheckAdvData type=0x01

01-03 23:47:06.084 27261 27312 I bt_btm  : BTM_CheckAdvData type=0x19

01-03 23:47:06.084 27261 27312 I bt_btm  : BTM_CheckAdvData type=0x03

01-03 23:47:06.084 27261 27312 D bt_btm  : BR/EDR NOT SUPPORT bit set, LE only device

01-03 23:47:06.096 27302 27302 I WCNSS_FILTER: Direction(1): bytes: 32 : bytes_written: 32

01-03 23:47:06.096 27261 27312 I bt_hci  : BLE HCI(id=62) event = 0x02)

01-03 23:47:06.097 27261 27312 I bt_hci  : btu_ble_process_adv_pkt

01-03 23:47:06.097 27261 27312 I bt_btm  : btm_identity_addr_to_random_pseudo

01-03 23:47:06.097 27261 27312 D bt_btm  : btm_ble_process_adv_pkt:bda= b:b:0:1:61:74

01-03 23:47:06.097 27261 27312 D bt_btm  : btm_ble_update_inq_result scan_rsp=false, to_report=false,                              scan_type_active=1

01-03 23:47:06.097 27261 27312 I bt_btm  : BTM_CheckAdvData type=0x01

01-03 23:47:06.097 27261 27312 I bt_btm  : BTM_CheckAdvData type=0x19

01-03 23:47:06.097 27261 27312 I bt_btm  : BTM_CheckAdvData type=0x03

01-03 23:47:06.097 27261 27312 D bt_btm  : BR/EDR NOT SUPPORT bit set, LE only device

01-03 23:47:06.100 27302 27302 I WCNSS_FILTER: Direction(1): bytes: 42 : bytes_written: 42

01-03 23:47:06.100 27261 27312 I bt_hci  : BLE HCI(id=62) event = 0x02)

01-03 23:47:06.100 27261 27312 I bt_hci  : btu_ble_process_adv_pkt

01-03 23:47:06.100 27261 27312 I bt_btm  : btm_identity_addr_to_random_pseudo

01-03 23:47:06.100 27261 27312 D bt_btm  : btm_ble_process_adv_pkt:bda= b:b:0:1:39:90

01-03 23:47:06.100 27261 27312 D bt_btm  : btm_ble_update_inq_result scan_rsp=false, to_report=false,                              scan_type_active=1

01-03 23:47:06.100 27261 27312 I bt_btm  : BTM_CheckAdvData type=0x01

01-03 23:47:06.100 27261 27312 I bt_btm  : BTM_CheckAdvData type=0x19

01-03 23:47:06.100 27261 27312 I bt_btm  : BTM_CheckAdvData type=0x03

01-03 23:47:06.100 27261 27312 D bt_btm  : BR/EDR NOT SUPPORT bit set, LE only device

01-03 23:47:06.101 27302 27302 I WCNSS_FILTER: Direction(1): bytes: 41 : bytes_written: 41

01-03 23:47:06.101 27302 27302 I WCNSS_FILTER: Direction(1): bytes: 15 : bytes_written: 15

01-03 23:47:06.102 27261 27312 I bt_hci  : BLE HCI(id=62) event = 0x02)

01-03 23:47:06.102 27261 27312 I bt_hci  : btu_ble_process_adv_pkt

01-03 23:47:06.102 27261 27312 I bt_btm  : btm_identity_addr_to_random_pseudo

01-03 23:47:06.102 27261 27312 D bt_btm  : btm_ble_process_adv_pkt:bda= 75:ec:e2:8e:71:87

01-03 23:47:06.102 27261 27312 I bt_btm  : btm_ble_resolve_random_addr

01-03 23:47:06.102 27261 27312 I bt_btm  : btm_ble_match_random_bda rec_index = 0

01-03 23:47:06.102 27261 27312 D bt_btm  : sec_flags = 80 device_type = 2

01-03 23:47:06.102 27261 27312 I bt_btm  : btm_ble_match_random_bda rec_index = 1

01-03 23:47:06.102 27261 27312 D bt_btm  : sec_flags = 7098 device_type = 3

01-03 23:47:06.102 27261 27312 D bt_smp  : smp_encrypt_data

01-03 23:47:06.102 27261 27312 I bt_btm  : btm_ble_proc_resolve_x

01-03 23:47:06.102 27261 27312 I bt_btm  : btm_ble_match_random_bda rec_index = 2

01-03 23:47:06.102 27261 27312 D bt_btm  : sec_flags = 00 device_type = 0

01-03 23:47:06.102 27261 27312 I bt_btm  : btm_ble_match_random_bda rec_index = 3

01-03 23:47:06.102 27261 27312 D bt_btm  : sec_flags = 00 device_type = 0

01-03 23:47:06.102 27261 27312 I bt_btm  : btm_ble_match_random_bda rec_index = 4

01-03 23:47:06.102 27261 27312 D bt_btm  : sec_flags = 00 device_type = 0

01-03 23:47:06.102 27261 27312 I bt_btm  : btm_ble_match_random_bda rec_index = 5

01-03 23:47:06.102 27261 27312 D bt_btm  : sec_flags = 00 device_type = 0

01-03 23:47:06.102 27261 27312 I bt_btm  : btm_ble_match_random_bda rec_index = 6

01-03 23:47:06.102 27261 27312 D bt_btm  : sec_flags = 00 device_type = 0

01-03 23:47:06.102 27261 27312 I bt_btm  : btm_ble_match_random_bda rec_index = 7

01-03 23:47:06.102 27261 27312 D bt_btm  : sec_flags = 00 device_type = 0

01-03 23:47:06.102 27261 27312 I bt_btm  : btm_ble_match_random_bda rec_index = 8

01-03 23:47:06.102 27261 27312 D bt_btm  : sec_flags = 00 device_type = 0

01-03 23:47:06.103 27261 27312 I bt_btm  : btm_ble_match_random_bda rec_index = 9

01-03 23:47:06.103 27261 27312 D bt_btm  : sec_flags = 00 device_type = 0

01-03 23:47:06.103 27261 27312 I bt_btm  : btm_ble_match_random_bda rec_index = 10

01-03 23:47:06.103 27261 27312 D bt_btm  : sec_flags = 00 device_type = 0

01-03 23:47:06.103 27261 27312 I bt_btm  : btm_ble_match_random_bda rec_index = 11

01-03 23:47:06.103 27261 27312 D bt_btm  : sec_flags = 00 device_type = 0

01-03 23:47:06.103 27261 27312 I bt_btm  : btm_ble_match_random_bda rec_index = 12

01-03 23:47:06.103 27261 27312 D bt_btm  : sec_flags = 00 device_type = 0

01-03 23:47:06.103 27261 27312 I bt_btm  : btm_ble_match_random_bda rec_index = 13

01-03 23:47:06.103 27261 27312 D bt_btm  : sec_flags = 00 device_type = 0

01-03 23:47:06.103 27261 27312 I bt_btm  : btm_ble_match_random_bda rec_index = 14

01-03 23:47:06.103 27261 27312 D bt_btm  : sec_flags = 00 device_type = 0

01-03 23:47:06.103 27261 27312 I bt_btm  : btm_ble_match_random_bda rec_index = 15

01-03 23:47:06.103 27261 27312 D bt_btm  : sec_flags = 00 device_type = 0

01-03 23:47:06.103 27261 27312 I bt_btm  : btm_ble_match_random_bda rec_index = 16

01-03 23:47:06.103 27261 27312 D bt_btm  : sec_flags = 00 device_type = 0

