01-03 02:03:04.709 20547 20580 I bt_btif : BTA_DmBleScanFilterSetup: 1

01-03 02:03:04.709 20547 20609 I bt_btif : BTA got event 0x11a

01-03 02:03:04.709 20547 20609 I bt_btif : bta_dm_sm_execute event:0x1a

01-03 02:03:04.709 20547 20609 I bt_btm  : BTM_BleObserve : scan_type:0, 0, 0

01-03 02:03:04.709 20547 20609 I bt_btm  : btm_ble_stop_scan 

01-03 02:03:04.709 20547 20609 I bt_btm  : btm_update_scanner_filter_policy

01-03 02:03:04.709 20547 20609 D bt_btm  : btm_ble_send_extended_scan_params, 18, 18

01-03 02:03:04.709 20547 20609 I bt_btm  : BTM: BTM_VendorSpecificCommand: Opcode: 0xFD60, ParamLen: 11.

01-03 02:03:04.709 20547 20609 D bt_btif : bta_dm_observe_cmpl_cb

01-03 02:03:04.709 20547 20609 I bt_btif : BTA got event 0x123

01-03 02:03:04.709 20547 20609 I bt_btif : bta_dm_sm_execute event:0x23

01-03 02:03:04.709 20547 20609 D bt_btif : bta_dm_scan_filter_param_setup

01-03 02:03:04.709 20547 20609 D bt_btm  : BTM_BleGetVendorCapabilities

01-03 02:03:04.709 20547 20609 D bt_btm  : BTM_BleGetVendorCapabilities

01-03 02:03:04.709 20547 20609 I bt_btm  :  BTM_BleAdvFilterParamSetup

01-03 02:03:04.709 20547 20609 I bt_btm  : BTM: BTM_VendorSpecificCommand: Opcode: 0xFD57, ParamLen: 3.

01-03 02:03:04.709 20547 20609 D bt_btm  : btm_ble_advfilt_enq_op_q: act_ocf:17, action:1, ocf:1,cb_evt;3, cback:0

01-03 02:03:04.710 20601 20602 I WCNSS_FILTER: is_force_hcidump_enabled: property_get: wc_transport.force_hcidump: 0

01-03 02:03:04.711 20601 20602 I WCNSS_FILTER: Direction(0): bytes: 6 : bytes_written: 6

01-03 02:03:04.712 20601 20601 I WCNSS_FILTER: do_write: IBS write: fc

01-03 02:03:04.712 20601 20601 I WCNSS_FILTER: is_force_hcidump_enabled: property_get: wc_transport.force_hcidump: 0

01-03 02:03:04.712 20601 20601 I WCNSS_FILTER: Direction(1): bytes: 7 : bytes_written: 7

01-03 02:03:04.713 20547 20627 D BtGatt.GattService: unregisterClient() - clientIf=6

01-03 02:03:04.714 20547 20627 D bt_btif : btif_transfer_context event 1001, len 740

01-03 02:03:04.715 20547 20580 D bt_btif : btif task fetched event a001

01-03 02:03:04.715 20547 20580 D bt_btif : btif_context_switched

01-03 02:03:04.715 20547 20580 D bt_btif : btif_obtain_multi_adv_data_cb, Count:16

01-03 02:03:04.715 20547 20609 I bt_btif : BTA got event 0x1f18

01-03 02:03:04.715 20547 20609 I bt_att  : GATT_Deregister gatt_if=6

01-03 02:03:04.715 20547 20609 I bt_att  : GATT_Listen gatt_if=6

01-03 02:03:04.715 20547 20609 I bt_btm  : BTM_BleUpdateAdvFilterPolicy

01-03 02:03:04.715 20547 20609 I bt_btm  : BTM_ReadConnectability

01-03 02:03:04.715 20547 20609 I bt_btm  : btm_ble_set_connectability mode=0x0 combined_mode=0x1

01-03 02:03:04.715 20547 20609 D bt_btif : btif_transfer_context event 1, len 676

01-03 02:03:04.715 20547 20580 D bt_btif : btif task fetched event a001

01-03 02:03:04.715 20547 20580 D bt_btif : btif_context_switched

01-03 02:03:04.717 20466 22532 D ConnectivitySystemTest:BASE: The Cmd: DUT 1 ble leclient scanfordevicename cstadv: was executed successfully

01-03 02:03:04.717 20466 22532 D ConnectivitySystemTest:BASE: Final result String :DUT 1 ble leclient scanfordevicename cstadv PASS COMMENT: The address for device is:6C:2B:C3:01:0C:43 WARN: 

01-03 02:03:04.719 20466 22532 D ConnectivitySystemTest:commInterface: Result Notified back to CSTCore : true

01-03 02:03:04.719 20466 22532 D ConnectivitySystemTest:BASE: 22532:Killing current Thread. Pending active threads =0

01-03 02:03:04.719 20466 22532 D ConnectivitySystemTest:BASE: --------------------------------------------------------------------------------------------

01-03 02:03:04.719 20466 22532 D ConnectivitySystemTest:BASE: Command Execution Finished :DUT 1 ble leclient scanfordevicename cstadv

01-03 02:03:04.719 20466 22532 D ConnectivitySystemTest:BASE: --------------------------------------------------------------------------------------------

01-03 02:03:04.725 20601 20602 I WCNSS_FILTER: is_force_hcidump_enabled: property_get: wc_transport.force_hcidump: 0

01-03 02:03:04.725 20601 20602 I WCNSS_FILTER: Direction(0): bytes: 15 : bytes_written: 15

01-03 02:03:04.726 20601 20601 I WCNSS_FILTER: is_force_hcidump_enabled: property_get: wc_transport.force_hcidump: 0

01-03 02:03:04.726 20601 20601 I WCNSS_FILTER: Direction(1): bytes: 7 : bytes_written: 7

01-03 02:03:04.726 20601 20601 I WCNSS_FILTER: is_force_hcidump_enabled: property_get: wc_transport.force_hcidump: 0

01-03 02:03:04.726 20601 20601 I WCNSS_FILTER: Direction(1): bytes: 7 : bytes_written: 7

01-03 02:03:04.727 20601 20602 I WCNSS_FILTER: is_force_hcidump_enabled: property_get: wc_transport.force_hcidump: 0

01-03 02:03:04.727 20547 20586 W bt_hci  : filter_incoming_event command complete event with no matching command. opcode: 0x0.

01-03 02:03:04.727 20601 20602 I WCNSS_FILTER: Direction(0): bytes: 7 : bytes_written: 7

01-03 02:03:04.728 20601 20601 I WCNSS_FILTER: is_force_hcidump_enabled: property_get: wc_transport.force_hcidump: 0

01-03 02:03:04.728 20601 20601 I WCNSS_FILTER: Direction(1): bytes: 10 : bytes_written: 10

01-03 02:03:04.729 20547 20609 D bt_btm  : btm_ble_advfilt_deq_op_q: ocf:1, action:1, ref_value:6, cb_evt:3

01-03 02:03:04.729 20547 20609 D bt_btm  : btm_ble_scan_pf_cmpl_cback-Feat sel event: 1, 0, 6, 16

01-03 02:03:04.729 20547 20609 D bt_btif : btif_transfer_context event 32, len 1272

01-03 02:03:04.729 20547 20580 D bt_btif : btif task fetched event a001

01-03 02:03:04.729 20547 20580 D bt_btif : btif_context_switched

01-03 02:03:04.729 20547 20580 D bt_btif : BTA_GATTC_SCAN_FLT_PARAM_EVT: 6, 1, 16, 0

01-03 02:03:04.729 20547 20580 I bt_btif : HAL bt_gatt_callbacks->client->scan_filter_param_cb

01-03 02:03:04.729 20547 20580 D BtGatt.GattService: onScanFilterParamsConfigured() - clientIf=6, status=0, action=1, availableSpace=16

01-03 02:03:04.729 20547 20580 D BtGatt.ScanManager: callback done for clientIf - 6 status - 0

01-03 02:03:04.730 20547 20585 D BtGatt.ScanManager: configureRegularScanParams() - queue=0

01-03 02:03:04.730 20547 20585 D BtGatt.ScanManager: configureRegularScanParams() - ScanSetting Scan mode=-2147483648 mLastConfiguredScanSetting=2

01-03 02:03:04.730 20547 20585 D BtGatt.ScanManager: configureRegularScanParams() - queue emtpy, scan stopped

01-04 21:56:14.280 22532 22532 W Thread-529: type=1400 audit(0.0:781): avc: granted { add_name } for name="NotifyBM3.txt" scontext=u:r:system_app:s0 tcontext=u:object_r:system_data_file:s0 tclass=dir

01-04 21:56:14.280 22532 22532 W Thread-529: type=1400 audit(0.0:782): avc: granted { create } for name="NotifyBM3.txt" scontext=u:r:system_app:s0 tcontext=u:object_r:system_data_file:s0 tclass=file

01-04 21:56:14.280 22532 22532 W Thread-529: type=1400 audit(0.0:783): avc: granted { write } for path="/data/NotifyBM3.txt" dev="mmcblk0p37" ino=169 scontext=u:r:system_app:s0 tcontext=u:object_r:system_data_file:s0 tclass=file

01-03 02:03:05.453 20466 20479 D ConnectivitySystemTest:commInterface:  String Read from NotifyDUT file is :DUT 1 ble central resetscanfilters 1

01-03 02:03:05.455 20466 20479 D ConnectivitySystemTest:BASE: --------------------------------------------------------------------------------------------

01-03 02:03:05.455 20466 20479 D ConnectivitySystemTest:BASE: Executing next Command:DUT 1 ble central resetscanfilters 1

01-03 02:03:05.455 20466 20479 D ConnectivitySystemTest:BASE: --------------------------------------------------------------------------------------------

01-03 02:03:05.457 20466 22570 D ConnectivitySystemTest:BASE: 22570:Active threads =1

01-03 02:03:05.458 20466 22570 D ConnectivitySystemTest:BASE: The cmd: DUT 1 ble central resetscanfilters 1 :is going to be executed

01-03 02:03:05.460 20466 22570 D CSTConnectivityTest:LE: Executing Bluetooth Low Energy Command :central resetscanfilters 1 

01-03 02:03:05.460 20466 22570 D ConnectivitySystemTest:ScanCallBack:1:: Clearing all the previous data stored in the hashTable

01-03 02:03:05.461 20466 22570 D ConnectivitySystemTest:BASE: The Cmd: DUT 1 ble central resetscanfilters 1: was executed successfully

01-03 02:03:05.461 20466 22570 D ConnectivitySystemTest:BASE: Final result String :DUT 1 ble central resetscanfilters 1 PASS COMMENT:  WARN: 

01-03 02:03:05.464 20466 22570 D ConnectivitySystemTest:commInterface: Result Notified back to CSTCore : true

01-03 02:03:05.464 20466 22570 D ConnectivitySystemTest:BASE: 22570:Killing current Thread. Pending active threads =0

01-03 02:03:05.464 20466 22570 D ConnectivitySystemTest:BASE: --------------------------------------------------------------------------------------------

01-03 02:03:05.464 20466 22570 D ConnectivitySystemTest:BASE: Command Execution Finished :DUT 1 ble central resetscanfilters 1

01-03 02:03:05.465 20466 22570 D ConnectivitySystemTest:BASE: --------------------------------------------------------------------------------------------

01-04 21:56:15.010 20479 20479 W Thread-487: type=1400 audit(0.0:784): avc: granted { remove_name } for name="NotifyDUT.txt" dev="mmcblk0p37" ino=169 scontext=u:r:system_app:s0 tcontext=u:object_r:system_data_file:s0 tclass=dir

01-04 21:56:15.010 20479 20479 W Thread-487: type=1400 audit(0.0:785): avc: granted { unlink } for name="NotifyDUT.txt" dev="mmcblk0p37" ino=169 scontext=u:r:system_app:s0 tcontext=u:object_r:system_data_file:s0 tclass=file

01-04 21:56:15.020 22570 22570 W Thread-530: type=1400 audit(0.0:786): avc: granted { add_name } for name="NotifyBM3.txt" scontext=u:r:system_app:s0 tcontext=u:object_r:system_data_file:s0 tclass=dir

01-04 21:56:15.020 22570 22570 W Thread-530: type=1400 audit(0.0:787): avc: granted { create } for name="NotifyBM3.txt" scontext=u:r:system_app:s0 tcontext=u:object_r:system_data_file:s0 tclass=file

01-04 21:56:15.020 22570 22570 W Thread-530: type=1400 audit(0.0:788): avc: granted { write } for path="/data/NotifyBM3.txt" dev="mmcblk0p37" ino=169 scontext=u:r:system_app:s0 tcontext=u:object_r:system_data_file:s0 tclass=file

01-03 02:03:05.727 20601 20607 I WCNSS_FILTER: do_write: IBS write: fe

01-03 02:03:05.728 20601 20607 I WCNSS_FILTER: ibs_msm_serial_clock_vote: vote UART CLK OFF using UART driver's ioctl()

01-03 02:03:06.060 20466 20479 D ConnectivitySystemTest:commInterface:  String Read from NotifyDUT file is :DUT 1 ble central startbuildingscanfilter 1 1

01-03 02:03:06.061 20466 20479 D ConnectivitySystemTest:BASE: --------------------------------------------------------------------------------------------

01-03 02:03:06.061 20466 20479 D ConnectivitySystemTest:BASE: Executing next Command:DUT 1 ble central startbuildingscanfilter 1 1

01-03 02:03:06.061 20466 20479 D ConnectivitySystemTest:BASE: --------------------------------------------------------------------------------------------

01-03 02:03:06.063 20466 22594 D ConnectivitySystemTest:BASE: 22594:Active threads =1

01-03 02:03:06.063 20466 22594 D ConnectivitySystemTest:BASE: The cmd: DUT 1 ble central startbuildingscanfilter 1 1 :is going to be executed

01-03 02:03:06.066 20466 22594 D CSTConnectivityTest:LE: Executing Bluetooth Low Energy Command :central startbuildingscanfilter 1 1 

01-03 02:03:06.066 20466 22594 D ConnectivitySystemTest:BASE: The Cmd: DUT 1 ble central startbuildingscanfilter 1 1: was executed successfully

01-03 02:03:06.066 20466 22594 D ConnectivitySystemTest:BASE: Final result String :DUT 1 ble central startbuildingscanfilter 1 1 PASS COMMENT:  WARN: 

01-03 02:03:06.069 20466 22594 D ConnectivitySystemTest:commInterface: Result Notified back to CSTCore : true

01-03 02:03:06.069 20466 22594 D ConnectivitySystemTest:BASE: 22594:Killing current Thread. Pending active threads =0

01-03 02:03:06.069 20466 22594 D ConnectivitySystemTest:BASE: --------------------------------------------------------------------------------------------

01-03 02:03:06.069 20466 22594 D ConnectivitySystemTest:BASE: Command Execution Finished :DUT 1 ble central startbuildingscanfilter 1 1

01-03 02:03:06.069 20466 22594 D ConnectivitySystemTest:BASE: --------------------------------------------------------------------------------------------

01-04 21:56:15.620 20479 20479 W Thread-487: type=1400 audit(0.0:789): avc: granted { remove_name } for name="NotifyDUT.txt" dev="mmcblk0p37" ino=169 scontext=u:r:system_app:s0 tcontext=u:object_r:system_data_file:s0 tclass=dir

01-04 21:56:15.620 20479 20479 W Thread-487: type=1400 audit(0.0:790): avc: granted { unlink } for name="NotifyDUT.txt" dev="mmcblk0p37" ino=169 scontext=u:r:system_app:s0 tcontext=u:object_r:system_data_file:s0 tclass=file

01-04 21:56:15.630 22594 22594 W Thread-531: type=1400 audit(0.0:791): avc: granted { add_name } for name="NotifyBM3.txt" scontext=u:r:system_app:s0 tcontext=u:object_r:system_data_file:s0 tclass=dir

01-04 21:56:15.630 22594 22594 W Thread-531: type=1400 audit(0.0:792): avc: granted { create } for name="NotifyBM3.txt" scontext=u:r:system_app:s0 tcontext=u:object_r:system_data_file:s0 tclass=file

01-04 21:56:15.630 22594 22594 W Thread-531: type=1400 audit(0.0:793): avc: granted { write } for path="/data/NotifyBM3.txt" dev="mmcblk0p37" ino=169 scontext=u:r:system_app:s0 tcontext=u:object_r:system_data_file:s0 tclass=file

01-03 02:03:06.767 20466 20479 D ConnectivitySystemTest:commInterface:  String Read from NotifyDUT file is :DUT 1 ble central setfilter 1 1 name cstadv

01-03 02:03:06.767 20466 20479 D ConnectivitySystemTest:BASE: --------------------------------------------------------------------------------------------

01-03 02:03:06.767 20466 20479 D ConnectivitySystemTest:BASE: Executing next Command:DUT 1 ble central setfilter 1 1 name cstadv

01-03 02:03:06.767 20466 20479 D ConnectivitySystemTest:BASE: --------------------------------------------------------------------------------------------

01-03 02:03:06.772 20466 22624 D ConnectivitySystemTest:BASE: 22624:Active threads =1

01-03 02:03:06.772 20466 22624 D ConnectivitySystemTest:BASE: The cmd: DUT 1 ble central setfilter 1 1 name cstadv :is going to be executed

01-03 02:03:06.774 20466 22624 D CSTConnectivityTest:LE: Executing Bluetooth Low Energy Command :central setfilter 1 1 name cstadv 

01-03 02:03:06.774 20466 22624 D ConnectivitySystemTest:BASE: The Cmd: DUT 1 ble central setfilter 1 1 name cstadv: was executed successfully

01-03 02:03:06.774 20466 22624 D ConnectivitySystemTest:BASE: Final result String :DUT 1 ble central setfilter 1 1 name cstadv PASS COMMENT:  WARN: 

01-03 02:03:06.777 20466 22624 D ConnectivitySystemTest:commInterface: Result Notified back to CSTCore : true

01-03 02:03:06.777 20466 22624 D ConnectivitySystemTest:BASE: 22624:Killing current Thread. Pending active threads =0

01-03 02:03:06.777 20466 22624 D ConnectivitySystemTest:BASE: --------------------------------------------------------------------------------------------

01-03 02:03:06.777 20466 22624 D ConnectivitySystemTest:BASE: Command Execution Finished :DUT 1 ble central setfilter 1 1 name cstadv

01-03 02:03:06.777 20466 22624 D ConnectivitySystemTest:BASE: --------------------------------------------------------------------------------------------

01-04 21:56:16.330 20479 20479 W Thread-487: type=1400 audit(0.0:794): avc: granted { remove_name } for name="NotifyDUT.txt" dev="mmcblk0p37" ino=169 scontext=u:r:system_app:s0 tcontext=u:object_r:system_data_file:s0 tclass=dir

01-04 21:56:16.330 20479 20479 W Thread-487: type=1400 audit(0.0:795): avc: granted { unlink } for name="NotifyDUT.txt" dev="mmcblk0p37" ino=169 scontext=u:r:system_app:s0 tcontext=u:object_r:system_data_file:s0 tclass=file

01-04 21:56:16.340 22624 22624 W Thread-532: type=1400 audit(0.0:796): avc: granted { add_name } for name="NotifyBM3.txt" scontext=u:r:system_app:s0 tcontext=u:object_r:system_data_file:s0 tclass=dir

01-04 21:56:16.340 22624 22624 W Thread-532: type=1400 audit(0.0:797): avc: granted { create } for name="NotifyBM3.txt" scontext=u:r:system_app:s0 tcontext=u:object_r:system_data_file:s0 tclass=file

01-04 21:56:16.340 22624 22624 W Thread-532: type=1400 audit(0.0:798): avc: granted { write } for path="/data/NotifyBM3.txt" dev="mmcblk0p37" ino=169 scontext=u:r:system_app:s0 tcontext=u:object_r:system_data_file:s0 tclass=file

01-03 02:03:07.479 20466 20479 D ConnectivitySystemTest:commInterface:  String Read from NotifyDUT file is :DUT 1 ble central setscansettings 1 1 2 0 0 2

01-03 02:03:07.485 20466 20479 D ConnectivitySystemTest:BASE: --------------------------------------------------------------------------------------------

01-03 02:03:07.485 20466 20479 D ConnectivitySystemTest:BASE: Executing next Command:DUT 1 ble central setscansettings 1 1 2 0 0 2

01-03 02:03:07.485 20466 20479 D ConnectivitySystemTest:BASE: --------------------------------------------------------------------------------------------

01-03 02:03:07.487 20466 22652 D ConnectivitySystemTest:BASE: 22652:Active threads =1

01-03 02:03:07.487 20466 22652 D ConnectivitySystemTest:BASE: The cmd: DUT 1 ble central setscansettings 1 1 2 0 0 2 :is going to be executed

01-03 02:03:07.488 20466 22652 D CSTConnectivityTest:LE: Executing Bluetooth Low Energy Command :central setscansettings 1 1 2 0 0 2 

01-03 02:03:07.489 20466 22652 D ConnectivitySystemTest:BASE: The Cmd: DUT 1 ble central setscansettings 1 1 2 0 0 2: was executed successfully

01-03 02:03:07.489 20466 22652 D ConnectivitySystemTest:BASE: Final result String :DUT 1 ble central setscansettings 1 1 2 0 0 2 PASS COMMENT:  WARN: 

01-03 02:03:07.491 20466 22652 D ConnectivitySystemTest:commInterface: Result Notified back to CSTCore : true

01-03 02:03:07.491 20466 22652 D ConnectivitySystemTest:BASE: 22652:Killing current Thread. Pending active threads =0

01-03 02:03:07.491 20466 22652 D ConnectivitySystemTest:BASE: --------------------------------------------------------------------------------------------

01-03 02:03:07.491 20466 22652 D ConnectivitySystemTest:BASE: Command Execution Finished :DUT 1 ble central setscansettings 1 1 2 0 0 2

01-03 02:03:07.491 20466 22652 D ConnectivitySystemTest:BASE: --------------------------------------------------------------------------------------------

01-04 21:56:17.040 20479 20479 W Thread-487: type=1400 audit(0.0:799): avc: granted { remove_name } for name="NotifyDUT.txt" dev="mmcblk0p37" ino=169 scontext=u:r:system_app:s0 tcontext=u:object_r:system_data_file:s0 tclass=dir

01-04 21:56:17.040 20479 20479 W Thread-487: type=1400 audit(0.0:800): avc: granted { unlink } for name="NotifyDUT.txt" dev="mmcblk0p37" ino=169 scontext=u:r:system_app:s0 tcontext=u:object_r:system_data_file:s0 tclass=file

01-04 21:56:17.050 22652 22652 W Thread-533: type=1400 audit(0.0:801): avc: granted { add_name } for name="NotifyBM3.txt" scontext=u:r:system_app:s0 tcontext=u:object_r:system_data_file:s0 tclass=dir

01-04 21:56:17.050 22652 22652 W Thread-533: type=1400 audit(0.0:802): avc: granted { create } for name="NotifyBM3.txt" scontext=u:r:system_app:s0 tcontext=u:object_r:system_data_file:s0 tclass=file

01-04 21:56:17.050 22652 22652 W Thread-533: type=1400 audit(0.0:803): avc: granted { write } for path="/data/NotifyBM3.txt" dev="mmcblk0p37" ino=169 scontext=u:r:system_app:s0 tcontext=u:object_r:system_data_file:s0 tclass=file

01-03 02:03:08.190 20466 20479 D ConnectivitySystemTest:commInterface:  String Read from NotifyDUT file is :DUT 1 ble central buildscanfilter 1 1

01-03 02:03:08.191 20466 20479 D ConnectivitySystemTest:BASE: --------------------------------------------------------------------------------------------

01-03 02:03:08.191 20466 20479 D ConnectivitySystemTest:BASE: Executing next Command:DUT 1 ble central buildscanfilter 1 1

01-03 02:03:08.191 20466 20479 D ConnectivitySystemTest:BASE: --------------------------------------------------------------------------------------------

01-03 02:03:08.196 20466 22680 D ConnectivitySystemTest:BASE: 22680:Active threads =1

01-03 02:03:08.196 20466 22680 D ConnectivitySystemTest:BASE: The cmd: DUT 1 ble central buildscanfilter 1 1 :is going to be executed

01-03 02:03:08.200 20466 22680 D CSTConnectivityTest:LE: Executing Bluetooth Low Energy Command :central buildscanfilter 1 1 

01-03 02:03:08.200 20466 22680 D ConnectivitySystemTest:BASE: The Cmd: DUT 1 ble central buildscanfilter 1 1: was executed successfully

01-03 02:03:08.200 20466 22680 D ConnectivitySystemTest:BASE: Final result String :DUT 1 ble central buildscanfilter 1 1 PASS COMMENT:  WARN: 

01-03 02:03:08.204 20466 22680 D ConnectivitySystemTest:commInterface: Result Notified back to CSTCore : true

01-03 02:03:08.204 20466 22680 D ConnectivitySystemTest:BASE: 22680:Killing current Thread. Pending active threads =0

01-03 02:03:08.204 20466 22680 D ConnectivitySystemTest:BASE: --------------------------------------------------------------------------------------------

01-03 02:03:08.205 20466 22680 D ConnectivitySystemTest:BASE: Command Execution Finished :DUT 1 ble central buildscanfilter 1 1

01-03 02:03:08.205 20466 22680 D ConnectivitySystemTest:BASE: --------------------------------------------------------------------------------------------

01-04 21:56:17.750 20479 20479 W Thread-487: type=1400 audit(0.0:804): avc: granted { remove_name } for name="NotifyDUT.txt" dev="mmcblk0p37" ino=169 scontext=u:r:system_app:s0 tcontext=u:object_r:system_data_file:s0 tclass=dir

01-04 21:56:17.750 20479 20479 W Thread-487: type=1400 audit(0.0:805): avc: granted { unlink } for name="NotifyDUT.txt" dev="mmcblk0p37" ino=169 scontext=u:r:system_app:s0 tcontext=u:object_r:system_data_file:s0 tclass=file

01-04 21:56:17.760 22680 22680 W Thread-534: type=1400 audit(0.0:806): avc: granted { add_name } for name="NotifyBM3.txt" scontext=u:r:system_app:s0 tcontext=u:object_r:system_data_file:s0 tclass=dir

01-04 21:56:17.760 22680 22680 W Thread-534: type=1400 audit(0.0:807): avc: granted { create } for name="NotifyBM3.txt" scontext=u:r:system_app:s0 tcontext=u:object_r:system_data_file:s0 tclass=file

01-04 21:56:17.760 22680 22680 W Thread-534: type=1400 audit(0.0:808): avc: granted { write } for path="/data/NotifyBM3.txt" dev="mmcblk0p37" ino=169 scontext=u:r:system_app:s0 tcontext=u:object_r:system_data_file:s0 tclass=file

01-03 02:03:08.999 20466 20479 D ConnectivitySystemTest:commInterface:  String Read from NotifyDUT file is :DUT 1 ble central scanwithfilter 1

01-03 02:03:09.001 20466 20479 D ConnectivitySystemTest:BASE: --------------------------------------------------------------------------------------------

01-03 02:03:09.001 20466 20479 D ConnectivitySystemTest:BASE: Executing next Command:DUT 1 ble central scanwithfilter 1

01-03 02:03:09.001 20466 20479 D ConnectivitySystemTest:BASE: --------------------------------------------------------------------------------------------

01-03 02:03:09.007 20466 22710 D ConnectivitySystemTest:BASE: 22710:Active threads =1

01-03 02:03:09.007 20466 22710 D ConnectivitySystemTest:BASE: The cmd: DUT 1 ble central scanwithfilter 1 :is going to be executed

01-03 02:03:09.009 20466 22710 D CSTConnectivityTest:LE: Executing Bluetooth Low Energy Command :central scanwithfilter 1 

01-03 02:03:09.009 20466 22710 D ConnectivitySystemTest:LE_CommonResource: Scanning with filters:

01-03 02:03:09.009 20466 22710 D ConnectivitySystemTest:LE_CommonResource: Filter[1]BluetoothLeScanFilter [mDeviceName=cstadv, mDeviceAddress=null, mUuid=null, mUuidMask=null, mServiceDataUuid=null, mServiceData=null, mServiceDataMask=null, mManufacturerId=-1, mManufacturerData=null, mManufacturerDataMask=null]

01-03 02:03:09.011 20466 22710 D BluetoothAdapter: STATE_ON

01-04 21:56:18.560 20479 20479 W Thread-487: type=1400 audit(0.0:809): avc: granted { remove_name } for name="NotifyDUT.txt" dev="mmcblk0p37" ino=169 scontext=u:r:system_app:s0 tcontext=u:object_r:system_data_file:s0 tclass=dir

01-03 02:03:09.025 20547 20558 D BluetoothAdapterService: getAdapterService() - returning com.android.bluetooth.btservice.AdapterService@d03b359

01-03 02:03:09.027 20547 20627 D BtGatt.GattService: registerClient() - UUID=509b6a27-a61c-4156-ab26-cf75021c717c

01-03 02:03:09.027 20547 20627 D bt_btif : btif_transfer_context event 1000, len 740

01-03 02:03:09.028 20547 20580 D bt_btif : btif task fetched event a001

01-03 02:03:09.028 20547 20580 D bt_btif : btif_context_switched

01-03 02:03:09.028 20547 20609 I bt_btif : BTA got event 0x1f17

01-03 02:03:09.028 20547 20609 D bt_btif : bta_gattc_register state 2

01-03 02:03:09.028 20547 20609 I bt_att  : GATT_Register

01-03 02:03:09.028 20547 20609 D bt_att  : UUID=[0x509b6a27a61c4156ab26cf75021c717c]

01-03 02:03:09.028 20547 20609 I bt_att  : allocated gatt_if=6

01-03 02:03:09.028 20547 20609 D bt_btif : btif_transfer_context event 0, len 676

01-03 02:03:09.028 20547 20580 D bt_btif : BTA got event 0x1f16

01-03 02:03:09.028 20547 20609 I bt_btif : BTA got event 0x1f16

01-03 02:03:09.028 20547 20580 D bt_btif : GATT_StartIf gatt_if=

01-03 02:03:09.028 20547 20609 I bt_att  : GATT_StartIf gatt_if=6

01-03 02:03:09.028 20547 20580 I bt_btif : gatt_find_the_connected_bda start_idx=0

01-03 02:03:09.028 20547 20609 D bt_att  : gatt_find_the_connected_bda start_idx=0

01-03 02:03:09.028 20547 20609 D bt_att  : gatt_find_the_connected_bda found=0 found_idx=16

01-03 02:03:09.029 20547 20580 D BtGatt.GattService: onClientRegistered() - UUID=509b6a27-a61c-4156-ab26-cf75021c717c, clientIf=6

01-03 02:03:09.029 20466 20478 D BluetoothLeScanner: onClientRegistered() - status=0 clientIf=6

01-03 02:03:09.029 20547 20559 D BtGatt.GattService: start scan with filters

01-04 21:56:18.560 20479 20479 W Thread-487: type=1400 audit(0.0:810): avc: granted { unlink } for name="NotifyDUT.txt" dev="mmcblk0p37" ino=169 scontext=u:r:system_app:s0 tcontext=u:object_r:system_data_file:s0 tclass=file

01-03 02:03:09.045 20547 20585 D BtGatt.ScanManager: handling starting scan

01-03 02:03:09.049 20547 20585 D bt_btif : btif_gattc_scan_filter_enable, 1

01-03 02:03:09.049 20547 20585 D bt_btif : btif_transfer_context event 1029, len 1272

01-03 02:03:09.049 20547 20580 D bt_btif : btif task fetched event a001

01-03 02:03:09.049 20547 20580 D bt_btif : btif_context_switched

01-03 02:03:09.049 20547 20580 I bt_btif : BTA_DmEnableScanFilter: 1

01-03 02:03:09.049 20547 20609 I bt_btif : BTA got event 0x124

01-03 02:03:09.049 20547 20609 I bt_btif : bta_dm_sm_execute event:0x24

01-03 02:03:09.049 20547 20609 D bt_btif : bta_dm_enable_scan_filter

01-03 02:03:09.049 20547 20609 D bt_btm  : BTM_BleGetVendorCapabilities

01-03 02:03:09.049 20547 20609 D bt_btm  : BTM_BleGetVendorCapabilities

01-03 02:03:09.049 20547 20609 I bt_btm  : BTM: BTM_VendorSpecificCommand: Opcode: 0xFD57, ParamLen: 2.

01-03 02:03:09.049 20547 20609 D bt_btm  : btm_ble_advfilt_enq_op_q: act_ocf:1, action:1, ocf:0,cb_evt;1, cback:0

01-03 02:03:09.051 20601 20602 I WCNSS_FILTER: ibs_msm_serial_clock_vote: vote UART CLK ON using UART driver's ioctl()

01-03 02:03:09.056 20601 20602 I WCNSS_FILTER: do_write: IBS write: fd

01-03 02:03:09.057 20547 20586 E bt_osi_alarm: reschedule_root_alarm alarm expiration too close for posix timers, switching to guns

01-03 02:03:09.060 20601 20602 I WCNSS_FILTER: is_force_hcidump_enabled: property_get: wc_transport.force_hcidump: 0

01-03 02:03:09.061 20601 20602 I WCNSS_FILTER: Direction(0): bytes: 6 : bytes_written: 6

01-03 02:03:09.061 20601 20601 I WCNSS_FILTER: do_write: IBS write: fc

01-03 02:03:09.062 20601 20601 I WCNSS_FILTER: is_force_hcidump_enabled: property_get: wc_transport.force_hcidump: 0

01-03 02:03:09.062 20601 20601 I WCNSS_FILTER: Direction(1): bytes: 9 : bytes_written: 9

01-03 02:03:09.063 20547 20609 D bt_btm  : btm_ble_advfilt_deq_op_q: ocf:0, action:1, ref_value:6, cb_evt:1

01-03 02:03:09.063 20547 20609 D bt_btif : btif_transfer_context event 33, len 1272

01-03 02:03:09.063 20547 20609 D bt_btm  : btm_ble_scan_pf_cmpl_cback enabled/disabled, 0, 1, 0, 6

01-03 02:03:09.063 20547 20580 D bt_btif : btif task fetched event a001

01-03 02:03:09.063 20547 20580 D bt_btif : btif_context_switched

01-03 02:03:09.063 20547 20580 D bt_btif : BTA_GATTC_SCAN_FLT_STATUS_EVT: 6, 1, 0

01-03 02:03:09.063 20547 20580 I bt_btif : HAL bt_gatt_callbacks->client->scan_filter_status_cb

01-03 02:03:09.063 20547 20580 D BtGatt.GattService: onScanFilterEnableDisabled() - clientIf=6, status=0, action=1

01-03 02:03:09.063 20547 20580 D BtGatt.ScanManager: callback done for clientIf - 6 status - 0

01-03 02:03:09.063 20547 20585 D BtGatt.ScanManager: addFilterToController: 4

01-03 02:03:09.064 20547 20585 D BtGatt.ScanManager: adding filters: cstadv

01-03 02:03:09.064 20547 20585 D bt_btif : btif_gattc_scan_filter_add_remove, 0, 4

01-03 02:03:09.064 20547 20585 D bt_btif : btif_transfer_context event 1027, len 1272

01-03 02:03:09.064 20547 20580 D bt_btif : btif task fetched event a001

01-03 02:03:09.064 20547 20580 D bt_btif : btif_context_switched

01-03 02:03:09.064 20547 20580 I bt_btif : BTA_DmBleCfgFilterCondition: 0, 4

01-03 02:03:09.064 20547 20609 I bt_btif : BTA got event 0x122

01-03 02:03:09.064 20547 20609 I bt_btif : bta_dm_sm_execute event:0x22

01-03 02:03:09.064 20547 20609 D bt_btif : bta_dm_cfg_filter_cond

01-03 02:03:09.064 20547 20609 D bt_btm  : BTM_BleGetVendorCapabilities

01-03 02:03:09.064 20547 20609 I bt_btm  :  BTM_BleCfgFilterCondition action:0, cond_type:4, index:5

01-03 02:03:09.064 20547 20609 D bt_btm  : BTM_BleGetVendorCapabilities

01-03 02:03:09.064 20547 20609 I bt_btm  : BTM: BTM_VendorSpecificCommand: Opcode: 0xFD57, ParamLen: 9.

01-03 02:03:09.064 20547 20609 D bt_btm  : btm_ble_advfilt_enq_op_q: act_ocf:80, action:0, ocf:5,cb_evt;2, cback:e16e6305

01-03 02:03:09.071 20601 20602 I WCNSS_FILTER: is_force_hcidump_enabled: property_get: wc_transport.force_hcidump: 0

01-03 02:03:09.071 20601 20602 I WCNSS_FILTER: Direction(0): bytes: 13 : bytes_written: 13

01-03 02:03:09.072 20601 20601 I WCNSS_FILTER: is_force_hcidump_enabled: property_get: wc_transport.force_hcidump: 0

01-03 02:03:09.072 20601 20601 I WCNSS_FILTER: Direction(1): bytes: 10 : bytes_written: 10

01-03 02:03:09.076 20547 20586 E bt_osi_alarm: reschedule_root_alarm alarm expiration too close for posix timers, switching to guns

01-03 02:03:09.076 20547 20609 D bt_btm  : btm_ble_advfilt_deq_op_q: ocf:5, action:0, ref_value:6, cb_evt:2

01-03 02:03:09.076 20547 20609 D bt_btm  : btm_ble_scan_pf_cmpl_cback Recd: 5, 5, 0, 0, 6, 31

01-03 02:03:09.076 20547 20609 D bt_btm  : BTM_BleGetVendorCapabilities

01-03 02:03:09.076 20547 20609 D bt_btm  : counter = 3, maxfilt = 16, num_avbl=31

01-03 02:03:09.076 20547 20609 D bt_btif : bta_ble_scan_cfg_cmpl: 0, 4, 31, 0

01-03 02:03:09.076 20547 20609 D bt_btif : btif_transfer_context event 31, len 1272

01-03 02:03:09.076 20547 20580 D bt_btif : btif task fetched event a001

01-03 02:03:09.076 20547 20580 D bt_btif : btif_context_switched

01-03 02:03:09.076 20547 20580 I bt_btif : HAL bt_gatt_callbacks->client->scan_filter_cfg_cb

01-03 02:03:09.077 20547 20580 D BtGatt.GattService: onScanFilterConfig() - clientIf=6, action = 0 status = 0, filterType=4, availableSpace=31

01-03 02:03:09.077 20547 20580 D BtGatt.ScanManager: callback done for clientIf - 6 status - 0

01-03 02:03:09.078 20547 20585 D BluetoothAdapterService: getAdapterService() - returning com.android.bluetooth.btservice.AdapterService@d03b359

01-03 02:03:09.080 20547 20585 D BluetoothAdapterService: getAdapterService() - returning com.android.bluetooth.btservice.AdapterService@d03b359

01-03 02:03:09.082 20547 20585 D BtGatt.ScanManager: configureFilterParamter 1500 10000 4 16

01-03 02:03:09.082 20547 20585 D bt_btif : btif_gattc_scan_filter_param_setup

01-03 02:03:09.082 20547 20585 D bt_btif : btif_transfer_context event 1026, len 1272

01-03 02:03:09.083 20547 20580 D bt_btif : btif task fetched event a001

01-03 02:03:09.083 20547 20580 D bt_btif : btif_context_switched

01-03 02:03:09.083 20547 20580 I bt_btif : BTA_DmBleScanFilterSetup: 0

01-03 02:03:09.083 20547 20609 I bt_btif : BTA got event 0x12d

01-03 02:03:09.083 20547 20609 I bt_btif : bta_dm_sm_execute event:0x2d

01-03 02:03:09.083 20547 20609 D bt_btm  : BTM_BleGetVendorCapabilities

01-03 02:03:09.083 20547 20609 I bt_btm  :  BTM_BleTrackAdvertiser

01-03 02:03:09.083 20547 20609 D bt_btm  : BTM_BleGetVendorCapabilities

01-03 02:03:09.083 20547 20609 I bt_btif : BTA got event 0x123

01-03 02:03:09.083 20547 20609 I bt_btif : bta_dm_sm_execute event:0x23

01-03 02:03:09.083 20547 20609 D bt_btif : bta_dm_scan_filter_param_setup

01-03 02:03:09.083 20547 20609 D bt_btm  : BTM_BleGetVendorCapabilities

01-03 02:03:09.083 20547 20609 D bt_btm  : BTM_BleGetVendorCapabilities

01-03 02:03:09.083 20547 20609 I bt_btm  :  BTM_BleAdvFilterParamSetup

01-03 02:03:09.083 20547 20609 D bt_btm  : BTM_BleAdvFilterParamSetup : Feat mask:16

01-03 02:03:09.083 20547 20609 I bt_btm  : BTM: BTM_VendorSpecificCommand: Opcode: 0xFD57, ParamLen: 18.

01-03 02:03:09.084 20547 20609 D bt_btm  : btm_ble_advfilt_enq_op_q: act_ocf:16, action:0, ocf:1,cb_evt;3, cback:0

01-03 02:03:09.092 20601 20602 I WCNSS_FILTER: is_force_hcidump_enabled: property_get: wc_transport.force_hcidump: 0

01-03 02:03:09.092 20601 20602 I WCNSS_FILTER: Direction(0): bytes: 22 : bytes_written: 22

01-03 02:03:09.092 20601 20601 I WCNSS_FILTER: is_force_hcidump_enabled: property_get: wc_transport.force_hcidump: 0

01-03 02:03:09.093 20601 20601 I WCNSS_FILTER: Direction(1): bytes: 10 : bytes_written: 10

01-03 02:03:09.097 20547 20586 E bt_osi_alarm: reschedule_root_alarm alarm expiration too close for posix timers, switching to guns

01-03 02:03:09.098 20547 20609 D bt_btm  : btm_ble_advfilt_deq_op_q: ocf:1, action:0, ref_value:6, cb_evt:3

01-03 02:03:09.098 20547 20609 D bt_btm  : btm_ble_scan_pf_cmpl_cback-Feat sel event: 0, 0, 6, 15

01-03 02:03:09.098 20547 20609 D bt_btif : btif_transfer_context event 32, len 1272

01-03 02:03:09.098 20547 20580 D bt_btif : btif task fetched event a001

01-03 02:03:09.098 20547 20580 D bt_btif : btif_context_switched

01-03 02:03:09.098 20547 20580 D bt_btif : BTA_GATTC_SCAN_FLT_PARAM_EVT: 6, 0, 15, 0

01-03 02:03:09.098 20547 20580 I bt_btif : HAL bt_gatt_callbacks->client->scan_filter_param_cb

01-03 02:03:09.098 20547 20580 D BtGatt.GattService: onScanFilterParamsConfigured() - clientIf=6, status=0, action=0, availableSpace=15

01-03 02:03:09.098 20547 20580 D BtGatt.ScanManager: callback done for clientIf - 6 status - 0

01-03 02:03:09.099 20547 20585 D bt_btif : btif_transfer_context event 1002, len 740

01-03 02:03:09.099 20547 20585 D BtGatt.ScanManager: configureRegularScanParams() - queue=1

01-03 02:03:09.099 20547 20585 D BtGatt.ScanManager: configureRegularScanParams() - ScanSetting Scan mode=1 mLastConfiguredScanSetting=-2147483648

01-03 02:03:09.099 20547 20585 D bt_btif : btif_transfer_context event 1003, len 740

01-03 02:03:09.099 20547 20585 D BtGatt.ScanManager: configureRegularScanParams - scanInterval = 8000configureRegularScanParams - scanWindow = 3200

01-03 02:03:09.099 20547 20585 D bt_btif : btif_transfer_context event 1030, len 740

01-03 02:03:09.099 20547 20580 D bt_btif : btif_transfer_context event 

01-03 02:03:09.099 20547 20580 D bt_btif : btif_context_switched

01-03 02:03:09.099 20547 20585 D bt_btif : BTA_DmBleObserve:start = 1 

01-03 02:03:09.099 20547 20580 I bt_btif : BTA_DmBleObserve:start = 1 

01-03 02:03:09.099 20547 20580 D bt_btif : btif task fetched event a001

01-03 02:03:09.099 20547 20580 D bt_btif : btif_context_switched

01-03 02:03:09.099 20547 20580 I bt_btif : BTA_DmBleObserve:start = 0 

01-03 02:03:09.100 20547 20580 D bt_btif : btif task fetched event a001

01-03 02:03:09.100 20547 20580 D bt_btif : btif_context_switched

01-03 02:03:09.100 20547 20580 D bt_btif : btif task fetched event a001

01-03 02:03:09.100 20547 20580 D bt_btif : btif_context_switched

01-03 02:03:09.100 20547 20580 I bt_btif : BTA_DmBleObserve:start = 1 

01-03 02:03:09.100 20547 20609 I bt_btif : BTA got event 0x11a

01-03 02:03:09.100 20547 20609 I bt_btif : bta_dm_sm_execute event:0x1a

01-03 02:03:09.100 20547 20609 I bt_btm  : BTM_BleObserve : scan_type:0, 0, 0

01-03 02:03:09.100 20547 20609 I bt_btif : BTA got event 0x11a

01-03 02:03:09.100 20547 20609 I bt_btif : bta_dm_sm_execute event:0x1a

01-03 02:03:09.100 20547 20609 I bt_btm  : BTM_BleObserve : scan_type:0, 0, 0

01-03 02:03:09.100 20547 20609 I bt_btm  : btm_ble_stop_scan 

01-03 02:03:09.100 20547 20609 I bt_btm  : btm_update_scanner_filter_policy

01-03 02:03:09.100 20547 20609 D bt_btm  : btm_ble_send_extended_scan_params, 18, 18

01-03 02:03:09.100 20547 20609 I bt_btm  : BTM: BTM_VendorSpecificCommand: Opcode: 0xFD60, ParamLen: 11.

01-03 02:03:09.100 20547 20609 D bt_btif : bta_dm_observe_cmpl_cb

01-03 02:03:09.100 20547 20609 I bt_btif : BTA got event 0x119

01-03 02:03:09.100 20547 20609 I bt_btif : bta_dm_sm_execute event:0x19

01-03 02:03:09.100 20547 20609 E bt_btm  : Illegal Connection Scan Parameters

01-03 02:03:09.100 20547 20609 I bt_btif : BTA got event 0x11a

01-03 02:03:09.100 20547 20609 I bt_btif : bta_dm_sm_execute event:0x1a

01-03 02:03:09.100 20547 20609 I bt_btm  : BTM_BleObserve : scan_type:0, 0, 0

01-03 02:03:09.112 20601 20602 I WCNSS_FILTER: is_force_hcidump_enabled: property_get: wc_transport.force_hcidump: 0

01-03 02:03:09.112 20601 20602 I WCNSS_FILTER: Direction(0): bytes: 11 : bytes_written: 11

01-03 02:03:09.113 20601 20601 I WCNSS_FILTER: is_force_hcidump_enabled: property_get: wc_transport.force_hcidump: 0

01-03 02:03:09.113 20601 20601 I WCNSS_FILTER: Direction(1): bytes: 7 : bytes_written: 7

01-03 02:03:09.123 20601 20602 I WCNSS_FILTER: is_force_hcidump_enabled: property_get: wc_transport.force_hcidump: 0

01-03 02:03:09.123 20601 20602 I WCNSS_FILTER: Direction(0): bytes: 6 : bytes_written: 6

01-03 02:03:09.124 20601 20601 I WCNSS_FILTER: is_force_hcidump_enabled: property_get: wc_transport.force_hcidump: 0

01-03 02:03:09.124 20601 20601 I WCNSS_FILTER: Direction(1): bytes: 7 : bytes_written: 7

01-03 02:03:09.132 20547 20586 E bt_osi_alarm: reschedule_root_alarm alarm expiration too close for posix timers, switching to guns

01-03 02:03:09.143 20601 20602 I WCNSS_FILTER: is_force_hcidump_enabled: property_get: wc_transport.force_hcidump: 0

01-03 02:03:09.143 20601 20602 I WCNSS_FILTER: Direction(0): bytes: 6 : bytes_written: 6

01-03 02:03:09.144 20601 20601 I WCNSS_FILTER: is_force_hcidump_enabled: property_get: wc_transport.force_hcidump: 0

01-03 02:03:09.144 20601 20601 I WCNSS_FILTER: Direction(1): bytes: 7 : bytes_written: 7

01-03 02:03:09.150 20601 20602 I WCNSS_FILTER: is_force_hcidump_enabled: property_get: wc_transport.force_hcidump: 0

01-03 02:03:09.150 20601 20602 I WCNSS_FILTER: Direction(0): bytes: 15 : bytes_written: 15

01-03 02:03:09.151 20601 20601 I WCNSS_FILTER: is_force_hcidump_enabled: property_get: wc_transport.force_hcidump: 0

01-03 02:03:09.151 20601 20601 I WCNSS_FILTER: Direction(1): bytes: 7 : bytes_written: 7

01-03 02:03:09.151 20601 20601 I WCNSS_FILTER: is_force_hcidump_enabled: property_get: wc_transport.force_hcidump: 0

01-03 02:03:09.151 20601 20601 I WCNSS_FILTER: Direction(1): bytes: 7 : bytes_written: 7

01-03 02:03:09.157 20601 20602 I WCNSS_FILTER: is_force_hcidump_enabled: property_get: wc_transport.force_hcidump: 0

01-03 02:03:09.157 20601 20602 I WCNSS_FILTER: Direction(0): bytes: 11 : bytes_written: 11

01-03 02:03:09.157 20601 20601 I WCNSS_FILTER: is_force_hcidump_enabled: property_get: wc_transport.force_hcidump: 0

01-03 02:03:09.158 20601 20601 I WCNSS_FILTER: Direction(1): bytes: 7 : bytes_written: 7

01-03 02:03:09.160 20547 20586 W bt_hci  : filter_incoming_event command complete event with no matching command. opcode: 0x0.

01-03 02:03:09.163 20601 20602 I WCNSS_FILTER: is_force_hcidump_enabled: property_get: wc_transport.force_hcidump: 0

01-03 02:03:09.163 20601 20602 I WCNSS_FILTER: Direction(0): bytes: 6 : bytes_written: 6

01-03 02:03:09.165 20601 20601 I WCNSS_FILTER: is_force_hcidump_enabled: property_get: wc_transport.force_hcidump: 0

01-03 02:03:09.165 20601 20601 I WCNSS_FILTER: Direction(1): bytes: 7 : bytes_written: 7

01-03 02:03:10.164 20601 20607 I WCNSS_FILTER: do_write: IBS write: fe

01-03 02:03:10.164 20601 20607 I WCNSS_FILTER: ibs_msm_serial_clock_vote: vote UART CLK OFF using UART driver's ioctl()

01-03 02:03:10.414 20601 20601 I WCNSS_FILTER: ibs_msm_serial_clock_vote: vote UART CLK ON using UART driver's ioctl()

01-03 02:03:10.414 20601 20601 I WCNSS_FILTER: do_write: IBS write: fc

01-03 02:03:10.415 20601 20601 I WCNSS_FILTER: is_force_hcidump_enabled: property_get: wc_transport.force_hcidump: 0

01-03 02:03:10.415 20601 20601 I WCNSS_FILTER: Direction(1): bytes: 31 : bytes_written: 31

01-03 02:03:10.416 20547 20609 D bt_btm  : BTM Event: Vendor Specific event from controller

01-03 02:03:10.416 20547 20609 I bt_btm  : btm_ble_batchscan_filter_track_adv_vse_cback called with event:56

01-03 02:03:10.416 20547 20609 D bt_btm  : BTM_BleGetVendorCapabilities

01-03 02:03:10.416 20547 20609 I bt_btm  : track_adv_vse_cback called: 5, 1, 0

01-03 02:03:10.416 20547 20609 D bt_btif : bta_track_adv_event_cb

01-03 02:03:10.416 20547 20609 D bt_btif : btif_transfer_context event 34, len 32

01-03 02:03:10.416 20547 20609 I bt_btm  : btm_ble_multi_adv_vse_cback called with event:86

01-03 02:03:10.416 20547 20580 D bt_btif : btif task fetched event a001

01-03 02:03:10.416 20547 20580 D bt_btif : btif_context_switched

01-03 02:03:10.417 20547 20580 I bt_btif : HAL bt_gatt_callbacks->client->track_adv_event_cb

01-03 02:03:10.417 20547 20580 D BtGatt.GattService: onTrackAdvFoundLost() - clientIf= 6 address = 6C:2B:C3:01:0C:43 adv_state = 0

01-03 02:03:10.420 20466 20466 D ConnectivitySystemTest:ScanCallBack:1:onRegularScanResult: CallbackType: + First Match

01-03 02:03:10.421 20466 20466 D ConnectivitySystemTest:ScanCallBack:1:onRegularScanResult: OnAdvertisment Received: ScanResult{mDevice=6C:2B:C3:01:0C:43, mScanRecord=ScanRecord [mAdvertiseFlags=26, mServiceUuids=null, mManufacturerSpecificData={}, mServiceData={}, mTxPowerLevel=-2147483648, mDeviceName=cstadv], mRssi=-29, mTimestampNanos=22584974158674}

01-03 02:03:10.426 20547 20586 E bt_osi_alarm: reschedule_root_alarm alarm expiration too close for posix timers, switching to guns

01-03 02:03:10.448 20466 22710 D ConnectivitySystemTest:LE_CommonResource: scanWithFilter: Scanning succesfully started

01-03 02:03:10.449 20466 22710 D ConnectivitySystemTest:BASE: The Cmd: DUT 1 ble central scanwithfilter 1: was executed successfully

01-03 02:03:10.449 20466 22710 D ConnectivitySystemTest:BASE: Final result String :DUT 1 ble central scanwithfilter 1 PASS COMMENT:  WARN: 

01-03 02:03:10.452 20466 22710 D ConnectivitySystemTest:commInterface: Result Notified back to CSTCore : true

01-03 02:03:10.453 20466 22710 D ConnectivitySystemTest:BASE: 22710:Killing current Thread. Pending active threads =0

01-03 02:03:10.453 20466 22710 D ConnectivitySystemTest:BASE: --------------------------------------------------------------------------------------------

01-03 02:03:10.453 20466 22710 D ConnectivitySystemTest:BASE: Command Execution Finished :DUT 1 ble central scanwithfilter 1

01-03 02:03:10.453 20466 22710 D ConnectivitySystemTest:BASE: --------------------------------------------------------------------------------------------

01-03 02:03:10.455 20601 20601 I WCNSS_FILTER: ibs_msm_serial_clock_vote: vote UART CLK OFF using UART driver's ioctl()

01-04 21:56:20.010 22710 22710 W Thread-535: type=1400 audit(0.0:811): avc: granted { add_name } for name="NotifyBM3.txt" scontext=u:r:system_app:s0 tcontext=u:object_r:system_data_file:s0 tclass=dir

01-04 21:56:20.010 22710 22710 W Thread-535: type=1400 audit(0.0:812): avc: granted { create } for name="NotifyBM3.txt" scontext=u:r:system_app:s0 tcontext=u:object_r:system_data_file:s0 tclass=file

01-04 21:56:20.010 22710 22710 W Thread-535: type=1400 audit(0.0:813): avc: granted { write } for path="/data/NotifyBM3.txt" dev="mmcblk0p37" ino=169 scontext=u:r:system_app:s0 tcontext=u:object_r:system_data_file:s0 tclass=file

01-03 02:03:11.125 20466 20479 D ConnectivitySystemTest:commInterface:  String Read from NotifyDUT file is :DUT 1 ble central validatescancallbacktype 1 6C:2B:C3:01:0C:43 2

01-03 02:03:11.128 20466 20479 D ConnectivitySystemTest:BASE: --------------------------------------------------------------------------------------------

01-03 02:03:11.128 20466 20479 D ConnectivitySystemTest:BASE: Executing next Command:DUT 1 ble central validatescancallbacktype 1 6C:2B:C3:01:0C:43 2

01-03 02:03:11.129 20466 20479 D ConnectivitySystemTest:BASE: --------------------------------------------------------------------------------------------

01-03 02:03:11.132 20466 22756 D ConnectivitySystemTest:BASE: 22756:Active threads =1

01-03 02:03:11.132 20466 22756 D ConnectivitySystemTest:BASE: The cmd: DUT 1 ble central validatescancallbacktype 1 6C:2B:C3:01:0C:43 2 :is going to be executed

01-03 02:03:11.135 20466 22756 D CSTConnectivityTest:LE: Executing Bluetooth Low Energy Command :central validatescancallbacktype 1 6C:2B:C3:01:0C:43 2 

01-03 02:03:11.136 20466 22756 D ConnectivitySystemTest:ScanCallBack:1:validateAPCFScan:ScanCallBackType: BdAddr:6C:2B:C3:01:0C:43 found in our scan results: Current Count:1

01-04 21:56:20.690 20479 20479 W Thread-487: type=1400 audit(0.0:814): avc: granted { remove_name } for name="NotifyDUT.txt" dev="mmcblk0p37" ino=169 scontext=u:r:system_app:s0 tcontext=u:object_r:system_data_file:s0 tclass=dir

01-04 21:56:20.690 20479 20479 W Thread-487: type=1400 audit(0.0:815): avc: granted { unlink } for name="NotifyDUT.txt" dev="mmcblk0p37" ino=169 scontext=u:r:system_app:s0 tcontext=u:object_r:system_data_file:s0 tclass=file

01-03 02:03:13.492   613   613 I MSM-irqbalance: Decided to move IRQ240 from CPU1 to CPU0

01-03 02:03:14.136 20466 22756 D ConnectivitySystemTest:ScanCallBack:1:validateAPCFScan:ScanCallBackType: BdAddr:6C:2B:C3:01:0C:43 found in our scan results: Current Count:1

01-03 02:03:14.137 20466 22756 D ConnectivitySystemTest:BASE: The Cmd: DUT 1 ble central validatescancallbacktype 1 6C:2B:C3:01:0C:43 2: was executed successfully

01-03 02:03:14.137 20466 22756 D ConnectivitySystemTest:BASE: Final result String :DUT 1 ble central validatescancallbacktype 1 6C:2B:C3:01:0C:43 2 PASS COMMENT:  WARN: 

01-03 02:03:14.140 20466 22756 D ConnectivitySystemTest:commInterface: Result Notified back to CSTCore : true

01-03 02:03:14.140 20466 22756 D ConnectivitySystemTest:BASE: 22756:Killing current Thread. Pending active threads =0

01-03 02:03:14.140 20466 22756 D ConnectivitySystemTest:BASE: --------------------------------------------------------------------------------------------

01-03 02:03:14.140 20466 22756 D ConnectivitySystemTest:BASE: Command Execution Finished :DUT 1 ble central validatescancallbacktype 1 6C:2B:C3:01:0C:43 2

01-03 02:03:14.140 20466 22756 D ConnectivitySystemTest:BASE: --------------------------------------------------------------------------------------------

01-04 21:56:23.700 22756 22756 W Thread-536: type=1400 audit(0.0:816): avc: granted { add_name } for name="NotifyBM3.txt" scontext=u:r:system_app:s0 tcontext=u:object_r:system_data_file:s0 tclass=dir

01-04 21:56:23.700 22756 22756 W Thread-536: type=1400 audit(0.0:817): avc: granted { create } for name="NotifyBM3.txt" scontext=u:r:system_app:s0 tcontext=u:object_r:system_data_file:s0 tclass=file

01-04 21:56:23.700 22756 22756 W Thread-536: type=1400 audit(0.0:818): avc: granted { write } for path="/data/NotifyBM3.txt" dev="mmcblk0p37" ino=169 scontext=u:r:system_app:s0 tcontext=u:object_r:system_data_file:s0 tclass=file

01-03 02:03:15.063 20466 20479 D ConnectivitySystemTest:commInterface:  String Read from NotifyDUT file is :DUT 1 ble central stopfilteredscan 1

01-03 02:03:15.064 20466 20479 D ConnectivitySystemTest:BASE: --------------------------------------------------------------------------------------------

01-03 02:03:15.065 20466 20479 D ConnectivitySystemTest:BASE: Executing next Command:DUT 1 ble central stopfilteredscan 1

01-03 02:03:15.065 20466 20479 D ConnectivitySystemTest:BASE: --------------------------------------------------------------------------------------------

01-03 02:03:15.066 20466 22814 D ConnectivitySystemTest:BASE: 22814:Active threads =1

01-03 02:03:15.066 20466 22814 D ConnectivitySystemTest:BASE: The cmd: DUT 1 ble central stopfilteredscan 1 :is going to be executed

01-03 02:03:15.069 20466 22814 D CSTConnectivityTest:LE: Executing Bluetooth Low Energy Command :central stopfilteredscan 1 

01-03 02:03:15.071 20466 22814 D BluetoothAdapter: STATE_ON

01-03 02:03:15.072 20547 20627 D BtGatt.GattService: stopScan() - queue size =1

01-03 02:03:15.077 20547 20585 D BluetoothAdapterService: getAdapterService() - returning com.android.bluetooth.btservice.AdapterService@d03b359

01-03 02:03:15.078 20547 20559 D BtGatt.GattService: unregisterClient() - clientIf=6

