01-03 02:03:15.078 20547 20559 D bt_btif : btif_transfer_context event 1001, len 740

01-03 02:03:15.079 20547 20580 D bt_btif : btif task fetched event a001

01-03 02:03:15.079 20547 20580 D bt_btif : btif_context_switched

01-03 02:03:15.079 20547 20580 D bt_btif : btif_obtain_multi_adv_data_cb, Count:16

01-03 02:03:15.079 20547 20609 I bt_btif : BTA got event 0x1f18

01-03 02:03:15.079 20547 20609 I bt_att  : GATT_Deregister gatt_if=6

01-03 02:03:15.079 20547 20609 I bt_att  : GATT_Listen gatt_if=6

01-03 02:03:15.079 20547 20609 I bt_btm  : BTM_BleUpdateAdvFilterPolicy

01-03 02:03:15.079 20547 20609 I bt_btm  : BTM_ReadConnectability

01-03 02:03:15.079 20547 20609 I bt_btm  : btm_ble_set_connectability mode=0x0 combined_mode=0x1

01-03 02:03:15.079 20547 20609 D bt_btif : btif_transfer_context event 1, len 676

01-03 02:03:15.079 20547 20580 D bt_btif : btif task fetched event a001

01-03 02:03:15.079 20547 20580 D bt_btif : btif_context_switched

01-03 02:03:15.080 20547 20585 D BluetoothAdapterService: getAdapterService() - returning com.android.bluetooth.btservice.AdapterService@d03b359

01-03 02:03:15.080 20466 22814 D ConnectivitySystemTest:LE_CommonResource: Scanning stopped. Resetting the scan results also. Clearing hashtable containing results

01-03 02:03:15.080 20466 22814 D ConnectivitySystemTest:BASE: The Cmd: DUT 1 ble central stopfilteredscan 1: was executed successfully

01-03 02:03:15.080 20466 22814 D ConnectivitySystemTest:BASE: Final result String :DUT 1 ble central stopfilteredscan 1 PASS COMMENT:  WARN: 

01-03 02:03:15.082 20547 20585 D BtGatt.ScanManager: stop scan

01-03 02:03:15.082 20547 20585 D bt_btif : btif_transfer_context event 1003, len 740

01-03 02:03:15.082 20547 20585 D bt_btif : btif_gattc_scan_filter_param_setup

01-04 21:56:24.630 20479 20479 W Thread-487: type=1400 audit(0.0:819): avc: granted { remove_name } for name="NotifyDUT.txt" dev="mmcblk0p37" ino=169 scontext=u:r:system_app:s0 tcontext=u:object_r:system_data_file:s0 tclass=dir

01-03 02:03:15.082 20547 20585 D bt_btif : btif_transfer_context event 1026, len 1272

01-03 02:03:15.082 20547 20580 D bt_btif : btif task fetched event a001

01-03 02:03:15.082 20547 20580 D bt_btif : btif_context_switched

01-03 02:03:15.082 20547 20580 I bt_btif : BTA_DmBleObserve:start = 0 

01-03 02:03:15.082 20547 20580 D bt_btif : btif task fetched event a001

01-03 02:03:15.082 20547 20580 D bt_btif : btif_context_switched

01-03 02:03:15.082 20547 20580 I bt_btif : BTA_DmBleScanFilterSetup: 1

01-03 02:03:15.083 20547 20609 I bt_btif : BTA got event 0x11a

01-03 02:03:15.083 20547 20609 I bt_btif : bta_dm_sm_execute event:0x1a

01-03 02:03:15.083 20547 20609 I bt_btm  : BTM_BleObserve : scan_type:0, 0, 0

01-03 02:03:15.083 20547 20609 I bt_btm  : btm_ble_stop_scan 

01-03 02:03:15.083 20547 20609 I bt_btm  : btm_update_scanner_filter_policy

01-03 02:03:15.083 20547 20609 D bt_btm  : btm_ble_send_extended_scan_params, 18, 18

01-03 02:03:15.083 20547 20609 I bt_btm  : BTM: BTM_VendorSpecificCommand: Opcode: 0xFD60, ParamLen: 11.

01-03 02:03:15.083 20466 22814 D ConnectivitySystemTest:commInterface: Result Notified back to CSTCore : true

01-03 02:03:15.083 20466 22814 D ConnectivitySystemTest:BASE: 22814:Killing current Thread. Pending active threads =0

01-03 02:03:15.083 20466 22814 D ConnectivitySystemTest:BASE: --------------------------------------------------------------------------------------------

01-03 02:03:15.083 20466 22814 D ConnectivitySystemTest:BASE: Command Execution Finished :DUT 1 ble central stopfilteredscan 1

01-03 02:03:15.083 20466 22814 D ConnectivitySystemTest:BASE: --------------------------------------------------------------------------------------------

01-03 02:03:15.083 20547 20609 D bt_btif : bta_dm_observe_cmpl_cb

01-03 02:03:15.083 20547 20609 I bt_btif : BTA got event 0x123

01-03 02:03:15.083 20547 20609 I bt_btif : bta_dm_sm_execute event:0x23

01-03 02:03:15.083 20547 20609 D bt_btif : bta_dm_scan_filter_param_setup

01-03 02:03:15.083 20547 20609 D bt_btm  : BTM_BleGetVendorCapabilities

01-03 02:03:15.083 20547 20609 D bt_btm  : BTM_BleGetVendorCapabilities

01-03 02:03:15.083 20547 20609 I bt_btm  :  BTM_BleAdvFilterParamSetup

01-03 02:03:15.083 20547 20609 I bt_btm  : BTM: BTM_VendorSpecificCommand: Opcode: 0xFD57, ParamLen: 3.

01-03 02:03:15.083 20601 20602 I WCNSS_FILTER: ibs_msm_serial_clock_vote: vote UART CLK ON using UART driver's ioctl()

01-03 02:03:15.083 20547 20609 D bt_btm  : btm_ble_advfilt_enq_op_q: act_ocf:17, action:1, ocf:1,cb_evt;3, cback:0

01-03 02:03:15.089 20601 20602 I WCNSS_FILTER: do_write: IBS write: fd

01-03 02:03:15.093 20601 20602 I WCNSS_FILTER: is_force_hcidump_enabled: property_get: wc_transport.force_hcidump: 0

01-03 02:03:15.093 20601 20602 I WCNSS_FILTER: Direction(0): bytes: 6 : bytes_written: 6

01-03 02:03:15.095 20601 20601 I WCNSS_FILTER: do_write: IBS write: fc

01-03 02:03:15.097 20601 20601 I WCNSS_FILTER: is_force_hcidump_enabled: property_get: wc_transport.force_hcidump: 0

01-03 02:03:15.098 20601 20601 I WCNSS_FILTER: Direction(1): bytes: 7 : bytes_written: 7

01-04 21:56:24.630 20479 20479 W Thread-487: type=1400 audit(0.0:820): avc: granted { unlink } for name="NotifyDUT.txt" dev="mmcblk0p37" ino=169 scontext=u:r:system_app:s0 tcontext=u:object_r:system_data_file:s0 tclass=file

01-03 02:03:15.109 20601 20602 I WCNSS_FILTER: is_force_hcidump_enabled: property_get: wc_transport.force_hcidump: 0

01-03 02:03:15.109 20601 20602 I WCNSS_FILTER: Direction(0): bytes: 15 : bytes_written: 15

01-03 02:03:15.110 20601 20601 I WCNSS_FILTER: is_force_hcidump_enabled: property_get: wc_transport.force_hcidump: 0

01-03 02:03:15.110 20601 20601 I WCNSS_FILTER: Direction(1): bytes: 7 : bytes_written: 7

01-03 02:03:15.110 20601 20601 I WCNSS_FILTER: is_force_hcidump_enabled: property_get: wc_transport.force_hcidump: 0

01-03 02:03:15.110 20601 20601 I WCNSS_FILTER: Direction(1): bytes: 7 : bytes_written: 7

01-03 02:03:15.116 20601 20602 I WCNSS_FILTER: is_force_hcidump_enabled: property_get: wc_transport.force_hcidump: 0

01-03 02:03:15.116 20601 20602 I WCNSS_FILTER: Direction(0): bytes: 7 : bytes_written: 7

01-03 02:03:15.117 20601 20601 I WCNSS_FILTER: is_force_hcidump_enabled: property_get: wc_transport.force_hcidump: 0

01-03 02:03:15.117 20601 20601 I WCNSS_FILTER: Direction(1): bytes: 10 : bytes_written: 10

01-03 02:03:15.119 20547 20586 W bt_hci  : filter_incoming_event command complete event with no matching command. opcode: 0x0.

01-03 02:03:15.122 20547 20609 D bt_btm  : btm_ble_advfilt_deq_op_q: ocf:1, action:1, ref_value:6, cb_evt:3

01-03 02:03:15.122 20547 20609 D bt_btm  : btm_ble_scan_pf_cmpl_cback-Feat sel event: 1, 0, 6, 16

01-03 02:03:15.122 20547 20609 D bt_btif : btif_transfer_context event 32, len 1272

01-03 02:03:15.123 20547 20580 D bt_btif : btif task fetched event a001

01-03 02:03:15.123 20547 20580 D bt_btif : btif_context_switched

01-03 02:03:15.123 20547 20580 D bt_btif : BTA_GATTC_SCAN_FLT_PARAM_EVT: 6, 1, 16, 0

01-03 02:03:15.123 20547 20580 I bt_btif : HAL bt_gatt_callbacks->client->scan_filter_param_cb

01-03 02:03:15.123 20547 20580 D BtGatt.GattService: onScanFilterParamsConfigured() - clientIf=6, status=0, action=1, availableSpace=16

01-03 02:03:15.123 20547 20580 D BtGatt.ScanManager: callback done for clientIf - 6 status - 0

01-03 02:03:15.123 20547 20585 D BtGatt.ScanManager: configureRegularScanParams() - queue=0

01-03 02:03:15.123 20547 20585 D BtGatt.ScanManager: configureRegularScanParams() - ScanSetting Scan mode=-2147483648 mLastConfiguredScanSetting=1

01-03 02:03:15.123 20547 20585 D BtGatt.ScanManager: configureRegularScanParams() - queue emtpy, scan stopped

01-04 21:56:24.640 22814 22814 W Thread-537: type=1400 audit(0.0:821): avc: granted { add_name } for name="NotifyBM3.txt" scontext=u:r:system_app:s0 tcontext=u:object_r:system_data_file:s0 tclass=dir

01-04 21:56:24.640 22814 22814 W Thread-537: type=1400 audit(0.0:822): avc: granted { create } for name="NotifyBM3.txt" scontext=u:r:system_app:s0 tcontext=u:object_r:system_data_file:s0 tclass=file

01-04 21:56:24.640 22814 22814 W Thread-537: type=1400 audit(0.0:823): avc: granted { write } for path="/data/NotifyBM3.txt" dev="mmcblk0p37" ino=169 scontext=u:r:system_app:s0 tcontext=u:object_r:system_data_file:s0 tclass=file

01-03 02:03:16.117 20601 20607 I WCNSS_FILTER: do_write: IBS write: fe

01-03 02:03:16.118 20601 20607 I WCNSS_FILTER: ibs_msm_serial_clock_vote: vote UART CLK OFF using UART driver's ioctl()

01-03 02:03:18.536   613   613 I MSM-irqbalance: Decided to move IRQ222 from CPU1 to CPU0

01-03 02:03:21.215 20601 20601 I WCNSS_FILTER: ibs_msm_serial_clock_vote: vote UART CLK ON using UART driver's ioctl()

01-03 02:03:21.215 20601 20601 I WCNSS_FILTER: do_write: IBS write: fc

01-03 02:03:21.257 20601 20601 I WCNSS_FILTER: ibs_msm_serial_clock_vote: vote UART CLK OFF using UART driver's ioctl()

01-03 02:03:23.535   613   613 I MSM-irqbalance: Decided to move IRQ271 from CPU1 to CPU0

