01-03 23:30:45.751 26621 26621 D MEM-INFO: --------------------------------------------------------------------------------------------

01-03 23:30:45.752 26621 26621 D MEM-INFO: Mem info-Applications Memory Usage (kB):

01-03 23:30:45.752 26621 26621 D MEM-INFO: Uptime: 99454633 Realtime: 99838804

01-03 23:30:45.752 26621 26621 D MEM-INFO: 

01-03 23:30:45.752 26621 26621 D MEM-INFO: Total PSS by process:

01-03 23:30:45.752 26621 26621 D MEM-INFO:    116575 kB: surfaceflinger (pid 379)

01-03 23:30:45.752 26621 26621 D MEM-INFO:    101929 kB: com.android.systemui (pid 2794 / activities)

01-03 23:30:45.752 26621 26621 D MEM-INFO:     82488 kB: system (pid 1125)

01-03 23:30:45.752 26621 26621 D MEM-INFO:     55743 kB: com.google.android.googlequicksearchbox (pid 3268 / activities)

01-03 23:30:45.752 26621 26621 D MEM-INFO:     44589 kB: com.android.settings (pid 26176 / activities)

01-03 23:30:45.752 26621 26621 D MEM-INFO:     35907 kB: com.google.android.inputmethod.latin (pid 3033)

01-03 23:30:45.752 26621 26621 D MEM-INFO:     30617 kB: com.google.android.youtube (pid 4618)

01-03 23:30:45.752 26621 26621 D MEM-INFO:     29286 kB: com.google.android.googlequicksearchbox:search (pid 3353)

01-03 23:30:45.752 26621 26621 D MEM-INFO:     28350 kB: com.example.android.smartertooth (pid 25898)

01-03 23:30:45.752 26621 26621 D MEM-INFO:     28198 kB: com.android.ConnectivitySystemTest (pid 26621 / activities)

01-03 23:30:45.752 26621 26621 D MEM-INFO:     27580 kB: com.google.android.gms (pid 3166)

01-03 23:30:45.752 26621 26621 D MEM-INFO:     24603 kB: com.example.android.findmeserverpairing2 (pid 26073 / activities)

01-03 23:30:45.752 26621 26621 D MEM-INFO:     24395 kB: zygote (pid 420)

01-03 23:30:45.752 26621 26621 D MEM-INFO:     22547 kB: com.google.android.apps.magazines (pid 26786)

01-03 23:30:45.752 26621 26621 D MEM-INFO:     22117 kB: com.example.android.findmeserverpairing1 (pid 25852 / activities)

01-03 23:30:45.752 26621 26621 D MEM-INFO:     21490 kB: com.google.android.apps.docs (pid 26674)

01-03 23:30:45.752 26621 26621 D MEM-INFO:     20040 kB: com.google.process.location (pid 3560)

01-03 23:30:45.752 26621 26621 D MEM-INFO:     18390 kB: mm-qcamera-daemon (pid 451)

01-03 23:30:45.752 26621 26621 D MEM-INFO:     17653 kB: mediaserver (pid 407)

01-03 23:30:45.752 26621 26621 D MEM-INFO:     17468 kB: com.android.phone (pid 3253)

01-03 23:30:45.752 26621 26621 D MEM-INFO:     16963 kB: com.google.android.apps.maps (pid 27216)

01-03 23:30:45.752 26621 26621 D MEM-INFO:     16917 kB: com.google.process.gapps (pid 3390)

01-03 23:30:45.752 26621 26621 D MEM-INFO:     16081 kB: com.android.bluetooth (pid 27261)

01-03 23:30:45.752 26621 26621 D MEM-INFO:     14653 kB: com.google.android.apps.plus (pid 26269)

01-03 23:30:45.752 26621 26621 D MEM-INFO:     14140 kB: zygote64 (pid 419)

01-03 23:30:45.752 26621 26621 D MEM-INFO:     14125 kB: com.android.vending (pid 24460)

01-03 23:30:45.752 26621 26621 D MEM-INFO:     13638 kB: com.google.android.apps.walletnfcrel (pid 26754)

01-03 23:30:45.752 26621 26621 D MEM-INFO:      8849 kB: com.example.android.findmeclient (pid 5642 / activities)

01-03 23:30:45.752 26621 26621 D MEM-INFO:      8005 kB: android.process.acore (pid 26250)

01-03 23:30:45.752 26621 26621 D MEM-INFO:      7965 kB: imscmservice (pid 417)

01-03 23:30:45.752 26621 26621 D MEM-INFO:      7779 kB: com.google.android.gms.wearable (pid 4929)

01-03 23:30:45.752 26621 26621 D MEM-INFO:      7010 kB: rild (pid 404)

01-03 23:30:45.752 26621 26621 D MEM-INFO:      6489 kB: com.quicinc.cne.CNEService (pid 3207)

01-03 23:30:45.752 26621 26621 D MEM-INFO:      6299 kB: slim_daemon (pid 527)

01-03 23:30:45.752 26621 26621 D MEM-INFO:      6208 kB: com.google.android.apps.cloudprint (pid 26772)

01-03 23:30:45.752 26621 26621 D MEM-INFO:      5450 kB: com.google.android.googlequicksearchbox:interactor (pid 3019)

01-03 23:30:45.752 26621 26621 D MEM-INFO:      5245 kB: logd (pid 344)

01-03 23:30:45.752 26621 26621 D MEM-INFO:      4929 kB: com.qualcomm.qti.rcsbootstraputil (pid 3224)

01-03 23:30:45.752 26621 26621 D MEM-INFO:      4612 kB: com.google.android.apps.enterprise.dmagent (pid 26661)

01-03 23:30:45.752 26621 26621 D MEM-INFO:      4555 kB: com.google.android.deskclock (pid 27422)

01-03 23:30:45.752 26621 26621 D MEM-INFO:      4453 kB: com.qualcomm.qti.rcsimsbootstraputil (pid 3239)

01-03 23:30:45.752 26621 26621 D MEM-INFO:      4368 kB: com.qualcomm.display (pid 3958)

01-03 23:30:45.752 26621 26621 D MEM-INFO:      4048 kB: com.android.defcontainer (pid 26567)

01-03 23:30:45.752 26621 26621 D MEM-INFO:      4042 kB: com.android.keychain (pid 26695)

01-03 23:30:45.752 26621 26621 D MEM-INFO:      4005 kB: com.google.android.partnersetup (pid 26725)

01-03 23:30:45.752 26621 26621 D MEM-INFO:      3882 kB: com.qualcomm.telephony (pid 4696)

01-03 23:30:45.752 26621 26621 D MEM-INFO:      3800 kB: com.qualcomm.qcrilmsgtunnel (pid 4712)

01-03 23:30:45.752 26621 26621 D MEM-INFO:      3770 kB: com.android.musicfx (pid 26635)

01-03 23:30:45.752 26621 26621 D MEM-INFO:      3472 kB: com.android.smspush (pid 3533)

01-03 23:30:45.752 26621 26621 D MEM-INFO:      2988 kB: drmserver (pid 406)

01-03 23:30:45.752 26621 26621 D MEM-INFO:      2422 kB: ATFWD-daemon (pid 450)

01-03 23:30:45.752 26621 26621 D MEM-INFO:      2419 kB: sensors.qcom (pid 607)

01-03 23:30:45.752 26621 26621 D MEM-INFO:      1926 kB: thermal-engine (pid 414)

01-03 23:30:45.752 26621 26621 D MEM-INFO:      1843 kB: netmgrd (pid 490)

01-03 23:30:45.752 26621 26621 D MEM-INFO:      1367 kB: vold (pid 352)

01-03 23:30:45.752 26621 26621 D MEM-INFO:      1286 kB: cnd (pid 446)

01-03 23:30:45.752 26621 26621 D MEM-INFO:      1263 kB: sdcard (pid 2752)

01-03 23:30:45.752 26621 26621 D MEM-INFO:      1260 kB: /init (pid 1)

01-03 23:30:45.752 26621 26621 D MEM-INFO:      1172 kB: debuggerd64 (pid 402)

01-03 23:30:45.752 26621 26621 D MEM-INFO:      1103 kB: netd (pid 400)

01-03 23:30:45.752 26621 26621 D MEM-INFO:      1037 kB: qmuxd (pid 461)

01-03 23:30:45.752 26621 26621 D MEM-INFO:      1002 kB: cnss_diag (pid 413)

01-03 23:30:45.752 26621 26621 D MEM-INFO:       953 kB: debuggerd (pid 401)

01-03 23:30:45.752 26621 26621 D MEM-INFO:       912 kB: time_daemon (pid 453)

01-03 23:30:45.752 26621 26621 D MEM-INFO:       904 kB: keystore (pid 409)

01-03 23:30:45.752 26621 26621 D MEM-INFO:       904 kB: mm-pp-daemon (pid 454)

01-03 23:30:45.752 26621 26621 D MEM-INFO:       904 kB: qti (pid 487)

01-03 23:30:45.752 26621 26621 D MEM-INFO:       896 kB: adbd (pid 4867)

01-03 23:30:45.752 26621 26621 D MEM-INFO:       870 kB: imsdatadaemon (pid 511)

01-03 23:30:45.752 26621 26621 D MEM-INFO:       795 kB: cnss-daemon (pid 447)

01-03 23:30:45.752 26621 26621 D MEM-INFO:       779 kB: pm-service (pid 386)

01-03 23:30:45.752 26621 26621 D MEM-INFO:       762 kB: ueventd (pid 330)

01-03 23:30:45.752 26621 26621 D MEM-INFO:       736 kB: gatekeeperd (pid 421)

01-03 23:30:45.752 26621 26621 D MEM-INFO:       644 kB: installd (pid 408)

01-03 23:30:45.752 26621 26621 D MEM-INFO:       573 kB: pm-proxy (pid 465)

01-03 23:30:45.752 26621 26621 D MEM-INFO:       572 kB: imsqmidaemon (pid 416)

01-03 23:30:45.752 26621 26621 D MEM-INFO:       572 kB: wcnss_filter (pid 27302)

01-03 23:30:45.752 26621 26621 D MEM-INFO:       530 kB: qcom-system-daemon (pid 410)

01-03 23:30:45.752 26621 26621 D MEM-INFO:       529 kB: sh (pid 24096)

01-03 23:30:45.752 26621 26621 D MEM-INFO:       512 kB: sh (pid 399)

01-03 23:30:45.752 26621 26621 D MEM-INFO:       501 kB: rmt_storage (pid 382)

01-03 23:30:45.752 26621 26621 D MEM-INFO:       495 kB: perfd (pid 3772)

01-03 23:30:45.752 26621 26621 D MEM-INFO:       483 kB: logcat (pid 23134)

01-03 23:30:45.752 26621 26621 D MEM-INFO:       483 kB: logcat (pid 23274)

01-03 23:30:45.752 26621 26621 D MEM-INFO:       483 kB: logcat (pid 23278)

01-03 23:30:45.752 26621 26621 D MEM-INFO:       483 kB: logcat (pid 24713)

01-03 23:30:45.752 26621 26621 D MEM-INFO:       456 kB: healthd (pid 376)

01-03 23:30:45.752 26621 26621 D MEM-INFO:       455 kB: adsprpcd (pid 415)

01-03 23:30:45.752 26621 26621 D MEM-INFO:       454 kB: ipacm-diag (pid 469)

01-03 23:30:45.752 26621 26621 D MEM-INFO:       451 kB: logcat (pid

01-03 23:30:45.752 26621 26621 D MEM-INFO: --------------------------------------------------------------------------------------------

01-03 23:30:47.105   407  2723 D audio_hw_primary: out_set_parameters: enter: usecase(1: low-latency-playback) kvpairs: routing=2

01-03 23:30:47.149   407  2723 D AudioFlinger: mixer(0xf4300000) throttle end: throttle time(5)

01-03 23:30:47.327   613   613 I MSM-irqbalance: Decided to move IRQ216 from CPU2 to CPU3

01-03 23:30:47.985 25852 25852 D FindMeServer: Register Server button clicked

01-03 23:30:48.000   407  2723 D audio_hw_primary: out_set_parameters: enter: usecase(1: low-latency-playback) kvpairs: routing=2

01-03 23:30:48.000 25852 25852 D FindMeServer: FindMeService Recieved Message from Client

01-03 23:30:48.000 25852 25852 D FindMeServer: FindMeService FINDMESERVICE_REG_CLIENT

01-03 23:30:48.000 25852 25852 D FindMeServer: initServer

01-03 23:30:48.004 25852 25852 D BluetoothGattServer: registerCallback()

01-03 23:30:48.005 25852 25852 D BluetoothGattServer: registerCallback() - UUID=5454483d-ae6f-485e-af7a-4f83536c5106

01-03 23:30:48.007 27261 27341 I chatty  : uid=1002(bluetooth) Binder_5 expire 11 lines

01-03 23:30:48.008 27261 27285 I chatty  : uid=1002(bluetooth) BT Service Call expire 102 lines

01-03 23:30:48.008 27261 27312 I chatty  : uid=1002(bluetooth) bluedroid wake/ expire 696 lines

01-03 23:30:48.010 25852 25875 D BluetoothGattServer: onServerRegistered() - status=0 serverIf=6

01-03 23:30:48.010 25852 25852 D BluetoothGattServer: addService() - service: 00001802-0000-1000-8000-00805f9b34fb

01-03 23:30:48.011 27261 27323 I chatty  : uid=1002(bluetooth) Binder_3 expire 10 lines

01-03 23:30:48.023 25852 25864 D BluetoothGattServer: onServiceAdded() - service=00001802-0000-1000-8000-00805f9b34fbstatus=0

01-03 23:30:48.044   407  2723 D AudioFlinger: mixer(0xf4300000) throttle end: throttle time(4)

01-03 23:30:48.070   407  3000 D NuPlayerDriver: reset(0xf47b64c0)

01-03 23:30:48.070   407  3000 D NuPlayerDriver: notifyListener_l(0xf47b64c0), (8, 0, 0)

01-03 23:30:48.070   407 26295 D NuPlayerDriver: notifyResetComplete(0xf47b64c0)

01-03 23:30:48.078 25852 25860 W MediaPlayer-JNI: MediaPlayer finalized without being released

01-03 23:30:48.080   407  3314 D NuPlayerDriver: reset(0xf47b6280)

01-03 23:30:48.080   407  3314 D NuPlayerDriver: notifyListener_l(0xf47b6280), (8, 0, 0)

01-03 23:30:48.080   407 26498 D NuPlayerDriver: notifyResetComplete(0xf47b6280)

01-03 23:30:48.090 25852 25860 W MediaPlayer-JNI: MediaPlayer finalized without being released

01-03 23:30:48.090   407  2733 D NuPlayerDriver: reset(0xf3426e40)

01-03 23:30:48.090   407  2733 D NuPlayerDriver: notifyListener_l(0xf3426e40), (8, 0, 0)

01-03 23:30:48.091   407 26480 D NuPlayerDriver: notifyResetComplete(0xf3426e40)

01-03 23:30:48.099 25852 25860 W MediaPlayer-JNI: MediaPlayer finalized without being released

01-03 23:30:48.102   407  2732 D NuPlayerDriver: reset(0xf34262a0)

01-03 23:30:48.102   407  2732 D NuPlayerDriver: notifyListener_l(0xf34262a0), (8, 0, 0)

01-03 23:30:48.103   407 26424 D NuPlayerDriver: notifyResetComplete(0xf34262a0)

01-03 23:30:48.108 25852 25860 W MediaPlayer-JNI: MediaPlayer finalized without being released

01-03 23:30:48.109   407  3401 D NuPlayerDriver: reset(0xf3426a80)

01-03 23:30:48.109   407  3401 D NuPlayerDriver: notifyListener_l(0xf3426a80), (8, 0, 0)

01-03 23:30:48.110   407 26408 D NuPlayerDriver: notifyResetComplete(0xf3426a80)

01-03 23:30:48.112 25852 25860 W MediaPlayer-JNI: MediaPlayer finalized without being released

01-03 23:30:48.113   407  2997 D NuPlayerDriver: reset(0xf34264e0)

01-03 23:30:48.113   407  2997 D NuPlayerDriver: notifyListener_l(0xf34264e0), (8, 0, 0)

01-03 23:30:48.116   407 26398 D NuPlayerDriver: notifyResetComplete(0xf34264e0)

01-03 23:30:48.124 25852 25860 W MediaPlayer-JNI: MediaPlayer finalized without being released

01-03 23:30:48.127   407  2732 D NuPlayerDriver: reset(0xf47b62e0)

01-03 23:30:48.127   407  2732 D NuPlayerDriver: notifyListener_l(0xf47b62e0), (8, 0, 0)

01-03 23:30:48.127   407 26391 D NuPlayerDriver: notifyResetComplete(0xf47b62e0)

01-03 23:30:48.143 25852 25860 W MediaPlayer-JNI: MediaPlayer finalized without being released

01-03 23:30:48.145   407  2736 D NuPlayerDriver: reset(0xf3426540)

01-03 23:30:48.145   407  2736 D NuPlayerDriver: notifyListener_l(0xf3426540), (8, 0, 0)

01-03 23:30:48.146   407 26377 D NuPlayerDriver: notifyResetComplete(0xf3426540)

01-03 23:30:48.159   407  2733 D NuPlayerDriver: reset(0xf3426840)

01-03 23:30:48.159   407  2733 D NuPlayerDriver: notifyListener_l(0xf3426840), (8, 0, 0)

01-03 23:30:48.160   407 26322 D NuPlayerDriver: notifyResetComplete(0xf3426840)

01-03 23:30:48.178   407  3384 D NuPlayerDriver: reset(0xf34265a0)

01-03 23:30:48.178   407  3384 D NuPlayerDriver: notifyListener_l(0xf34265a0), (8, 0, 0)

01-03 23:30:48.179   407 26371 D NuPlayerDriver: notifyResetComplete(0xf34265a0)

01-03 23:30:48.198   407  3401 D NuPlayerDriver: reset(0xf3427c80)

01-03 23:30:48.198   407  3401 D NuPlayerDriver: notifyListener_l(0xf3427c80), (8, 0, 0)

01-03 23:30:48.198   407 26350 D NuPlayerDriver: notifyResetComplete(0xf3427c80)

01-03 23:30:48.212   407  2997 D NuPlayerDriver: reset(0xf3427140)

01-03 23:30:48.212   407  2997 D NuPlayerDriver: notifyListener_l(0xf3427140), (8, 0, 0)

01-03 23:30:48.212   407 26364 D NuPlayerDriver: notifyResetComplete(0xf3427140)

01-03 23:30:48.221   407  3000 D NuPlayerDriver: reset(0xf3426780)

01-03 23:30:48.221   407  3000 D NuPlayerDriver: notifyListener_l(0xf3426780), (8, 0, 0)

01-03 23:30:48.222   407 26358 D NuPlayerDriver: notifyResetComplete(0xf3426780)

01-03 23:30:49.489 25852 25852 D FindMeServer: Start Advertising button clicked

01-03 23:30:49.491 25852 25852 D FindMeServer: FindMeService Recieved Message from Client

01-03 23:30:49.491 25852 25852 D FindMeServer: FindMeService:FINDMESERVICE_MSG_START_ADVERTISING

01-03 23:30:49.509 25852 25852 D FindMeServer: adv disc timeout::0

01-03 23:30:49.510 25852 25852 D FindMeServer: current lineServiceUuid:00001215-0000-1000-8000-00805F9B34FB,0000110B-0000-1000-8000-00805F9B34FB

01-03 23:30:49.510 25852 25852 D FindMeServer: parseDataFromFile line::ServiceUuid:00001215-0000-1000-8000-00805F9B34FB,0000110B-0000-1000-8000-00805F9B34FB

01-03 23:30:49.510 25852 25852 D FindMeServer: SERVICE_UUID_TAG present

01-03 23:30:49.510 25852 25852 D FindMeServer: parsedData::00001215-0000-1000-8000-00805F9B34FB,0000110B-0000-1000-8000-00805F9B34FB

01-03 23:30:49.510 25852 25852 D FindMeServer: pUuid::00001215-0000-1000-8000-00805f9b34fb

01-03 23:30:49.510 25852 25852 D FindMeServer: pUuid::0000110b-0000-1000-8000-00805f9b34fb

01-03 23:30:49.510 25852 25852 D FindMeServer: current lineManufacturerId:29

01-03 23:30:49.511 25852 25852 D FindMeServer: parseDataFromFile line::ManufacturerId:29

01-03 23:30:49.511 25852 25852 D FindMeServer: MANUFACTURERID_TAG present

01-03 23:30:49.511 25852 25852 D FindMeServer: parsedData::29

01-03 23:30:49.511 25852 25852 D FindMeServer: manufacturerId::29

01-03 23:30:49.511 25852 25852 D FindMeServer: current lineManufacturerData:4,1,41

01-03 23:30:49.511 25852 25852 D FindMeServer: parseDataFromFile line::ManufacturerData:4,1,41

01-03 23:30:49.511 25852 25852 D FindMeServer: MANUFACTURER_DATA_TAG present

01-03 23:30:49.511 25852 25852 D FindMeServer: parsedData::4,1,41

01-03 23:30:49.511 25852 25852 D FindMeServer: manufacturerData::4

01-03 23:30:49.511 25852 25852 D FindMeServer: manufacturerData::1

01-03 23:30:49.511 25852 25852 D FindMeServer: manufacturerData::41

01-03 23:30:49.511 25852 25852 D FindMeServer: current lineServiceData:

01-03 23:30:49.511 25852 25852 D FindMeServer: parseDataFromFile line::ServiceData:

01-03 23:30:49.511 25852 25852 D FindMeServer: SERVICEDATA_TAG present

01-03 23:30:49.511 25852 25852 D FindMeServer: pasedData::

01-03 23:30:49.511 25852 25852 D FindMeServer: Start Advertising using new APIs

01-03 23:30:49.512   407  2723 D audio_hw_primary: out_set_parameters: enter: usecase(1: low-latency-playback) kvpairs: routing=2

01-03 23:30:49.513 25852 25852 D BluetoothAdapter: STATE_ON

01-03 23:30:49.532 27261 27273 I chatty  : uid=1002(bluetooth) Binder_2 expire 11 lines

01-03 23:30:49.535 25852 25875 D BluetoothLeAdvertiser: onClientRegistered() - status=0 clientIf=7

01-03 23:30:49.539 27261 27287 I chatty  : uid=1002(bluetooth) BluetoothAdvert expire 4 lines

01-03 23:30:49.555 27302 27303 I chatty  : uid=1002(bluetooth) /system/bin/wcnss_filter expire 68 lines

01-03 23:30:49.556   407  2723 D AudioFlinger: mixer(0xf4300000) throttle end: throttle time(4)

01-03 23:30:49.567 27261 27289 I chatty  : uid=1002(bluetooth) bluedroid wake/ expire 13 lines

01-03 23:30:49.567 27302 27302 I chatty  : uid=1002(bluetooth) /system/bin/wcnss_filter expire 162 lines

01-03 23:30:49.622 25852 25852 D FindMeServer: Start/Stop advertise success 1

01-03 23:30:52.331   613   613 I MSM-irqbalance: Decided to move IRQ224 from CPU2 to CPU3

01-03 23:30:52.731   407  2723 D audio_hw_primary: disable_audio_route: reset and update mixer path: low-latency-playback

01-03 23:30:52.735   407  2723 D audio_hw_primary: disable_snd_device: snd_device(2: speaker)

01-03 23:30:52.748   407  2723 I soundtrigger: audio_extn_sound_trigger_update_device_status: device 0x2 of type 0 for Event 0

01-03 23:30:56.169 26621 26887 D BluetoothGattServer: onServerConnectionState() - status=0 serverIf=5 device=56:E2:49:4C:E4:82

01-03 23:30:56.169 26621 26887 D ConnectivitySystemTest:BLE:LEServer: onConnectionStateChange() - device=56:E2:49:4C:E4:82 status=0 newState=2

01-03 23:30:56.170 25852 25864 D BluetoothGattServer: onServerConnectionState() - status=0 serverIf=6 device=56:E2:49:4C:E4:82

01-03 23:30:56.171 25852 25864 D FindMeServer: onConnectionStateChange mState::2

01-03 23:30:56.171 25852 25864 D FindMeServer: onConnectionStateChange mState::BluetoothProfile.STATE_CONNECTED

01-03 23:30:56.213  1125  3249 I ActivityManager: Start proc 27463:android.process.media/u0a8 for content provider com.android.providers.media/.MediaProvider

01-03 23:30:56.271 27463 27463 W System  : ClassLoader referenced unknown path: /system/priv-app/MediaProvider/lib/arm64

01-03 23:30:56.282 27463 27463 W System  : ClassLoader referenced unknown path: /system/priv-app/DownloadProvider/lib/arm64

01-03 23:30:56.409  1125  1480 I ActivityManager: Killing 26695:com.android.keychain/1000 (adj 15): empty #17

01-03 23:30:56.428   407 27480 D NuPlayerDriver: notifyListener_l(0xf3426180), (1, 0, 0)

01-03 23:30:56.429 25852 25864 D MediaPlayer: setSubtitleAnchor in MediaPlayer

01-03 23:30:56.429 25852 25852 D MediaPlayer: setSubtitleAnchor in MediaPlayer

01-03 23:30:56.431 25852 25864 D Ringtone: Successfully created local player

01-03 23:30:56.431 25852 25864 D BluetoothGattServer: connect() - device: 56:E2:49:4C:E4:82, auto: false

01-03 23:30:56.433 27261 27334 I chatty  : uid=1002(bluetooth) Binder_4 expire 11 lines

01-03 23:30:58.641   407  2723 D audio_hw_primary: out_set_parameters: enter: usecase(1: low-latency-playback) kvpairs: routing=2

01-03 23:30:58.641 27261 27312 I chatty  : uid=1002(bluetooth) bluedroid wake/ expire 9135 lines

01-03 23:30:58.657   407  2722 D audio_hw_primary: select_devices: out_snd_device(2: speaker) in_snd_device(0: none)

01-03 23:30:58.657   407  2722 I soundtrigger: audio_extn_sound_trigger_update_device_status: device 0x2 of type 0 for Event 1

01-03 23:30:58.657   407  2722 D msm8974_platform: platform_send_audio_calibration: sending audio calibration for snd_device(2) acdb_id(15)

01-03 23:30:58.657   407  2722 E ACDB-LOADER: ACDB get afe topology for acdb id = 15, err = -8

01-03 23:30:58.657   407  2722 D audio_hw_primary: enable_snd_device: snd_device(2: speaker)

01-03 23:30:58.668   407  2722 D audio_hw_primary: enable_audio_route: apply and update mixer path: low-latency-playback

01-03 23:30:58.681  1125  3267 I ActivityManager: START u0 {act=com.android.systemui.recents.SHOW_RECENTS flg=0x10804000 cmp=com.android.systemui/.recents.RecentsActivity} from uid 10021 on display 0

01-03 23:30:59.398   379   379 W SurfaceFlinger: couldn't log to binary event log: overflow.

01-03 23:31:01.687  1125  3213 I ActivityManager: START u0 {act=android.intent.action.MAIN cat=[android.intent.category.LAUNCHER] flg=0x10300000 cmp=com.example.android.smartertooth/.MainActivity (has extras)} from uid 10023 on display 0

01-03 23:31:01.691   407  2723 D audio_hw_primary: out_set_parameters: enter: usecase(1: low-latency-playback) kvpairs: routing=2

01-03 23:31:01.697 27302 27302 I chatty  : uid=1002(bluetooth) /system/bin/wcnss_filter expire 460 lines

01-03 23:31:01.739 25898 25898 I chatty  : uid=10081(com.example.android.smartertooth) expire 128 lines

01-03 23:31:01.739   407  2723 D AudioFlinger: mixer(0xf4300000) throttle end: throttle time(5)

01-03 23:31:01.854 25898 25948 I chatty  : uid=10081(com.example.android.smartertooth) AsyncTask #7 expire 18 lines

01-03 23:31:01.900  1125  1765 I ActivityManager: Displayed com.example.android.smartertooth/.MainActivity: +186ms

01-03 23:31:02.337   613   613 I MSM-irqbalance: Decided to move IRQ196 from CPU3 to CPU0

01-03 23:31:02.795  1125  4093 I ActivityManager: START u0 {cmp=com.example.android.smartertooth/.ScannerOptions} from uid 10081 on display 0

01-03 23:31:02.802   407  2723 D audio_hw_primary: out_set_parameters: enter: usecase(1: low-latency-playback) kvpairs: routing=2

01-03 23:31:02.818 25898 25917 I chatty  : uid=10081(com.example.android.smartertooth) AsyncTask #2 expire 2 lines

01-03 23:31:02.847   407  2723 D AudioFlinger: mixer(0xf4300000) throttle end: throttle time(4)

01-03 23:31:02.969  1125  1765 I ActivityManager: Displayed com.example.android.smartertooth/.ScannerOptions: +149ms

01-03 23:31:03.038 25898 25912 I chatty  : uid=10081(com.example.android.smartertooth) RenderThread expire 6 lines

01-03 23:31:03.670   407  2723 D audio_hw_primary: out_set_parameters: enter: usecase(1: low-latency-playback) kvpairs: routing=2

01-03 23:31:03.691 27261 27285 I chatty  : uid=1002(bluetooth) BT Service Call expire 641 lines

01-03 23:31:03.705 27261 27288 I chatty  : uid=1002(bluetooth) BluetoothScanMa expire 21 lines

01-03 23:31:03.711   407  2723 D AudioFlinger: mixer(0xf4300000) throttle end: throttle time(11)

01-03 23:31:03.721 27302 27303 I chatty  : uid=1002(bluetooth) /system/bin/wcnss_filter expire 74 lines

01-03 23:31:03.779 27261 27289 I chatty  : uid=1002(bluetooth) bluedroid wake/ expire 12 lines

01-03 23:31:03.800   407  3314 D NuPlayerDriver: reset(0xf3426de0)

01-03 23:31:03.800   407  3314 D NuPlayerDriver: notifyListener_l(0xf3426de0), (8, 0, 0)

01-03 23:31:03.801   407 26044 D NuPlayerDriver: notifyResetComplete(0xf3426de0)

01-03 23:31:03.819   407  3383 D NuPlayerDriver: reset(0xf47b6100)

01-03 23:31:03.819   407  3383 D NuPlayerDriver: notifyListener_l(0xf47b6100), (8, 0, 0)

01-03 23:31:03.820   407 26507 D NuPlayerDriver: notifyResetComplete(0xf47b6100)

01-03 23:31:04.533 25898 25908 I chatty  : uid=10081(com.example.android.smartertooth) HeapTaskDaemon expire 2 lines

01-03 23:31:06.868 27261 27272 I chatty  : uid=1002(bluetooth) Binder_1 expire 10 lines

01-03 23:31:06.873  1125  2816 I ActivityManager: START u0 {cmp=com.example.android.smartertooth/.DeviceActivity (has extras)} from uid 10081 on display 0

01-03 23:31:06.893   407  2723 D audio_hw_primary: disable_audio_route: reset and update mixer path: low-latency-playback

01-03 23:31:06.896   407  2723 D audio_hw_primary: disable_snd_device: snd_device(2: speaker)

01-03 23:31:06.908   407  2723 I soundtrigger: audio_extn_sound_trigger_update_device_status: device 0x2 of type 0 for Event 0

01-03 23:31:06.910   407  2723 D audio_hw_primary: out_set_parameters: enter: usecase(1: low-latency-playback) kvpairs: routing=2

01-03 23:31:06.915 25898 25922 I chatty  : uid=10081(com.example.android.smartertooth) AsyncTask #3 expire 2 lines

01-03 23:31:06.926   407  2722 D audio_hw_primary: select_devices: out_snd_device(2: speaker) in_snd_device(0: none)

01-03 23:31:06.926   407  2722 I soundtrigger: audio_extn_sound_trigger_update_device_status: device 0x2 of type 0 for Event 1

01-03 23:31:06.926   407  2722 D msm8974_platform: platform_send_audio_calibration: sending audio calibration for snd_device(2) acdb_id(15)

01-03 23:31:06.927   407  2722 E ACDB-LOADER: ACDB get afe topology for acdb id = 15, err = -8

01-03 23:31:06.927   407  2722 D audio_hw_primary: enable_snd_device: snd_device(2: speaker)

01-03 23:31:06.937   407  2722 D audio_hw_primary: enable_audio_route: apply and update mixer path: low-latency-playback

01-03 23:31:06.954   407  2723 D AudioFlinger: mixer(0xf4300000) throttle end: throttle time(12)

01-03 23:31:07.163  1125  1765 I ActivityManager: Displayed com.example.android.smartertooth/.DeviceActivity: +253ms

01-03 23:31:07.340   613   613 I MSM-irqbalance: Decided to move IRQ155 from CPU4 [P:0] to CPU1 [P:1] (banned)

01-03 23:31:07.886   407  2723 D audio_hw_primary: out_set_parameters: enter: usecase(1: low-latency-playback) kvpairs: routing=2

01-03 23:31:07.934   407  2723 D AudioFlinger: mixer(0xf4300000) throttle end: throttle time(4)

01-03 23:31:08.373 26621 27462 D BluetoothGattServer: onServerConnectionState() - status=0 serverIf=5 device=59:0C:13:A4:9E:74

01-03 23:31:08.373 26621 27462 D ConnectivitySystemTest:BLE:LEServer: onConnectionStateChange() - device=59:0C:13:A4:9E:74 status=0 newState=2

01-03 23:31:08.375 25852 25864 D BluetoothGattServer: onServerConnectionState() - status=0 serverIf=6 device=59:0C:13:A4:9E:74

01-03 23:31:08.375 25852 25864 D FindMeServer: onConnectionStateChange mState::2

01-03 23:31:08.375 25852 25864 D FindMeServer: onConnectionStateChange mState::BluetoothProfile.STATE_CONNECTED

01-03 23:31:08.392 26621 26621 D ConnectivitySystemTest:BT:CommonResource: IntentReceiver:Received Intent :android.bluetooth.device.action.ACL_CONNECTED

01-03 23:31:08.392 26621 26621 D ConnectivitySystemTest:BT:CommonResource: ACL Connected to remote device: 59:0C:13:A4:9E:74

01-03 23:31:08.396 25898 25910 I chatty  : uid=10081(com.example.android.smartertooth) Binder_2 expire 6 lines

01-03 23:31:08.456  3353  3353 I BTConnectionReceiver: onReceive(context, Intent { act=android.bluetooth.device.action.ACL_CONNECTED flg=0x4000010 cmp=com.google.android.googlequicksearchbox/com.google.android.search.core.service.BluetoothConnectionReceiver (has extras) }, [BluetoothDevice: address=59:0C:13:A4:9E:74, alias=null, name=qcomcst, majorDeviceClass=7936, deviceClass=7936]

01-03 23:31:08.468  3353  3353 I BluetoothClassifier: Bluetooth Device Name: qcomcst

01-03 23:31:08.486   407 27489 D NuPlayerDriver: notifyListener_l(0xf47b62e0), (1, 0, 0)

01-03 23:31:08.486 25852 25852 D MediaPlayer: setSubtitleAnchor in MediaPlayer

01-03 23:31:08.486 25852 25864 D MediaPlayer: setSubtitleAnchor in MediaPlayer

01-03 23:31:08.490 25852 25864 D Ringtone: Successfully created local player

01-03 23:31:08.490 25852 25864 D BluetoothGattServer: connect() - device: 59:0C:13:A4:9E:74, auto: false

01-03 23:31:08.514  2794  3005 W BluetoothEventManager: CachedBluetoothDevice for device 59:0C:13:A4:9E:74 not found, calling readPairedDevices().

01-03 23:31:08.515 26176 26176 W BluetoothEventManager: CachedBluetoothDevice for device 59:0C:13:A4:9E:74 not found, calling readPairedDevices().

01-03 23:31:08.517 26621 26621 D ConnectivitySystemTest:BT:CommonResource: IntentReceiver:Received Intent :android.bluetooth.device.action.BOND_STATE_CHANGED

01-03 23:31:08.517 26621 26621 D ConnectivitySystemTest:BT:CommonResource: Received Bond state change intent for the device : 59:0C:13:A4:9E:74

01-03 23:31:08.542 26621 26621 D ConnectivitySystemTest:BT:CommonResource: IntentReceiver: Current Bond state: 11

01-03 23:31:08.545 26621 26621 D ConnectivitySystemTest:BT:CommonResource: IntentReceiver:Received Intent :android.bluetooth.device.action.PAIRING_REQUEST

01-03 23:31:08.545 26621 26621 D ConnectivitySystemTest:BT:CommonResource: Pairing Request has come from ::59:0C:13:A4:9E:74

01-03 23:31:08.545 26621 26621 D ConnectivitySystemTest:BT:CommonResource: The pairing variant generated is 3

01-03 23:31:08.551 26176 26176 E BluetoothEventManager: Got bonding state changed for 59:0C:13:A4:9E:74, but we have no record of that device.

01-03 23:31:08.561  2794  3005 E BluetoothEventManager: Got bonding state changed for 59:0C:13:A4:9E:74, but we have no record of that device.

01-03 23:31:08.583 26621 26621 D ConnectivitySystemTest:BT:CommonResource: User prompted to confirm the Passkey/Pairing Request

01-03 23:31:08.604 26176 26176 V LocalBluetoothPreferences: Found no reason to show the dialog - do not show dialog.

01-03 23:31:08.668   407 27496 D NuPlayerDriver: notifyListener_l(0xf3426de0), (1, 0, 0)

01-03 23:31:08.669  2794 27495 D MediaPlayer: setSubtitleAnchor in MediaPlayer

01-03 23:31:08.674  1125  3213 I MediaFocusControl:  AudioFocus  requestAudioFocus() from android.media.AudioManager@a23677f req=3flags=0x0

01-03 23:31:08.677   407  3314 D NuPlayerDriver: start(0xf3426de0), state is 4, eos is 0

01-03 23:31:08.677   407 27496 I GenericSource: start

01-03 23:31:08.681 27261 27312 I chatty  : uid=1002(bluetooth) bluedroid wake/ expire 1054 lines

01-03 23:31:08.697   407 27501 E OMXNodeInstance: setConfig(41:google.vorbis.decoder, ConfigPriority(0x6f800002)) ERROR: Undefined(0x80001001)

01-03 23:31:08.697   407 27501 I ACodec  : codec does not support config priority (err -2147483648)

01-03 23:31:08.701   407 27501 I MediaCodec: MediaCodec will operate in async mode

01-03 23:31:08.724   407  2723 D audio_hw_primary: out_set_parameters: enter: usecase(1: low-latency-playback) kvpairs: routing=2

01-03 23:31:08.725   407 27496 D NuPlayerDriver: notifyListener_l(0xf3426de0), (6, 0, 0)

01-03 23:31:08.803   407  2723 D AudioFlinger: mixer(0xf4300000) throttle end: throttle time(1)

01-03 23:31:09.332 26621 26621 D ConnectivitySystemTest:BT:CommonResource: IntentReceiver:Received Intent :android.bluetooth.device.action.PAIRING_REQUEST

01-03 23:31:09.332 26621 26621 D ConnectivitySystemTest:BT:CommonResource: Pairing Request has come from ::59:0C:13:A4:9E:74

01-03 23:31:09.332 26621 26621 D ConnectivitySystemTest:BT:CommonResource: The pairing variant generated is 2

01-03 23:31:09.338 26621 26621 D ConnectivitySystemTest:BT:CommonResource: User prompted to confirm the Passkey/Pairing Request

01-03 23:31:09.373 26176 26176 V LocalBluetoothPreferences: Found no reason to show the dialog - do not show dialog.

01-03 23:31:09.466   407 27506 D NuPlayerDriver: notifyListener_l(0xf3427c80), (1, 0, 0)

01-03 23:31:09.466  2794 27505 D MediaPlayer: setSubtitleAnchor in MediaPlayer

01-03 23:31:09.474   407  3401 D NuPlayerDriver: start(0xf3427c80), state is 4, eos is 0

01-03 23:31:09.474   407 27506 I GenericSource: start

01-03 23:31:09.476   407  2736 D NuPlayerDriver: reset(0xf3426de0)

01-03 23:31:09.476   407  2736 D NuPlayerDriver: notifyListener_l(0xf3426de0), (8, 0, 0)

01-03 23:31:09.484   407 27496 W AMessage: failed to post message as target looper for handler 0 is gone.

01-03 23:31:09.487   407 27496 D NuPlayerDriver: notifyResetComplete(0xf3426de0)

01-03 23:31:09.499   407 27511 E OMXNodeInstance: setConfig(42:google.vorbis.decoder, ConfigPriority(0x6f800002)) ERROR: Undefined(0x80001001)

01-03 23:31:09.499   407 27511 I ACodec  : codec does not support config priority (err -2147483648)

01-03 23:31:09.502   407 27511 I MediaCodec: MediaCodec will operate in async mode

01-03 23:31:09.516   407 27506 D NuPlayerDriver: notifyListener_l(0xf3427c80), (6, 0, 0)

01-03 23:31:09.595   407  2723 D AudioFlinger: mixer(0xf4300000) throttle end: throttle time(1)

01-03 23:31:09.620   407  2622 W APM::EffectDescriptor: unregisterEffect() unknown effect ID 912

01-03 23:31:09.773  2794  2794 D PhoneStatusBar: disable: < expand ICONS* alerts SYSTEM_INFO* back home recent clock search quick_settings >

01-03 23:31:10.458  2794  3005 W BluetoothEventManager: CachedBluetoothDevice for device 59:0C:13:A4:9E:74 not found, calling readPairedDevices().

01-03 23:31:10.460 26621 26621 D ConnectivitySystemTest:BT:CommonResource: IntentReceiver:Received Intent :android.bluetooth.device.action.BOND_STATE_CHANGED

01-03 23:31:10.460 26621 26621 D ConnectivitySystemTest:BT:CommonResource: Received Bond state change intent for the device : 59:0C:13:A4:9E:74

01-03 23:31:10.460 26176 26176 W BluetoothEventManager: CachedBluetoothDevice for device 59:0C:13:A4:9E:74 not found, calling readPairedDevices().

01-03 23:31:10.478 26621 26621 D ConnectivitySystemTest:BT:CommonResource: IntentReceiver: Current Bond state: 12

01-03 23:31:10.503  2794  2794 D StatusBar: Clicked on content of 0|com.android.settings|17301632|null|1000

01-03 23:31:10.526  1125  3216 I ActivityManager: START u0 {act=android.bluetooth.device.action.PAIRING_REQUEST flg=0x10000000 cmp=com.android.settings/.bluetooth.BluetoothPairingDialog (has extras)} from uid 1000 on display 0

01-03 23:31:10.535   407  2723 D audio_hw_primary: out_set_parameters: enter: usecase(1: low-latency-playback) kvpairs: routing=2

01-03 23:31:10.577  1125  3249 W InputMethodManagerService: Window already focused, ignoring focus gain of: com.android.internal.view.IInputMethodClient$Stub$Proxy@76c5540 attribute=null, token = android.os.BinderProxy@6603f09

01-03 23:31:10.591 25898 25945 I chatty  : uid=10081(com.example.android.smartertooth) AsyncTask #4 expire 2 lines

01-03 23:31:10.643   407  3401 D NuPlayerDriver: stop(0xf3427c80)

01-03 23:31:10.643   407  3401 D NuPlayerDriver: notifyListener_l(0xf3427c80), (8, 0, 0)

01-03 23:31:10.662   407  3314 D NuPlayerDriver: reset(0xf3427c80)

01-03 23:31:10.680   407 27506 W AMessage: failed to post message as target looper for handler 0 is gone.

01-03 23:31:10.682   407 27506 D NuPlayerDriver: notifyResetComplete(0xf3427c80)

01-03 23:31:10.741  1125  3249 I MediaFocusControl:  AudioFocus  abandonAudioFocus() from android.media.AudioManager@a23677f

01-03 23:31:10.784   407  2622 W APM::EffectDescriptor: unregisterEffect() unknown effect ID 915

01-03 23:31:10.947  1125  1765 I ActivityManager: Displayed com.android.settings/.bluetooth.BluetoothPairingDialog: +325ms

01-03 23:31:10.976  2794  2794 D PhoneStatusBar: disable: < expand icons* alerts system_info* back home recent clock search quick_settings >

01-03 23:31:11.675   407  2723 D audio_hw_primary: out_set_parameters: enter: usecase(1: low-latency-playback) kvpairs: routing=2

01-03 23:31:11.758 26176 26192 D OpenGLRenderer: endAllStagingAnimators on 0x7f66aa1c00 (RippleDrawable) with handle 0x7f6698ed60

01-03 23:31:11.836 27302 27302 I chatty  : uid=1002(bluetooth) /system/bin/wcnss_filter expire 132 lines

01-03 23:31:11.966  1125  3237 W InputMethodManagerService: Window already focused, ignoring focus gain of: com.android.internal.view.IInputMethodClient$Stub$Proxy@66f07a5 attribute=null, token = android.os.BinderProxy@6603f09

01-03 23:31:12.345   613   613 I MSM-irqbalance: Decided to move IRQ240 from CPU3 to CPU0

01-03 23:31:14.530  2794  3005 W BluetoothEventManager: CachedBluetoothDevice for device 22:22:08:C2:09:37 not found, calling readPairedDevices().

01-03 23:31:14.533 25898 25898 I chatty  : uid=10081(com.example.android.smartertooth) expire 10 lines

01-03 23:31:14.535 26621 26621 D ConnectivitySystemTest:BT:CommonResource: IntentReceiver:Received Intent :android.bluetooth.device.action.BOND_STATE_CHANGED

01-03 23:31:14.536 26621 26621 D ConnectivitySystemTest:BT:CommonResource: Received Bond state change intent for the device : 22:22:08:C2:09:37

01-03 23:31:14.536 26176 26176 W BluetoothEventManager: CachedBluetoothDevice for device 22:22:08:C2:09:37 not found, calling readPairedDevices().

01-03 23:31:14.554 26621 26621 D ConnectivitySystemTest:BT:CommonResource: IntentReceiver: Current Bond state: 12

01-03 23:31:14.554 26621 26621 D ConnectivitySystemTest:BT:CommonResource: IntentReceiver:Received Intent :android.bluetooth.device.action.BOND_STATE_CHANGED

01-03 23:31:14.554 26621 26621 D ConnectivitySystemTest:BT:CommonResource: Received Bond state change intent for the device : 22:22:08:C2:09:37

01-03 23:31:14.560 26621 26621 D ConnectivitySystemTest:BT:CommonResource: IntentReceiver: Current Bond state: 12

01-03 23:31:14.896   407  2723 D audio_hw_primary: disable_audio_route: reset and update mixer path: low-latency-playback

01-03 23:31:14.900   407  2723 D audio_hw_primary: disable_snd_device: snd_device(2: speaker)

01-03 23:31:14.920   407  2723 I soundtrigger: audio_extn_sound_trigger_update_device_status: device 0x2 of type 0 for Event 0

01-03 23:31:15.409 27302 27310 I chatty  : uid=1002(bluetooth) POSIX timer 1 expire 10 lines

01-03 23:31:17.415   613   613 I MSM-irqbalance: Decided to move IRQ195 from CPU3 to CPU0

01-03 23:31:32.455   613   613 I MSM-irqbalance: Decided to move IRQ222 from CPU3 to CPU0

01-03 23:31:34.523 27302 27302 I chatty  : uid=1002(bluetooth) /system/bin/wcnss_filter expire 39 lines

01-03 23:32:02.977   613   613 I MSM-irqbalance: Decided to move IRQ65 from CPU3 to CPU0

01-03 23:32:08.917 27302 27302 I chatty  : uid=1002(bluetooth) /system/bin/wcnss_filter expire 30 lines

01-03 23:32:11.612  1125  1778 I PowerManagerService: Going to sleep due to screen timeout (uid 1000)...

01-03 23:32:12.192 25898 25946 I chatty  : uid=10081(com.example.android.smartertooth) AsyncTask #5 expire 2 lines

01-03 23:32:12.238  1125  1778 V KeyguardServiceDelegate: onScreenTurnedOff()

01-03 23:32:12.239  1125  1765 I DisplayManagerService: Display device changed state: "Built-in Screen", OFF

01-03 23:32:12.249   379   379 D SurfaceFlinger: Set power mode=0, type=0 flinger=0x7f87d83c00

01-03 23:32:12.249   379   379 D qdhwcomposer: hwc_setPowerMode: Setting mode 0 on display: 0

01-03 23:32:12.572   379   787 I qdhwcomposer: handle_blank_event: dpy:0 panel power state: 0

01-03 23:32:12.581   379   379 D qdhwcomposer: hwc_setPowerMode: Done setting mode 0 on display 0

01-03 23:32:12.582  1125  2747 D SurfaceControl: Excessive delay in setPowerMode(): 343ms

01-03 23:32:12.586  1125  1778 I DreamManagerService: Entering dreamland.

01-03 23:32:12.586  1125  1778 I PowerManagerService: Dozing...

01-03 23:32:12.591  1125  1548 I DreamController: Starting dream: name=ComponentInfo{com.android.systemui/com.android.systemui.doze.DozeService}, isTest=false, canDoze=true, userId=0

01-03 23:32:12.638   407  2736 D audio_hw_primary: adev_set_parameters: enter: screen_state=off

01-03 23:32:12.639  1125  2624 E WifiStateMachine:  Fail to set up pno, want false now false

01-03 23:32:16.738  2794  2794 D PhoneStatusBar: disable: < expand ICONS* alerts SYSTEM_INFO* back home recent clock search quick_settings >

01-03 23:32:16.827  2794  2794 D PhoneStatusBar: disable: < expand ICONS alerts SYSTEM_INFO back HOME* RECENT* clock SEARCH* quick_settings >

01-03 23:32:18.095   613   613 I MSM-irqbalance: Decided to move IRQ65 from CPU0 to CPU3

01-03 23:32:21.858  1125  2612 I PowerManagerService: Waking up from dozing (uid 1000)...

01-03 23:32:21.860  1125  1778 I DisplayPowerController: Blocking screen on until initial contents have been drawn.

01-03 23:32:21.861  1125  1778 V KeyguardServiceDelegate: onScreenTurnedOn(showListener = com.android.server.policy.PhoneWindowManager$2@ec28a46)

01-03 23:32:21.862  1125  1125 V KeyguardServiceDelegate: onStartedWakingUp()

01-03 23:32:21.865  1125  1765 I DisplayManagerService: Display device changed state: "Built-in Screen", ON

01-03 23:32:21.876   379   379 D SurfaceFlinger: Set power mode=2, type=0 flinger=0x7f87d83c00

01-03 23:32:21.877   379   379 D qdhwcomposer: hwc_setPowerMode: Setting mode 2 on display: 0

01-03 23:32:21.877  1125  2813 V KeyguardServiceDelegate: **** SHOWN CALLED ****

01-03 23:32:21.949  1125  2624 E WifiStateMachine:  Fail to set up pno, want false now false

01-03 23:32:21.949   407  2997 D audio_hw_primary: adev_set_parameters: enter: screen_state=on

01-03 23:32:21.986  1125  1778 I DisplayPowerController: Unblocked screen on after 125 ms

01-03 23:32:22.235   379   787 I qdhwcomposer: handle_blank_event: dpy:0 panel power state: 1

01-03 23:32:22.366   379   379 D qdhwcomposer: hwc_setPowerMode: Done setting mode 2 on display 0

01-03 23:32:22.369  1125  2747 D SurfaceControl: Excessive delay in setPowerMode(): 506ms

01-03 23:32:22.371  1125  1778 V KeyguardServiceDelegate: onScreenTurnedOn()

01-03 23:32:22.373  1125  1778 I DreamManagerService: Gently waking up from dream.

01-03 23:32:22.391  1125  3284 I DreamManagerService: Leaving dreamland.

01-03 23:32:22.392  1125  1548 I DreamController: Stopping dream: name=ComponentInfo{com.android.systemui/com.android.systemui.doze.DozeService}, isTest=false, canDoze=true, userId=0

01-03 23:32:22.938  2794  2794 D PhoneStatusBar: disable: < expand ICONS alerts SYSTEM_INFO back HOME RECENT clock SEARCH quick_settings >

01-03 23:32:22.994   407  2723 D audio_hw_primary: out_set_parameters: enter: usecase(1: low-latency-playback) kvpairs: routing=2

01-03 23:32:23.007   407  2722 D audio_hw_primary: select_devices: out_snd_device(2: speaker) in_snd_device(0: none)

01-03 23:32:23.008   407  2722 I soundtrigger: audio_extn_sound_trigger_update_device_status: device 0x2 of type 0 for Event 1

01-03 23:32:23.008   407  2722 D msm8974_platform: platform_send_audio_calibration: sending audio calibration for snd_device(2) acdb_id(15)

01-03 23:32:23.008   407  2722 E ACDB-LOADER: ACDB get afe topology for acdb id = 15, err = -8

01-03 23:32:23.008   407  2722 D audio_hw_primary: enable_snd_device: snd_device(2: speaker)

01-03 23:32:23.017  2794  2794 D PhoneStatusBar: disable: < expand icons* alerts system_info* back HOME RECENT clock SEARCH quick_settings >

01-03 23:32:23.024   407  2722 D audio_hw_primary: enable_audio_route: apply and update mixer path: low-latency-playback

01-03 23:32:23.076  1125  1479 W InputMethodManagerService: Window already focused, ignoring focus gain of: com.android.internal.view.IInputMethodClient$Stub$Proxy@3abeb0b attribute=android.view.inputmethod.EditorInfo@7529de8, token = android.os.BinderProxy@6603f09

01-03 23:32:23.088   613   613 I MSM-irqbalance: Decided to move IRQ196 from CPU0 to CPU3

01-03 23:32:23.120  2794  2794 D PhoneStatusBar: disable: < expand icons alerts system_info back home* recent* clock search* quick_settings >

01-03 23:32:24.241 27302 27302 I chatty  : uid=1002(bluetooth) /system/bin/wcnss_filter expire 485 lines

01-03 23:32:26.017 25898 25913 I chatty  : uid=10081(com.example.android.smartertooth) AsyncTask #1 expire 2 lines

01-03 23:32:26.041   407  2723 D audio_hw_primary: out_set_parameters: enter: usecase(1: low-latency-playback) kvpairs: routing=2

01-03 23:32:26.075 27261 27285 I chatty  : uid=1002(bluetooth) BT Service Call expire 1038 lines

01-03 23:32:26.075 27261 27312 I chatty  : uid=1002(bluetooth) bluedroid wake/ expire 10713 lines

01-03 23:32:26.077 25898 25909 I chatty  : uid=10081(com.example.android.smartertooth) Binder_1 expire 9 lines

01-03 23:32:26.086   407  2723 D AudioFlinger: mixer(0xf4300000) throttle end: throttle time(4)

01-03 23:32:26.095 27261 27288 I chatty  : uid=1002(bluetooth) BluetoothScanMa expire 40 lines

01-03 23:32:26.120 27302 27303 I chatty  : uid=1002(bluetooth) /system/bin/wcnss_filter expire 28 lines

01-03 23:32:26.148 27261 27289 I chatty  : uid=1002(bluetooth) bluedroid wake/ expire 14 lines

01-03 23:32:26.621 25898 25898 I chatty  : uid=10081(com.example.android.smartertooth) expire 218 lines

01-03 23:32:28.049   407  2723 D audio_hw_primary: out_set_parameters: enter: usecase(1: low-latency-playback) kvpairs: routing=2

01-03 23:32:28.066  1125  9092 I ActivityManager: START u0 {cmp=com.example.android.smartertooth/.DeviceActivity (has extras)} from uid 10081 on display 0

01-03 23:32:28.087   613   613 I MSM-irqbalance: Decided to move IRQ155 from CPU0 to CPU3

01-03 23:32:28.103 25898 25947 I chatty  : uid=10081(com.example.android.smartertooth) AsyncTask #6 expire 1 line

01-03 23:32:28.301  1125  1765 I ActivityManager: Displayed com.example.android.smartertooth/.DeviceActivity: +196ms

01-03 23:32:29.764 25898 25948 I chatty  : uid=10081(com.example.android.smartertooth) AsyncTask #7 expire 1 line

01-03 23:32:29.764   407  2723 D audio_hw_primary: out_set_parameters: enter: usecase(1: low-latency-playback) kvpairs: routing=2

01-03 23:32:29.809   407  2723 D AudioFlinger: mixer(0xf4300000) throttle end: throttle time(4)

01-03 23:32:32.465   407  2723 D audio_hw_primary: out_set_parameters: enter: usecase(1: low-latency-playback) kvpairs: routing=2

01-03 23:32:32.480  1125  2815 I ActivityManager: START u0 {cmp=com.example.android.smartertooth/.DeviceActivity (has extras)} from uid 10081 on display 0

01-03 23:32:32.595 25898 25923 I chatty  : uid=10081(com.example.android.smartertooth) Binder_4 expire 3 lines

01-03 23:32:32.725  1125  1765 I ActivityManager: Displayed com.example.android.smartertooth/.DeviceActivity: +216ms

01-03 23:32:35.690   407  2723 D audio_hw_primary: disable_audio_route: reset and update mixer path: low-latency-playback

01-03 23:32:35.697   407  2723 D audio_hw_primary: disable_snd_device: snd_device(2: speaker)

01-03 23:32:35.716   407  2723 I soundtrigger: audio_extn_sound_trigger_update_device_status: device 0x2 of type 0 for Event 0

01-03 23:32:38.217   613   613 I MSM-irqbalance: Decided to move IRQ115 from CPU0 to CPU3

01-03 23:32:38.729 27302 27302 I chatty  : uid=1002(bluetooth) /system/bin/wcnss_filter expire 1911 lines

01-03 23:32:40.410   407  2723 D audio_hw_primary: out_set_parameters: enter: usecase(1: low-latency-playback) kvpairs: routing=2

01-03 23:32:40.427   407  2722 D audio_hw_primary: select_devices: out_snd_device(2: speaker) in_snd_device(0: none)

01-03 23:32:40.427   407  2722 I soundtrigger: audio_extn_sound_trigger_update_device_status: device 0x2 of type 0 for Event 1

01-03 23:32:40.427   407  2722 D msm8974_platform: platform_send_audio_calibration: sending audio calibration for snd_device(2) acdb_id(15)

01-03 23:32:40.428   407  2722 E ACDB-LOADER: ACDB get afe topology for acdb id = 15, err = -8

01-03 23:32:40.428   407  2722 D audio_hw_primary: enable_snd_device: snd_device(2: speaker)

01-03 23:32:40.444   407  2722 D audio_hw_primary: enable_audio_route: apply and update mixer path: low-latency-playback

01-03 23:32:40.450 25898 25898 I chatty  : uid=10081(com.example.android.smartertooth) expire 449 lines

01-03 23:32:40.474 27261 27285 I chatty  : uid=1002(bluetooth) BT Service Call expire 3163 lines

01-03 23:32:40.475 27261 27312 I chatty  : uid=1002(bluetooth) bluedroid wake/ expire 47955 lines

01-03 23:32:40.476 25898 25916 I chatty  : uid=10081(com.example.android.smartertooth) Binder_3 expire 11 lines

01-03 23:32:40.499 27261 27288 I chatty  : uid=1002(bluetooth) BluetoothScanMa expire 13 lines

01-03 23:32:40.526 27302 27303 I chatty  : uid=1002(bluetooth) /system/bin/wcnss_filter expire 12 lines

01-03 23:32:43.739   407  2723 D audio_hw_primary: disable_audio_route: reset and update mixer path: low-latency-playback

01-03 23:32:43.741   407  2723 D audio_hw_primary: disable_snd_device: snd_device(2: speaker)

01-03 23:32:43.753   407  2723 I soundtrigger: audio_extn_sound_trigger_update_device_status: device 0x2 of type 0 for Event 0

01-03 23:32:48.208   613   613 I MSM-irqbalance: Decided to move IRQ196 from CPU3 to CPU0

01-03 23:32:53.218   613   613 I MSM-irqbalance: Decided to move IRQ224 from CPU3 to CPU0

01-03 23:32:53.238 25898 25898 I chatty  : uid=10081(com.example.android.smartertooth) expire 550 lines

01-03 23:32:58.217   613   613 I MSM-irqbalance: Decided to move IRQ216 from CPU3 to CPU0

01-03 23:32:58.818 27302 27302 I chatty  : uid=1002(bluetooth) /system/bin/wcnss_filter expire 1217 lines

01-03 23:33:00.506 27261 27312 I chatty  : uid=1002(bluetooth) bluedroid wake/ expire 21159 lines

01-03 23:33:00.508 27261 27285 I chatty  : uid=1002(bluetooth) BT Service Call expire 1504 lines

01-03 23:33:03.227   613   613 I MSM-irqbalance: Decided to move IRQ115 from CPU3 to CPU0

01-03 23:33:08.217   613   613 I MSM-irqbalance: Decided to move IRQ155 from CPU4 [P:0] to CPU1 [P:1] (banned)

01-03 23:33:08.219 25898 25898 I chatty  : uid=10081(com.example.android.smartertooth) expire 36 lines

01-03 23:33:09.110 26621 26633 D BluetoothGattServer: onServerConnectionState() - status=0 serverIf=5 device=59:0C:13:A4:9E:74

