01-03 23:47:06.103 27261 27312 I bt_btm  : btm_ble_match_random_bda rec_index = 17

01-03 23:47:06.103 27261 27312 D bt_btm  : sec_flags = 00 device_type = 0

01-03 23:47:06.103 27261 27312 I bt_btm  : btm_ble_match_random_bda rec_index = 18

01-03 23:47:06.103 27261 27312 D bt_btm  : sec_flags = 00 device_type = 0

01-03 23:47:06.103 27261 27312 I bt_btm  : btm_ble_match_random_bda rec_index = 19

01-03 23:47:06.103 27261 27312 D bt_btm  : sec_flags = 00 device_type = 0

01-03 23:47:06.103 27261 27312 I bt_btm  : btm_ble_match_random_bda rec_index = 20

01-03 23:47:06.103 27261 27312 D bt_btm  : sec_flags = 00 device_type = 0

01-03 23:47:06.103 27261 27312 I bt_btm  : btm_ble_match_random_bda rec_index = 21

01-03 23:47:06.103 27261 27312 D bt_btm  : sec_flags = 00 device_type = 0

01-03 23:47:06.103 27261 27312 I bt_btm  : btm_ble_match_random_bda rec_index = 22

01-03 23:47:06.103 27261 27312 D bt_btm  : sec_flags = 00 device_type = 0

01-03 23:47:06.103 27261 27312 I bt_btm  : btm_ble_match_random_bda rec_index = 23

01-03 23:47:06.103 27261 27312 D bt_btm  : sec_flags = 00 device_type = 0

01-03 23:47:06.103 27261 27312 I bt_btm  : btm_ble_match_random_bda rec_index = 24

01-03 23:47:06.103 27261 27312 D bt_btm  : sec_flags = 00 device_type = 0

01-03 23:47:06.103 27261 27312 I bt_btm  : btm_ble_match_random_bda rec_index = 25

01-03 23:47:06.103 27261 27312 D bt_btm  : sec_flags = 00 device_type = 0

01-03 23:47:06.103 27261 27312 I bt_btm  : btm_ble_match_random_bda rec_index = 26

01-03 23:47:06.103 27261 27312 D bt_btm  : sec_flags = 00 device_type = 0

01-03 23:47:06.103 27261 27312 I bt_btm  : btm_ble_match_random_bda rec_index = 27

01-03 23:47:06.103 27261 27312 D bt_btm  : sec_flags = 00 device_type = 0

01-03 23:47:06.103 27261 27312 I bt_btm  : btm_ble_match_random_bda rec_index = 28

01-03 23:47:06.103 27261 27312 D bt_btm  : sec_flags = 00 device_type = 0

01-03 23:47:06.103 27261 27312 I bt_btm  : btm_ble_match_random_bda rec_index = 29

01-03 23:47:06.103 27261 27312 D bt_btm  : sec_flags = 00 device_type = 0

01-03 23:47:06.103 27261 27312 I bt_btm  : btm_ble_match_random_bda rec_index = 30

01-03 23:47:06.103 27261 27312 D bt_btm  : sec_flags = 00 device_type = 0

01-03 23:47:06.106 27261 27312 I bt_btm  : btm_ble_match_random_bda rec_index = 31

01-03 23:47:06.106 27261 27312 D bt_btm  : sec_flags = 00 device_type = 0

01-03 23:47:06.106 27261 27312 I bt_btm  : btm_ble_match_random_bda rec_index = 32

01-03 23:47:06.106 27261 27312 D bt_btm  : sec_flags = 00 device_type = 0

01-03 23:47:06.106 27261 27312 I bt_btm  : btm_ble_match_random_bda rec_index = 33

01-03 23:47:06.106 27261 27312 D bt_btm  : sec_flags = 00 device_type = 0

01-03 23:47:06.106 27261 27312 I bt_btm  : btm_ble_match_random_bda rec_index = 34

01-03 23:47:06.106 27261 27312 D bt_btm  : sec_flags = 00 device_type = 0

01-03 23:47:06.106 27261 27312 I bt_btm  : btm_ble_match_random_bda rec_index = 35

01-03 23:47:06.106 27261 27312 D bt_btm  : sec_flags = 00 device_type = 0

01-03 23:47:06.106 27261 27312 I bt_btm  : btm_ble_match_random_bda rec_index = 36

01-03 23:47:06.106 27261 27312 D bt_btm  : sec_flags = 00 device_type = 0

01-03 23:47:06.106 27261 27312 I bt_btm  : btm_ble_match_random_bda rec_index = 37

01-03 23:47:06.106 27261 27312 D bt_btm  : sec_flags = 00 device_type = 0

01-03 23:47:06.106 27261 27312 I bt_btm  : btm_ble_match_random_bda rec_index = 38

01-03 23:47:06.106 27261 27312 D bt_btm  : sec_flags = 00 device_type = 0

01-03 23:47:06.106 27261 27312 I bt_btm  : btm_ble_match_random_bda rec_index = 39

01-03 23:47:06.106 27261 27312 D bt_btm  : sec_flags = 00 device_type = 0

01-03 23:47:06.106 27261 27312 I bt_btm  : btm_ble_match_random_bda rec_index = 40

01-03 23:47:06.106 27261 27312 D bt_btm  : sec_flags = 00 device_type = 0

01-03 23:47:06.106 27261 27312 I bt_btm  : btm_ble_match_random_bda rec_index = 41

01-03 23:47:06.106 27261 27312 D bt_btm  : sec_flags = 00 device_type = 0

01-03 23:47:06.106 27261 27312 I bt_btm  : btm_ble_match_random_bda rec_index = 42

01-03 23:47:06.106 27261 27312 D bt_btm  : sec_flags = 00 device_type = 0

01-03 23:47:06.106 27261 27312 I bt_btm  : btm_ble_match_random_bda rec_index = 43

01-03 23:47:06.106 27261 27312 D bt_btm  : sec_flags = 00 device_type = 0

01-03 23:47:06.106 27261 27312 I bt_btm  : btm_ble_match_random_bda rec_index = 44

01-03 23:47:06.106 27261 27312 D bt_btm  : sec_flags = 00 device_type = 0

01-03 23:47:06.106 27261 27312 I bt_btm  : btm_ble_match_random_bda rec_index = 45

01-03 23:47:06.107 27261 27312 D bt_btm  : sec_flags = 00 device_type = 0

01-03 23:47:06.107 27261 27312 I bt_btm  : btm_ble_match_random_bda rec_index = 46

01-03 23:47:06.107 27261 27312 D bt_btm  : sec_flags = 00 device_type = 0

01-03 23:47:06.107 27261 27312 I bt_btm  : btm_ble_match_random_bda rec_index = 47

01-03 23:47:06.107 27261 27312 D bt_btm  : sec_flags = 00 device_type = 0

01-03 23:47:06.107 27261 27312 I bt_btm  : btm_ble_match_random_bda rec_index = 48

01-03 23:47:06.107 27261 27312 D bt_btm  : sec_flags = 00 device_type = 0

01-03 23:47:06.107 27261 27312 I bt_btm  : btm_ble_match_random_bda rec_index = 49

01-03 23:47:06.107 27261 27312 D bt_btm  : sec_flags = 00 device_type = 0

01-03 23:47:06.107 27261 27312 I bt_btm  : btm_ble_match_random_bda rec_index = 50

01-03 23:47:06.107 27261 27312 D bt_btm  : sec_flags = 00 device_type = 0

01-03 23:47:06.107 27261 27312 I bt_btm  : btm_ble_match_random_bda rec_index = 51

01-03 23:47:06.107 27261 27312 D bt_btm  : sec_flags = 00 device_type = 0

01-03 23:47:06.107 27261 27312 I bt_btm  : btm_ble_match_random_bda rec_index = 52

01-03 23:47:06.107 27261 27312 D bt_btm  : sec_flags = 00 device_type = 0

01-03 23:47:06.107 27261 27312 I bt_btm  : btm_ble_match_random_bda rec_index = 53

01-03 23:47:06.107 27261 27312 D bt_btm  : sec_flags = 00 device_type = 0

01-03 23:47:06.107 27261 27312 I bt_btm  : btm_ble_match_random_bda rec_index = 54

01-03 23:47:06.107 27261 27312 D bt_btm  : sec_flags = 00 device_type = 0

01-03 23:47:06.107 27261 27312 I bt_btm  : btm_ble_match_random_bda rec_index = 55

01-03 23:47:06.107 27261 27312 D bt_btm  : sec_flags = 00 device_type = 0

01-03 23:47:06.107 27261 27312 I bt_btm  : btm_ble_match_random_bda rec_index = 56

01-03 23:47:06.107 27261 27312 D bt_btm  : sec_flags = 00 device_type = 0

01-03 23:47:06.107 27261 27312 I bt_btm  : btm_ble_match_random_bda rec_index = 57

01-03 23:47:06.107 27261 27312 D bt_btm  : sec_flags = 00 device_type = 0

01-03 23:47:06.107 27261 27312 I bt_btm  : btm_ble_match_random_bda rec_index = 58

01-03 23:47:06.107 27261 27312 D bt_btm  : sec_flags = 00 device_type = 0

01-03 23:47:06.107 27261 27312 I bt_btm  : btm_ble_match_random_bda rec_index = 59

01-03 23:47:06.107 27261 27312 D bt_btm  : sec_flags = 00 device_type = 0

01-03 23:47:06.107 27261 27312 I bt_btm  : btm_ble_match_random_bda rec_index = 60

01-03 23:47:06.107 27261 27312 D bt_btm  : sec_flags = 00 device_type = 0

01-03 23:47:06.107 27261 27312 I bt_btm  : btm_ble_match_random_bda rec_index = 61

01-03 23:47:06.107 27261 27312 D bt_btm  : sec_flags = 00 device_type = 0

01-03 23:47:06.107 27261 27312 I bt_btm  : btm_ble_match_random_bda rec_index = 62

01-03 23:47:06.107 27261 27312 D bt_btm  : sec_flags = 00 device_type = 0

01-03 23:47:06.107 27261 27312 I bt_btm  : btm_ble_match_random_bda rec_index = 63

01-03 23:47:06.107 27261 27312 D bt_btm  : sec_flags = 00 device_type = 0

01-03 23:47:06.107 27261 27312 I bt_btm  : btm_ble_match_random_bda rec_index = 64

01-03 23:47:06.107 27261 27312 D bt_btm  : sec_flags = 00 device_type = 0

01-03 23:47:06.107 27261 27312 I bt_btm  : btm_ble_match_random_bda rec_index = 65

01-03 23:47:06.107 27261 27312 D bt_btm  : sec_flags = 00 device_type = 0

01-03 23:47:06.107 27261 27312 I bt_btm  : btm_ble_match_random_bda rec_index = 66

01-03 23:47:06.107 27261 27312 D bt_btm  : sec_flags = 00 device_type = 0

01-03 23:47:06.107 27261 27312 I bt_btm  : btm_ble_match_random_bda rec_index = 67

01-03 23:47:06.107 27261 27312 D bt_btm  : sec_flags = 00 device_type = 0

01-03 23:47:06.107 27261 27312 I bt_btm  : btm_ble_match_random_bda rec_index = 68

01-03 23:47:06.107 27261 27312 D bt_btm  : sec_flags = 00 device_type = 0

01-03 23:47:06.107 27261 27312 I bt_btm  : btm_ble_match_random_bda rec_index = 69

01-03 23:47:06.107 27261 27312 D bt_btm  : sec_flags = 00 device_type = 0

01-03 23:47:06.107 27261 27312 I bt_btm  : btm_ble_match_random_bda rec_index = 70

01-03 23:47:06.107 27261 27312 D bt_btm  : sec_flags = 00 device_type = 0

01-03 23:47:06.107 27261 27312 I bt_btm  : btm_ble_match_random_bda rec_index = 71

01-03 23:47:06.107 27261 27312 D bt_btm  : sec_flags = 00 device_type = 0

01-03 23:47:06.107 27261 27312 I bt_btm  : btm_ble_match_random_bda rec_index = 72

01-03 23:47:06.107 27261 27312 D bt_btm  : sec_flags = 00 device_type = 0

01-03 23:47:06.107 27261 27312 I bt_btm  : btm_ble_match_random_bda rec_index = 73

01-03 23:47:06.107 27261 27312 D bt_btm  : sec_flags = 00 device_type = 0

01-03 23:47:06.107 27261 27312 I bt_btm  : btm_ble_match_random_bda rec_index = 74

01-03 23:47:06.107 27261 27312 D bt_btm  : sec_flags = 00 device_type = 0

01-03 23:47:06.107 27261 27312 I bt_btm  : btm_ble_match_random_bda rec_index = 75

01-03 23:47:06.107 27261 27312 D bt_btm  : sec_flags = 00 device_type = 0

01-03 23:47:06.108 27261 27312 I bt_btm  : btm_ble_match_random_bda rec_index = 76

01-03 23:47:06.108 27261 27312 D bt_btm  : sec_flags = 00 device_type = 0

01-03 23:47:06.108 27261 27312 I bt_btm  : btm_ble_match_random_bda rec_index = 77

01-03 23:47:06.108 27261 27312 D bt_btm  : sec_flags = 00 device_type = 0

01-03 23:47:06.108 27261 27312 I bt_btm  : btm_ble_match_random_bda rec_index = 78

01-03 23:47:06.108 27261 27312 D bt_btm  : sec_flags = 00 device_type = 0

01-03 23:47:06.108 27261 27312 I bt_btm  : btm_ble_match_random_bda rec_index = 79

01-03 23:47:06.108 27261 27312 D bt_btm  : sec_flags = 00 device_type = 0

01-03 23:47:06.108 27261 27312 I bt_btm  : btm_ble_match_random_bda rec_index = 80

01-03 23:47:06.108 27261 27312 D bt_btm  : sec_flags = 00 device_type = 0

01-03 23:47:06.108 27261 27312 I bt_btm  : btm_ble_match_random_bda rec_index = 81

01-03 23:47:06.108 27261 27312 D bt_btm  : sec_flags = 00 device_type = 0

01-03 23:47:06.108 27261 27312 I bt_btm  : btm_ble_match_random_bda rec_index = 82

01-03 23:47:06.108 27261 27312 D bt_btm  : sec_flags = 00 device_type = 0

01-03 23:47:06.108 27261 27312 I bt_btm  : btm_ble_match_random_bda rec_index = 83

01-03 23:47:06.108 27261 27312 D bt_btm  : sec_flags = 00 device_type = 0

01-03 23:47:06.108 27261 27312 I bt_btm  : btm_ble_match_random_bda rec_index = 84

01-03 23:47:06.108 27261 27312 D bt_btm  : sec_flags = 00 device_type = 0

01-03 23:47:06.108 27261 27312 I bt_btm  : btm_ble_match_random_bda rec_index = 85

01-03 23:47:06.108 27261 27312 D bt_btm  : sec_flags = 00 device_type = 0

01-03 23:47:06.108 27261 27312 I bt_btm  : btm_ble_match_random_bda rec_index = 86

01-03 23:47:06.108 27261 27312 D bt_btm  : sec_flags = 00 device_type = 0

01-03 23:47:06.108 27261 27312 I bt_btm  : btm_ble_match_random_bda rec_index = 87

01-03 23:47:06.108 27261 27312 D bt_btm  : sec_flags = 00 device_type = 0

01-03 23:47:06.108 27261 27312 I bt_btm  : btm_ble_match_random_bda rec_index = 88

01-03 23:47:06.108 27261 27312 D bt_btm  : sec_flags = 00 device_type = 0

01-03 23:47:06.108 27261 27312 I bt_btm  : btm_ble_match_random_bda rec_index = 89

01-03 23:47:06.108 27261 27312 D bt_btm  : sec_flags = 00 device_type = 0

01-03 23:47:06.108 27261 27312 I bt_btm  : btm_ble_match_random_bda rec_index = 90

01-03 23:47:06.108 27261 27312 D bt_btm  : sec_flags = 00 device_type = 0

01-03 23:47:06.108 27261 27312 I bt_btm  : btm_ble_match_random_bda rec_index = 91

01-03 23:47:06.108 27261 27312 D bt_btm  : sec_flags = 00 device_type = 0

01-03 23:47:06.108 27261 27312 I bt_btm  : btm_ble_match_random_bda rec_index = 92

01-03 23:47:06.108 27261 27312 D bt_btm  : sec_flags = 00 device_type = 0

01-03 23:47:06.108 27261 27312 I bt_btm  : btm_ble_match_random_bda rec_index = 93

01-03 23:47:06.108 27261 27312 D bt_btm  : sec_flags = 00 device_type = 0

01-03 23:47:06.108 27261 27312 I bt_btm  : btm_ble_match_random_bda rec_index = 94

01-03 23:47:06.108 27261 27312 D bt_btm  : sec_flags = 00 device_type = 0

01-03 23:47:06.108 27261 27312 I bt_btm  : btm_ble_match_random_bda rec_index = 95

01-03 23:47:06.108 27261 27312 D bt_btm  : sec_flags = 00 device_type = 0

01-03 23:47:06.108 27261 27312 I bt_btm  : btm_ble_match_random_bda rec_index = 96

01-03 23:47:06.108 27261 27312 D bt_btm  : sec_flags = 00 device_type = 0

01-03 23:47:06.108 27261 27312 I bt_btm  : btm_ble_match_random_bda rec_index = 97

01-03 23:47:06.108 27261 27312 D bt_btm  : sec_flags = 00 device_type = 0

01-03 23:47:06.108 27261 27312 I bt_btm  : btm_ble_match_random_bda rec_index = 98

01-03 23:47:06.108 27261 27312 D bt_btm  : sec_flags = 00 device_type = 0

01-03 23:47:06.108 27261 27312 I bt_btm  : btm_ble_match_random_bda rec_index = 99

01-03 23:47:06.108 27261 27312 D bt_btm  : sec_flags = 00 device_type = 0

01-03 23:47:06.108 27261 27312 I bt_btm  : btm_ble_match_random_bda rec_index = 100

01-03 23:47:06.108 27261 27312 I bt_btm  : btm_ble_resolve_address_cmpl p_mgnt_cb->index = 100

01-03 23:47:06.108 27261 27312 I bt_btm  : btm_ble_resolve_random_addr_on_adv 

01-03 23:47:06.108 27261 27312 D bt_btm  : btm_ble_update_inq_result scan_rsp=false, to_report=false,                              scan_type_active=1

01-03 23:47:06.108 27261 27312 I bt_btm  : BTM_CheckAdvData type=0x01

01-03 23:47:06.108 27261 27312 I bt_btm  : BTM_CheckAdvData type=0x19

01-03 23:47:06.108 27261 27312 I bt_btm  : BTM_CheckAdvData type=0x03

01-03 23:47:06.108 27261 27312 D bt_btm  : Random address, treating device as LE only

01-03 23:47:06.109 27261 27312 I bt_hci  : BLE HCI(id=62) event = 0x02)

01-03 23:47:06.109 27261 27312 I bt_hci  : btu_ble_process_adv_pkt

01-03 23:47:06.109 27261 27312 I bt_btm  : btm_identity_addr_to_random_pseudo

01-03 23:47:06.109 27261 27312 D bt_btm  : btm_ble_process_adv_pkt:bda= 75:ec:e2:8e:71:87

01-03 23:47:06.109 27261 27312 I bt_btm  : btm_ble_resolve_random_addr

01-03 23:47:06.109 27261 27312 I bt_btm  : btm_ble_match_random_bda rec_index = 0

01-03 23:47:06.109 27261 27312 D bt_btm  : sec_flags = 80 device_type = 2

01-03 23:47:06.109 27261 27312 I bt_btm  : btm_ble_match_random_bda rec_index = 1

01-03 23:47:06.109 27261 27312 D bt_btm  : sec_flags = 7098 device_type = 3

01-03 23:47:06.109 27261 27312 D bt_smp  : smp_encrypt_data

01-03 23:47:06.109 27261 27312 I bt_btm  : btm_ble_proc_resolve_x

01-03 23:47:06.109 27261 27312 I bt_btm  : btm_ble_match_random_bda rec_index = 2

01-03 23:47:06.109 27261 27312 D bt_btm  : sec_flags = 00 device_type = 0

01-03 23:47:06.109 27261 27312 I bt_btm  : btm_ble_match_random_bda rec_index = 3

01-03 23:47:06.109 27261 27312 D bt_btm  : sec_flags = 00 device_type = 0

01-03 23:47:06.109 27261 27312 I bt_btm  : btm_ble_match_random_bda rec_index = 4

01-03 23:47:06.109 27261 27312 D bt_btm  : sec_flags = 00 device_type = 0

01-03 23:47:06.109 27261 27312 I bt_btm  : btm_ble_match_random_bda rec_index = 5

01-03 23:47:06.109 27261 27312 D bt_btm  : sec_flags = 00 device_type = 0

01-03 23:47:06.109 27261 27312 I bt_btm  : btm_ble_match_random_bda rec_index = 6

01-03 23:47:06.109 27261 27312 D bt_btm  : sec_flags = 00 device_type = 0

01-03 23:47:06.109 27261 27312 I bt_btm  : btm_ble_match_random_bda rec_index = 7

01-03 23:47:06.109 27261 27312 D bt_btm  : sec_flags = 00 device_type = 0

01-03 23:47:06.109 27261 27312 I bt_btm  : btm_ble_match_random_bda rec_index = 8

01-03 23:47:06.109 27261 27312 D bt_btm  : sec_flags = 00 device_type = 0

01-03 23:47:06.109 27261 27312 I bt_btm  : btm_ble_match_random_bda rec_index = 9

01-03 23:47:06.109 27261 27312 D bt_btm  : sec_flags = 00 device_type = 0

01-03 23:47:06.109 27261 27312 I bt_btm  : btm_ble_match_random_bda rec_index = 10

01-03 23:47:06.109 27261 27312 D bt_btm  : sec_flags = 00 device_type = 0

01-03 23:47:06.109 27261 27312 I bt_btm  : btm_ble_match_random_bda rec_index = 11

01-03 23:47:06.109 27261 27312 D bt_btm  : sec_flags = 00 device_type = 0

01-03 23:47:06.109 27261 27312 I bt_btm  : btm_ble_match_random_bda rec_index = 12

01-03 23:47:06.109 27261 27312 D bt_btm  : sec_flags = 00 device_type = 0

01-03 23:47:06.109 27261 27312 I bt_btm  : btm_ble_match_random_bda rec_index = 13

01-03 23:47:06.109 27261 27312 D bt_btm  : sec_flags = 00 device_type = 0

01-03 23:47:06.109 27261 27312 I bt_btm  : btm_ble_match_random_bda rec_index = 14

01-03 23:47:06.109 27261 27312 D bt_btm  : sec_flags = 00 device_type = 0

01-03 23:47:06.109 27261 27312 I bt_btm  : btm_ble_match_random_bda rec_index = 15

01-03 23:47:06.109 27261 27312 D bt_btm  : sec_flags = 00 device_type = 0

01-03 23:47:06.109 27261 27312 I bt_btm  : btm_ble_match_random_bda rec_index = 16

01-03 23:47:06.109 27261 27312 D bt_btm  : sec_flags = 00 device_type = 0

01-03 23:47:06.109 27261 27312 I bt_btm  : btm_ble_match_random_bda rec_index = 17

01-03 23:47:06.109 27261 27312 D bt_btm  : sec_flags = 00 device_type = 0

01-03 23:47:06.109 27261 27312 I bt_btm  : btm_ble_match_random_bda rec_index = 18

01-03 23:47:06.109 27261 27312 D bt_btm  : sec_flags = 00 device_type = 0

01-03 23:47:06.109 27261 27312 I bt_btm  : btm_ble_match_random_bda rec_index = 19

01-03 23:47:06.109 27261 27312 D bt_btm  : sec_flags = 00 device_type = 0

01-03 23:47:06.109 27261 27312 I bt_btm  : btm_ble_match_random_bda rec_index = 20

01-03 23:47:06.109 27261 27312 D bt_btm  : sec_flags = 00 device_type = 0

01-03 23:47:06.109 27261 27312 I bt_btm  : btm_ble_match_random_bda rec_index = 21

01-03 23:47:06.109 27261 27312 D bt_btm  : sec_flags = 00 device_type = 0

01-03 23:47:06.109 27261 27312 I bt_btm  : btm_ble_match_random_bda rec_index = 22

01-03 23:47:06.109 27261 27312 D bt_btm  : sec_flags = 00 device_type = 0

01-03 23:47:06.109 27261 27312 I bt_btm  : btm_ble_match_random_bda rec_index = 23

01-03 23:47:06.109 27261 27312 D bt_btm  : sec_flags = 00 device_type = 0

01-03 23:47:06.109 27261 27312 I bt_btm  : btm_ble_match_random_bda rec_index = 24

01-03 23:47:06.109 27261 27312 D bt_btm  : sec_flags = 00 device_type = 0

01-03 23:47:06.109 27261 27312 I bt_btm  : btm_ble_match_random_bda rec_index = 25

01-03 23:47:06.109 27261 27312 D bt_btm  : sec_flags = 00 device_type = 0

01-03 23:47:06.109 27261 27312 I bt_btm  : btm_ble_match_random_bda rec_index = 26

01-03 23:47:06.109 27261 27312 D bt_btm  : sec_flags = 00 device_type = 0

01-03 23:47:06.110 27261 27312 I bt_btm  : btm_ble_match_random_bda rec_index = 27

01-03 23:47:06.110 27261 27312 D bt_btm  : sec_flags = 00 device_type = 0

01-03 23:47:06.110 27261 27312 I bt_btm  : btm_ble_match_random_bda rec_index = 28

01-03 23:47:06.110 27261 27312 D bt_btm  : sec_flags = 00 device_type = 0

01-03 23:47:06.110 27261 27312 I bt_btm  : btm_ble_match_random_bda rec_index = 29

01-03 23:47:06.110 27261 27312 D bt_btm  : sec_flags = 00 device_type = 0

01-03 23:47:06.110 27261 27312 I bt_btm  : btm_ble_match_random_bda rec_index = 30

01-03 23:47:06.110 27261 27312 D bt_btm  : sec_flags = 00 device_type = 0

01-03 23:47:06.110 27261 27312 I bt_btm  : btm_ble_match_random_bda rec_index = 31

01-03 23:47:06.110 27261 27312 D bt_btm  : sec_flags = 00 device_type = 0

01-03 23:47:06.110 27261 27312 I bt_btm  : btm_ble_match_random_bda rec_index = 32

01-03 23:47:06.110 27261 27312 D bt_btm  : sec_flags = 00 device_type = 0

01-03 23:47:06.110 27261 27312 I bt_btm  : btm_ble_match_random_bda rec_index = 33

01-03 23:47:06.110 27261 27312 D bt_btm  : sec_flags = 00 device_type = 0

01-03 23:47:06.110 27261 27312 I bt_btm  : btm_ble_match_random_bda rec_index = 34

01-03 23:47:06.112 25898 25898 D ScannedFragment: Device found with addr:75:EC:E2:8E:71:87

01-03 23:47:06.117 27302 27302 I WCNSS_FILTER: Direction(1): bytes: 42 : bytes_written: 42

01-03 23:47:06.117 27302 27302 I WCNSS_FILTER: Direction(1): bytes: 15 : bytes_written: 15

01-03 23:47:06.118 27261 27312 I bt_hci  : BLE HCI(id=62) event = 0x02)

01-03 23:47:06.118 27261 27312 I bt_hci  : btu_ble_process_adv_pkt

01-03 23:47:06.118 27261 27312 I bt_btm  : btm_identity_addr_to_random_pseudo

01-03 23:47:06.118 27261 27312 D bt_btm  : btm_ble_process_adv_pkt:bda= b:b:0:1:39:90

01-03 23:47:06.118 27261 27312 D bt_btm  : btm_ble_update_inq_result scan_rsp=false, to_report=false,                              scan_type_active=1

01-03 23:47:06.118 27261 27312 I bt_btm  : BTM_CheckAdvData type=0x01

01-03 23:47:06.118 27261 27312 I bt_btm  : BTM_CheckAdvData type=0x19

01-03 23:47:06.118 27261 27312 I bt_btm  : BTM_CheckAdvData type=0x03

01-03 23:47:06.118 27261 27312 D bt_btm  : BR/EDR NOT SUPPORT bit set, LE only device

01-03 23:47:06.118 27261 27312 I bt_hci  : BLE HCI(id=62) event = 0x02)

01-03 23:47:06.118 27261 27312 I bt_hci  : btu_ble_process_adv_pkt

01-03 23:47:06.118 27261 27312 I bt_btm  : btm_identity_addr_to_random_pseudo

01-03 23:47:06.118 27261 27312 D bt_btm  : btm_ble_process_adv_pkt:bda= b:b:0:1:39:90

01-03 23:47:06.118 27261 27312 I bt_btm  : BTM_CheckAdvData type=0x01

01-03 23:47:06.118 27261 27312 I bt_btm  : BTM_CheckAdvData type=0x19

01-03 23:47:06.118 27261 27312 I bt_btm  : BTM_CheckAdvData type=0x03

01-03 23:47:06.118 27261 27312 D bt_btm  : BR/EDR NOT SUPPORT bit set, LE only device

01-03 23:47:06.118 27261 27312 I bt_btm  : BTM_CheckAdvData type=0x01

01-03 23:47:06.118 27261 27312 D bt_btif : bta_dm_observe_results_cb

01-03 23:47:06.118 27261 27312 I bt_btm  : BTM_InqDbRead: bd addr [0b0b00013990]

01-03 23:47:06.118 27261 27312 I bt_btm  : BTM_CheckEirData type=0x09

01-03 23:47:06.119 27261 27312 D bt_btif : btif_transfer_context event 4096, len 740

01-03 23:47:06.119 27261 27285 D bt_btif : btif task fetched event a001

01-03 23:47:06.119 27261 27285 D bt_btif : btif_context_switched

01-03 23:47:06.119 27261 27285 I bt_btm  : BTM_CheckEirData type=0x09

01-03 23:47:06.119 27261 27285 D bt_btif : in, bd addr:0b:0b:00:01:39:90, prop type:5, len:4

01-03 23:47:06.119 27261 27285 I bt_btif : HAL bt_gatt_callbacks->client->scan_result_cb

01-03 23:47:06.121 25898 25898 D ScannedFragment: Device found with addr:0B:0B:00:01:39:90

01-03 23:47:06.132 27302 27302 I WCNSS_FILTER: Direction(1): bytes: 32 : bytes_written: 32

01-03 23:47:06.133 27302 27302 I WCNSS_FILTER: Direction(1): bytes: 40 : bytes_written: 40

01-03 23:47:06.133 27261 27312 I bt_hci  : BLE HCI(id=62) event = 0x02)

01-03 23:47:06.133 27261 27312 I bt_hci  : btu_ble_process_adv_pkt

01-03 23:47:06.133 27261 27312 I bt_btm  : btm_identity_addr_to_random_pseudo

01-03 23:47:06.133 27261 27312 D bt_btm  : btm_ble_process_adv_pkt:bda= b:b:0:1:61:74

01-03 23:47:06.133 27261 27312 D bt_btm  : btm_ble_update_inq_result scan_rsp=false, to_report=false,                              scan_type_active=1

01-03 23:47:06.133 27261 27312 I bt_btm  : BTM_CheckAdvData type=0x01

01-03 23:47:06.133 27261 27312 I bt_btm  : BTM_CheckAdvData type=0x19

01-03 23:47:06.133 27261 27312 I bt_btm  : BTM_CheckAdvData type=0x03

01-03 23:47:06.133 27261 27312 D bt_btm  : BR/EDR NOT SUPPORT bit set, LE only device

01-03 23:47:06.134 27261 27312 I bt_hci  : BLE HCI(id=62) event = 0x02)

01-03 23:47:06.134 27261 27312 I bt_hci  : btu_ble_process_adv_pkt

01-03 23:47:06.134 27261 27312 I bt_btm  : btm_identity_addr_to_random_pseudo

01-03 23:47:06.134 27261 27312 D bt_btm  : btm_ble_process_adv_pkt:bda= b:b:0:1:61:74

01-03 23:47:06.134 27261 27312 I bt_btm  : BTM_CheckAdvData type=0x01

01-03 23:47:06.134 27261 27312 I bt_btm  : BTM_CheckAdvData type=0x19

01-03 23:47:06.134 27261 27312 I bt_btm  : BTM_CheckAdvData type=0x03

01-03 23:47:06.134 27261 27312 D bt_btm  : BR/EDR NOT SUPPORT bit set, LE only device

01-03 23:47:06.134 27261 27312 I bt_btm  : BTM_CheckAdvData type=0x01

01-03 23:47:06.134 27261 27312 D bt_btif : bta_dm_observe_results_cb

01-03 23:47:06.134 27261 27312 I bt_btm  : BTM_InqDbRead: bd addr [0b0b00016174]

01-03 23:47:06.134 27261 27312 I bt_btm  : BTM_CheckEirData type=0x09

01-03 23:47:06.134 27261 27312 D bt_btif : btif_transfer_context event 4096, len 740

01-03 23:47:06.134 27261 27285 D bt_btif : btif task fetched event a001

01-03 23:47:06.134 27261 27285 D bt_btif : btif_context_switched

01-03 23:47:06.134 27261 27285 I bt_btm  : BTM_CheckEirData type=0x09

01-03 23:47:06.134 27261 27285 D bt_btif : in, bd addr:0b:0b:00:01:61:74, prop type:5, len:4

01-03 23:47:06.134 27261 27285 I bt_btif : HAL bt_gatt_callbacks->client->scan_result_cb

01-03 23:47:06.141 25898 25898 D ScannedFragment: Device found with addr:0B:0B:00:01:61:74

01-03 23:47:06.147 27302 27302 I WCNSS_FILTER: Direction(1): bytes: 42 : bytes_written: 42

01-03 23:47:06.147 27302 27302 I WCNSS_FILTER: Direction(1): bytes: 15 : bytes_written: 15

01-03 23:47:06.148 27261 27312 I bt_hci  : BLE HCI(id=62) event = 0x02)

01-03 23:47:06.148 27261 27312 I bt_hci  : btu_ble_process_adv_pkt

01-03 23:47:06.148 27261 27312 I bt_btm  : btm_identity_addr_to_random_pseudo

01-03 23:47:06.148 27261 27312 D bt_btm  : btm_ble_process_adv_pkt:bda= b:b:0:1:39:90

01-03 23:47:06.148 27261 27312 D bt_btm  : btm_ble_update_inq_result scan_rsp=false, to_report=false,                              scan_type_active=1

01-03 23:47:06.148 27261 27312 I bt_btm  : BTM_CheckAdvData type=0x01

01-03 23:47:06.148 27261 27312 I bt_btm  : BTM_CheckAdvData type=0x19

01-03 23:47:06.148 27261 27312 I bt_btm  : BTM_CheckAdvData type=0x03

01-03 23:47:06.148 27261 27312 D bt_btm  : BR/EDR NOT SUPPORT bit set, LE only device

01-03 23:47:06.149 27261 27312 I bt_hci  : BLE HCI(id=62) event = 0x02)

01-03 23:47:06.149 27261 27312 I bt_hci  : btu_ble_process_adv_pkt

01-03 23:47:06.149 27261 27312 I bt_btm  : btm_identity_addr_to_random_pseudo

01-03 23:47:06.149 27261 27312 D bt_btm  : btm_ble_process_adv_pkt:bda= b:b:0:1:39:90

01-03 23:47:06.149 27261 27312 I bt_btm  : BTM_CheckAdvData type=0x01

01-03 23:47:06.149 27261 27312 I bt_btm  : BTM_CheckAdvData type=0x19

01-03 23:47:06.149 27261 27312 I bt_btm  : BTM_CheckAdvData type=0x03

01-03 23:47:06.149 27261 27312 D bt_btm  : BR/EDR NOT SUPPORT bit set, LE only device

01-03 23:47:06.149 27261 27312 I bt_btm  : BTM_CheckAdvData type=0x01

01-03 23:47:06.149 27261 27312 D bt_btif : bta_dm_observe_results_cb

01-03 23:47:06.149 27261 27312 I bt_btm  : BTM_InqDbRead: bd addr [0b0b00013990]

01-03 23:47:06.149 27261 27312 I bt_btm  : BTM_CheckEirData type=0x09

01-03 23:47:06.149 27261 27312 D bt_btif : btif_transfer_context event 4096, len 740

01-03 23:47:06.149 27261 27285 D bt_btif : btif task fetched event a001

01-03 23:47:06.149 27261 27285 D bt_btif : btif_context_switched

01-03 23:47:06.149 27261 27285 I bt_btm  : BTM_CheckEirData type=0x09

01-03 23:47:06.149 27261 27285 D bt_btif : in, bd addr:0b:0b:00:01:39:90, prop type:5, len:4

01-03 23:47:06.149 27261 27285 I bt_btif : HAL bt_gatt_callbacks->client->scan_result_cb

01-03 23:47:06.151 25898 25898 D ScannedFragment: Device found with addr:0B:0B:00:01:39:90

01-03 23:47:06.162 27302 27302 I WCNSS_FILTER: Direction(1): bytes: 32 : bytes_written: 32

01-03 23:47:06.162 27302 27302 I WCNSS_FILTER: Direction(1): bytes: 40 : bytes_written: 40

01-03 23:47:06.163 27261 27312 I bt_hci  : BLE HCI(id=62) event = 0x02)

01-03 23:47:06.163 27261 27312 I bt_hci  : btu_ble_process_adv_pkt

01-03 23:47:06.163 27261 27312 I bt_btm  : btm_identity_addr_to_random_pseudo

01-03 23:47:06.163 27261 27312 D bt_btm  : btm_ble_process_adv_pkt:bda= b:b:0:1:61:74

01-03 23:47:06.163 27261 27312 D bt_btm  : btm_ble_update_inq_result scan_rsp=false, to_report=false,                              scan_type_active=1

01-03 23:47:06.163 27261 27312 I bt_btm  : BTM_CheckAdvData type=0x01

01-03 23:47:06.163 27261 27312 I bt_btm  : BTM_CheckAdvData type=0x19

01-03 23:47:06.163 27261 27312 I bt_btm  : BTM_CheckAdvData type=0x03

01-03 23:47:06.163 27261 27312 D bt_btm  : BR/EDR NOT SUPPORT bit set, LE only device

01-03 23:47:06.164 27261 27312 I bt_hci  : BLE HCI(id=62) event = 0x02)

01-03 23:47:06.164 27261 27312 I bt_hci  : btu_ble_process_adv_pkt

01-03 23:47:06.164 27261 27312 I bt_btm  : btm_identity_addr_to_random_pseudo

01-03 23:47:06.164 27261 27312 D bt_btm  : btm_ble_process_adv_pkt:bda= b:b:0:1:61:74

01-03 23:47:06.165 27261 27312 I bt_btm  : BTM_CheckAdvData type=0x01

01-03 23:47:06.165 27261 27312 I bt_btm  : BTM_CheckAdvData type=0x19

01-03 23:47:06.165 27261 27312 I bt_btm  : BTM_CheckAdvData type=0x03

01-03 23:47:06.165 27261 27312 D bt_btm  : BR/EDR NOT SUPPORT bit set, LE only device

01-03 23:47:06.165 27261 27312 I bt_btm  : BTM_CheckAdvData type=0x01

01-03 23:47:06.165 27261 27312 D bt_btif : bta_dm_observe_results_cb

01-03 23:47:06.165 27261 27312 I bt_btm  : BTM_InqDbRead: bd addr [0b0b00016174]

01-03 23:47:06.165 27261 27312 I bt_btm  : BTM_CheckEirData type=0x09

01-03 23:47:06.165 27261 27312 D bt_btif : btif_transfer_context event 4096, len 740

01-03 23:47:06.165 27261 27285 D bt_btif : btif task fetched event a001

01-03 23:47:06.165 27261 27285 D bt_btif : btif_context_switched

01-03 23:47:06.165 27261 27285 I bt_btm  : BTM_CheckEirData type=0x09

01-03 23:47:06.165 27261 27285 D bt_btif : in, bd addr:0b:0b:00:01:61:74, prop type:5, len:4

01-03 23:47:06.166 27261 27285 I bt_btif : HAL bt_gatt_callbacks->client->scan_result_cb

01-03 23:47:06.167 25898 25898 D ScannedFragment: Device found with addr:0B:0B:00:01:61:74

01-03 23:47:06.176 27302 27302 I WCNSS_FILTER: Direction(1): bytes: 42 : bytes_written: 42

01-03 23:47:06.176 27302 27302 I WCNSS_FILTER: Direction(1): bytes: 15 : bytes_written: 15

01-03 23:47:06.177 27261 27312 I bt_hci  : BLE HCI(id=62) event = 0x02)

01-03 23:47:06.177 27261 27312 I bt_hci  : btu_ble_process_adv_pkt

01-03 23:47:06.177 27261 27312 I bt_btm  : btm_identity_addr_to_random_pseudo

01-03 23:47:06.177 27261 27312 D bt_btm  : btm_ble_process_adv_pkt:bda= b:b:0:1:39:90

01-03 23:47:06.177 27261 27312 D bt_btm  : btm_ble_update_inq_result scan_rsp=false, to_report=false,                              scan_type_active=1

01-03 23:47:06.177 27261 27312 I bt_btm  : BTM_CheckAdvData type=0x01

01-03 23:47:06.177 27261 27312 I bt_btm  : BTM_CheckAdvData type=0x19

01-03 23:47:06.177 27261 27312 I bt_btm  : BTM_CheckAdvData type=0x03

01-03 23:47:06.177 27261 27312 D bt_btm  : BR/EDR NOT SUPPORT bit set, LE only device

01-03 23:47:06.177 27261 27312 I bt_hci  : BLE HCI(id=62) event = 0x02)

01-03 23:47:06.177 27261 27312 I bt_hci  : btu_ble_process_adv_pkt

01-03 23:47:06.178 27261 27312 I bt_btm  : btm_identity_addr_to_random_pseudo

01-03 23:47:06.178 27261 27312 D bt_btm  : btm_ble_process_adv_pkt:bda= b:b:0:1:39:90

01-03 23:47:06.178 27261 27312 I bt_btm  : BTM_CheckAdvData type=0x01

01-03 23:47:06.178 27261 27312 I bt_btm  : BTM_CheckAdvData type=0x19

01-03 23:47:06.178 27261 27312 I bt_btm  : BTM_CheckAdvData type=0x03

01-03 23:47:06.178 27261 27312 D bt_btm  : BR/EDR NOT SUPPORT bit set, LE only device

01-03 23:47:06.178 27261 27312 I bt_btm  : BTM_CheckAdvData type=0x01

01-03 23:47:06.178 27261 27312 D bt_btif : bta_dm_observe_results_cb

01-03 23:47:06.178 27261 27312 I bt_btm  : BTM_InqDbRead: bd addr [0b0b00013990]

01-03 23:47:06.178 27261 27312 I bt_btm  : BTM_CheckEirData type=0x09

01-03 23:47:06.178 27261 27312 D bt_btif : btif_transfer_context event 4096, len 740

01-03 23:47:06.178 27261 27285 D bt_btif : btif task fetched event a001

01-03 23:47:06.178 27261 27285 D bt_btif : btif_context_switched

01-03 23:47:06.178 27261 27285 I bt_btm  : BTM_CheckEirData type=0x09

01-03 23:47:06.178 27261 27285 D bt_btif : in, bd addr:0b:0b:00:01:39:90, prop type:5, len:4

01-03 23:47:06.178 27261 27285 I bt_btif : HAL bt_gatt_callbacks->client->scan_result_cb

01-03 23:47:06.179 25898 25898 D ScannedFragment: Device found with addr:0B:0B:00:01:39:90

01-03 23:47:06.200 27302 27302 I WCNSS_FILTER: Direction(1): bytes: 42 : bytes_written: 42

01-03 23:47:06.200 27302 27302 I WCNSS_FILTER: Direction(1): bytes: 15 : bytes_written: 15

01-03 23:47:06.201 27261 27312 I bt_hci  : BLE HCI(id=62) event = 0x02)

01-03 23:47:06.201 27261 27312 I bt_hci  : btu_ble_process_adv_pkt

01-03 23:47:06.201 27261 27312 I bt_btm  : btm_identity_addr_to_random_pseudo

01-03 23:47:06.201 27261 27312 D bt_btm  : btm_ble_process_adv_pkt:bda= b:b:0:1:39:90

01-03 23:47:06.201 27261 27312 D bt_btm  : btm_ble_update_inq_result scan_rsp=false, to_report=false,                              scan_type_active=1

01-03 23:47:06.201 27261 27312 I bt_btm  : BTM_CheckAdvData type=0x01

01-03 23:47:06.201 27261 27312 I bt_btm  : BTM_CheckAdvData type=0x19

01-03 23:47:06.201 27261 27312 I bt_btm  : BTM_CheckAdvData type=0x03

01-03 23:47:06.201 27261 27312 D bt_btm  : BR/EDR NOT SUPPORT bit set, LE only device

01-03 23:47:06.201 27261 27312 I bt_hci  : BLE HCI(id=62) event = 0x02)

01-03 23:47:06.201 27261 27312 I bt_hci  : btu_ble_process_adv_pkt

01-03 23:47:06.201 27261 27312 I bt_btm  : btm_identity_addr_to_random_pseudo

01-03 23:47:06.201 27261 27312 D bt_btm  : btm_ble_process_adv_pkt:bda= b:b:0:1:39:90

01-03 23:47:06.201 27261 27312 I bt_btm  : BTM_CheckAdvData type=0x01

01-03 23:47:06.201 27261 27312 I bt_btm  : BTM_CheckAdvData type=0x19

01-03 23:47:06.201 27261 27312 I bt_btm  : BTM_CheckAdvData type=0x03

01-03 23:47:06.201 27261 27312 D bt_btm  : BR/EDR NOT SUPPORT bit set, LE only device

01-03 23:47:06.201 27261 27312 I bt_btm  : BTM_CheckAdvData type=0x01

01-03 23:47:06.201 27261 27312 D bt_btif : bta_dm_observe_results_cb

01-03 23:47:06.201 27261 27312 I bt_btm  : BTM_InqDbRead: bd addr [0b0b00013990]

01-03 23:47:06.201 27261 27312 I bt_btm  : BTM_CheckEirData type=0x09

01-03 23:47:06.201 27261 27312 D bt_btif : btif_transfer_context event 4096, len 740

01-03 23:47:06.202 27261 27285 D bt_btif : btif task fetched event a001

01-03 23:47:06.202 27261 27285 D bt_btif : btif_context_switched

01-03 23:47:06.202 27261 27285 I bt_btm  : BTM_CheckEirData type=0x09

01-03 23:47:06.202 27261 27285 D bt_btif : in, bd addr:0b:0b:00:01:39:90, prop type:5, len:4

01-03 23:47:06.202 27261 27285 I bt_btif : HAL bt_gatt_callbacks->client->scan_result_cb

01-03 23:47:06.203 25898 25898 D ScannedFragment: Device found with addr:0B:0B:00:01:39:90

01-03 23:47:06.239 27302 27302 I WCNSS_FILTER: Direction(1): bytes: 45 : bytes_written: 45

01-03 23:47:06.239 27302 27302 I WCNSS_FILTER: Direction(1): bytes: 15 : bytes_written: 15

01-03 23:47:06.240 27261 27312 I bt_hci  : BLE HCI(id=62) event = 0x02)

01-03 23:47:06.240 27261 27312 I bt_hci  : btu_ble_process_adv_pkt

01-03 23:47:06.240 27261 27312 I bt_btm  : btm_identity_addr_to_random_pseudo

01-03 23:47:06.240 27261 27312 D bt_btm  : btm_ble_process_adv_pkt:bda= 5d:5c:db:4b:6:20

01-03 23:47:06.240 27261 27312 I bt_btm  : btm_ble_resolve_random_addr

