01-03 23:29:23.162 26621 26621 D ConnectivitySystemTest:BT:CommonResource: IntentReceiver:Received Intent :android.bluetooth.adapter.action.STATE_CHANGED

01-03 23:29:23.162 26621 26621 D ConnectivitySystemTest:BT:CommonResource: Current State:10 Previous State:16 (10-OFF 11-Turning ON 12-ON 13-Turning OFF)

01-03 23:29:23.163 25898 25898 I chatty  : uid=10081(com.example.android.smartertooth) expire 13 lines

01-03 23:29:23.165  1125  3237 I ActivityManager: START u0 {flg=0x14000000 cmp=com.example.android.smartertooth/.MainActivity (has extras)} from uid 10081 on display 0

01-03 23:29:23.167 26176 26176 W ContextImpl: Calling a method in the system process without a qualified user: android.app.ContextImpl.startService:1221 android.content.ContextWrapper.startService:581 android.content.ContextWrapper.startService:581 com.android.settings.bluetooth.DockEventReceiver.beginStartingService:134 com.android.settings.bluetooth.DockEventReceiver.onReceive:115 

01-03 23:29:23.239  1125  2813 E JavaBinder: !!! FAILED BINDER TRANSACTION !!!  (parcel size = 76)

01-03 23:29:23.246  1125  2813 E JavaBinder: !!! FAILED BINDER TRANSACTION !!!  (parcel size = 1900)

01-03 23:29:23.246  1125  2813 W BroadcastQueue: Exception when sending broadcast to ComponentInfo{com.android.bluetooth/com.android.bluetooth.pbap.BluetoothPbapReceiver}

01-03 23:29:23.246  1125  2813 W BroadcastQueue: android.os.DeadObjectException: Transaction failed on small parcel; remote process probably died

01-03 23:29:23.246  1125  2813 W BroadcastQueue: 	at android.os.BinderProxy.transactNative(Native Method)

01-03 23:29:23.246  1125  2813 W BroadcastQueue: 	at android.os.BinderProxy.transact(Binder.java:503)

01-03 23:29:23.246  1125  2813 W BroadcastQueue: 	at android.app.ApplicationThreadProxy.scheduleReceiver(ApplicationThreadNative.java:891)

01-03 23:29:23.246  1125  2813 W BroadcastQueue: 	at com.android.server.am.BroadcastQueue.processCurBroadcastLocked(BroadcastQueue.java:272)

01-03 23:29:23.246  1125  2813 W BroadcastQueue: 	at com.android.server.am.BroadcastQueue.processNextBroadcast(BroadcastQueue.java:1038)

01-03 23:29:23.246  1125  2813 W BroadcastQueue: 	at com.android.server.am.ActivityManagerService.finishReceiver(ActivityManagerService.java:17018)

01-03 23:29:23.246  1125  2813 W BroadcastQueue: 	at android.app.ActivityManagerNative.onTransact(ActivityManagerNative.java:496)

01-03 23:29:23.246  1125  2813 W BroadcastQueue: 	at com.android.server.am.ActivityManagerService.onTransact(ActivityManagerService.java:2443)

01-03 23:29:23.246  1125  2813 W BroadcastQueue: 	at android.os.Binder.execTransact(Binder.java:453)

01-03 23:29:23.248 26621 26621 D ConnectivitySystemTest:BASE: --------------------------------------------------------------------------------------------

01-03 23:29:23.248 26621 26621 D ConnectivitySystemTest:BASE: It's time to trim Memory: Memory level-TRIM_MEMORY_UI_HIDDEN

01-03 23:29:23.248 26621 26621 D ConnectivitySystemTest:BASE: --------------------------------------------------------------------------------------------

01-03 23:29:23.283  1125  2813 I ActivityManager: Start proc 27261:com.android.bluetooth/1002 for broadcast com.android.bluetooth/.pbap.BluetoothPbapReceiver

01-03 23:29:23.287  1125  3237 W ActivityManager: Spurious death for ProcessRecord{ecc54eb 27261:com.android.bluetooth/1002}, curProc for 25649: null

01-03 23:29:23.288 26176 26176 D DockEventReceiver: finishStartingService: stopping service

01-03 23:29:23.391 27261 27261 I chatty  : uid=1002(bluetooth) com.android.bluetooth expire 146 lines

01-03 23:29:23.394  1125  3252 I ActivityManager: Killing 24989:com.google.android.deskclock/u0a37 (adj 15): empty #17

01-03 23:29:23.472  3390  3390 D AuthorizationBluetoothService: Received Bluetooth event: Intent { act=android.bluetooth.adapter.action.STATE_CHANGED flg=0x4000010 cmp=com.google.android.gms/.auth.be.proximity.authorization.bt.AuthorizationBluetoothService$BluetoothStateChangeReceiver (has extras) }.

01-03 23:29:23.617 26621 26860 D ConnectivitySystemTest:BLE: BT Successfully turned off

01-03 23:29:23.617 26621 26860 D ConnectivitySystemTest:BLE: Turning BT on

01-03 23:29:23.648  1125  1758 D BluetoothManagerService: Added callback: android.bluetooth.IBluetoothManagerCallback$Stub$Proxy@b42303d:true

01-03 23:29:23.656 27261 27280 I chatty  : uid=1002(bluetooth) BluetoothAdapte expire 29 lines

01-03 23:29:23.693 27261 27281 I chatty  : uid=1002(bluetooth) bluedroid wake/ expire 23 lines

01-03 23:29:23.700 27261 27285 I chatty  : uid=1002(bluetooth) BT Service Call expire 898 lines

01-03 23:29:23.707 27261 27273 I chatty  : uid=1002(bluetooth) Binder_2 expire 10 lines

01-03 23:29:23.709  1125  1758 D BluetoothManagerService: Broadcasting onBluetoothServiceUp() to 13 receivers.

01-03 23:29:23.722 27261 27286 I chatty  : uid=1002(bluetooth) BondStateMachin expire 11 lines

01-03 23:29:23.887 27261 27289 I chatty  : uid=1002(bluetooth) bluedroid wake/ expire 1392 lines

01-03 23:29:23.978 26621 26859 D ConnectivitySystemTest:BASE: Still Initializing:enableLE

01-03 23:29:23.997  1125  1537 W ActivityManager: Activity pause timeout for ActivityRecord{75675b7 u0 com.android.CST/.ConnectivitySystemTest.ConnectivitySystemTest t32}

01-03 23:29:24.499 27302 27302 I chatty  : uid=1002(bluetooth) /system/bin/wcnss_filter expire 120 lines

01-03 23:29:24.603  1125  2816 W ProcessCpuTracker: Skipping unknown process pid 27307

01-03 23:29:24.670 27302 27303 I chatty  : uid=1002(bluetooth) /system/bin/wcnss_filter expire 125 lines

01-03 23:29:24.697 27261 27312 I chatty  : uid=1002(bluetooth) bluedroid wake/ expire 697 lines

01-03 23:29:24.786 27261 27313 I chatty  : uid=1002(bluetooth) com.android.bluetooth expire 1 line

01-03 23:29:24.953 26621 26621 D MEM-INFO: --------------------------------------------------------------------------------------------

01-03 23:29:24.953 26621 26621 D MEM-INFO: Mem info-Applications Memory Usage (kB):

01-03 23:29:24.953 26621 26621 D MEM-INFO: Uptime: 99373700 Realtime: 99757871

01-03 23:29:24.953 26621 26621 D MEM-INFO: 

01-03 23:29:24.953 26621 26621 D MEM-INFO: Total PSS by process:

01-03 23:29:24.953 26621 26621 D MEM-INFO:    148151 kB: surfaceflinger (pid 379)

01-03 23:29:24.953 26621 26621 D MEM-INFO:    101383 kB: system (pid 1125)

01-03 23:29:24.953 26621 26621 D MEM-INFO:     92972 kB: com.android.systemui (pid 2794 / activities)

01-03 23:29:24.953 26621 26621 D MEM-INFO:     55660 kB: com.google.android.googlequicksearchbox (pid 3268 / activities)

01-03 23:29:24.953 26621 26621 D MEM-INFO:     44361 kB: com.android.settings (pid 26176 / activities)

01-03 23:29:24.953 26621 26621 D MEM-INFO:     36411 kB: com.google.android.inputmethod.latin (pid 3033)

01-03 23:29:24.953 26621 26621 D MEM-INFO:     30918 kB: com.google.android.youtube (pid 4618)

01-03 23:29:24.953 26621 26621 D MEM-INFO:     30770 kB: com.example.android.smartertooth (pid 25898 / activities)

01-03 23:29:24.953 26621 26621 D MEM-INFO:     29203 kB: com.google.android.googlequicksearchbox:search (pid 3353)

01-03 23:29:24.953 26621 26621 D MEM-INFO:     27365 kB: com.google.android.gms (pid 3166)

01-03 23:29:24.953 26621 26621 D MEM-INFO:     27228 kB: com.android.ConnectivitySystemTest (pid 26621 / activities)

01-03 23:29:24.953 26621 26621 D MEM-INFO:     24618 kB: com.example.android.findmeserverpairing2 (pid 26073 / activities)

01-03 23:29:24.953 26621 26621 D MEM-INFO:     24453 kB: zygote (pid 420)

01-03 23:29:24.953 26621 26621 D MEM-INFO:     22551 kB: com.google.android.apps.magazines (pid 26786)

01-03 23:29:24.953 26621 26621 D MEM-INFO:     22132 kB: com.example.android.findmeserverpairing1 (pid 25852 / activities)

01-03 23:29:24.953 26621 26621 D MEM-INFO:     21673 kB: com.google.android.apps.docs (pid 26674)

01-03 23:29:24.953 26621 26621 D MEM-INFO:     19827 kB: com.google.process.location (pid 3560)

01-03 23:29:24.953 26621 26621 D MEM-INFO:     18390 kB: mm-qcamera-daemon (pid 451)

01-03 23:29:24.953 26621 26621 D MEM-INFO:     17657 kB: mediaserver (pid 407)

01-03 23:29:24.953 26621 26621 D MEM-INFO:     17479 kB: com.android.phone (pid 3253)

01-03 23:29:24.953 26621 26621 D MEM-INFO:     16989 kB: com.google.android.apps.maps (pid 27216)

01-03 23:29:24.953 26621 26621 D MEM-INFO:     16670 kB: com.google.process.gapps (pid 3390)

01-03 23:29:24.953 26621 26621 D MEM-INFO:     14740 kB: com.google.android.apps.plus (pid 26269)

01-03 23:29:24.953 26621 26621 D MEM-INFO:     14177 kB: zygote64 (pid 419)

01-03 23:29:24.953 26621 26621 D MEM-INFO:     14133 kB: com.android.vending (pid 24460)

01-03 23:29:24.953 26621 26621 D MEM-INFO:     13677 kB: com.google.android.apps.walletnfcrel (pid 26754)

01-03 23:29:24.953 26621 26621 D MEM-INFO:     10195 kB: com.android.bluetooth (pid 27261)

01-03 23:29:24.953 26621 26621 D MEM-INFO:      8846 kB: com.example.android.findmeclient (pid 5642 / activities)

01-03 23:29:24.953 26621 26621 D MEM-INFO:      8012 kB: android.process.acore (pid 26250)

01-03 23:29:24.953 26621 26621 D MEM-INFO:      7964 kB: imscmservice (pid 417)

01-03 23:29:24.953 26621 26621 D MEM-INFO:      7563 kB: com.google.android.gms.wearable (pid 4929)

01-03 23:29:24.953 26621 26621 D MEM-INFO:      7010 kB: rild (pid 404)

01-03 23:29:24.953 26621 26621 D MEM-INFO:      6491 kB: com.quicinc.cne.CNEService (pid 3207)

01-03 23:29:24.953 26621 26621 D MEM-INFO:      6299 kB: slim_daemon (pid 527)

01-03 23:29:24.953 26621 26621 D MEM-INFO:      6207 kB: com.google.android.apps.cloudprint (pid 26772)

01-03 23:29:24.953 26621 26621 D MEM-INFO:      5990 kB: com.google.android.gms.ui (pid 26595)

01-03 23:29:24.953 26621 26621 D MEM-INFO:      5363 kB: com.google.android.googlequicksearchbox:interactor (pid 3019)

01-03 23:29:24.953 26621 26621 D MEM-INFO:      5241 kB: logd (pid 344)

01-03 23:29:24.953 26621 26621 D MEM-INFO:      4929 kB: com.qualcomm.qti.rcsbootstraputil (pid 3224)

01-03 23:29:24.953 26621 26621 D MEM-INFO:      4609 kB: com.google.android.apps.enterprise.dmagent (pid 26661)

01-03 23:29:24.953 26621 26621 D MEM-INFO:      4452 kB: com.qualcomm.qti.rcsimsbootstraputil (pid 3239)

01-03 23:29:24.953 26621 26621 D MEM-INFO:      4368 kB: com.qualcomm.display (pid 3958)

01-03 23:29:24.953 26621 26621 D MEM-INFO:      4050 kB: com.android.keychain (pid 26695)

01-03 23:29:24.953 26621 26621 D MEM-INFO:      4045 kB: com.android.defcontainer (pid 26567)

01-03 23:29:24.953 26621 26621 D MEM-INFO:      4005 kB: com.google.android.partnersetup (pid 26725)

01-03 23:29:24.953 26621 26621 D MEM-INFO:      3882 kB: com.qualcomm.telephony (pid 4696)

01-03 23:29:24.953 26621 26621 D MEM-INFO:      3802 kB: com.qualcomm.qcrilmsgtunnel (pid 4712)

01-03 23:29:24.953 26621 26621 D MEM-INFO:      3770 kB: com.android.musicfx (pid 26635)

01-03 23:29:24.953 26621 26621 D MEM-INFO:      3473 kB: com.android.smspush (pid 3533)

01-03 23:29:24.953 26621 26621 D MEM-INFO:      2988 kB: drmserver (pid 406)

01-03 23:29:24.953 26621 26621 D MEM-INFO:      2422 kB: ATFWD-daemon (pid 450)

01-03 23:29:24.953 26621 26621 D MEM-INFO:      2419 kB: sensors.qcom (pid 607)

01-03 23:29:24.953 26621 26621 D MEM-INFO:      1926 kB: thermal-engine (pid 414)

01-03 23:29:24.953 26621 26621 D MEM-INFO:      1843 kB: netmgrd (pid 490)

01-03 23:29:24.953 26621 26621 D MEM-INFO:      1367 kB: vold (pid 352)

01-03 23:29:24.953 26621 26621 D MEM-INFO:      1286 kB: cnd (pid 446)

01-03 23:29:24.953 26621 26621 D MEM-INFO:      1263 kB: sdcard (pid 2752)

01-03 23:29:24.953 26621 26621 D MEM-INFO:      1260 kB: /init (pid 1)

01-03 23:29:24.953 26621 26621 D MEM-INFO:      1172 kB: debuggerd64 (pid 402)

01-03 23:29:24.953 26621 26621 D MEM-INFO:      1103 kB: netd (pid 400)

01-03 23:29:24.953 26621 26621 D MEM-INFO:      1037 kB: qmuxd (pid 461)

01-03 23:29:24.953 26621 26621 D MEM-INFO:      1002 kB: cnss_diag (pid 413)

01-03 23:29:24.953 26621 26621 D MEM-INFO:       953 kB: debuggerd (pid 401)

01-03 23:29:24.953 26621 26621 D MEM-INFO:       912 kB: time_daemon (pid 453)

01-03 23:29:24.953 26621 26621 D MEM-INFO:       904 kB: keystore (pid 409)

01-03 23:29:24.953 26621 26621 D MEM-INFO:       904 kB: mm-pp-daemon (pid 454)

01-03 23:29:24.953 26621 26621 D MEM-INFO:       904 kB: qti (pid 487)

01-03 23:29:24.953 26621 26621 D MEM-INFO:       892 kB: adbd (pid 4867)

01-03 23:29:24.953 26621 26621 D MEM-INFO:       870 kB: imsdatadaemon (pid 511)

01-03 23:29:24.953 26621 26621 D MEM-INFO:       795 kB: cnss-daemon (pid 447)

01-03 23:29:24.953 26621 26621 D MEM-INFO:       779 kB: pm-service (pid 386)

01-03 23:29:24.953 26621 26621 D MEM-INFO:       762 kB: ueventd (pid 330)

01-03 23:29:24.953 26621 26621 D MEM-INFO:       736 kB: gatekeeperd (pid 421)

01-03 23:29:24.953 26621 26621 D MEM-INFO:       644 kB: installd (pid 408)

01-03 23:29:24.953 26621 26621 D MEM-INFO:       573 kB: pm-proxy (pid 465)

01-03 23:29:24.953 26621 26621 D MEM-INFO:       572 kB: imsqmidaemon (pid 416)

01-03 23:29:24.953 26621 26621 D MEM-INFO:       564 kB: wcnss_filter (pid 27302)

01-03 23:29:24.953 26621 26621 D MEM-INFO:       530 kB: qcom-system-daemon (pid 410)

01-03 23:29:24.953 26621 26621 D MEM-INFO:       528 kB: sh (pid 24096)

01-03 23:29:24.953 26621 26621 D MEM-INFO:       512 kB: sh (pid 399)

01-03 23:29:24.953 26621 26621 D MEM-INFO:       501 kB: rmt_storage (pid 382)

01-03 23:29:24.953 26621 26621 D MEM-INFO:       495 kB: perfd (pid 3772)

01-03 23:29:24.953 26621 26621 D MEM-INFO:       482 kB: logcat (pid 23134)

01-03 23:29:24.953 26621 26621 D MEM-INFO:       482 kB: logcat (pid 23274)

01-03 23:29:24.953 26621 26621 D MEM-INFO:       482 kB: logcat (pid 23278)

01-03 23:29:24.953 26621 26621 D MEM-INFO:       474 kB: logcat (pid 24713)

01-03 23:29:24.953 26621 26621 D MEM-INFO:       456 kB: healthd (pid 376)

01-03 23:29:24.953 26621 26621 D MEM-INFO:       455 kB: adsprpcd (pid 415)

01-03 23:29:24.953 26621 26621 D MEM-INFO:       454 kB: ipacm-diag (pid 469)

01-03 23:29:24.953 26621 26621 D MEM-INFO:       443 kB: l

01-03 23:29:24.953 26621 26621 D MEM-INFO: --------------------------------------------------------------------------------------------

01-03 23:29:24.953 26621 26621 I Choreographer: Skipped 101 frames!  The application may be doing too much work on its main thread.

01-03 23:29:24.959 27261 27321 I chatty  : uid=1002(bluetooth) HeadsetStateMac expire 5 lines

01-03 23:29:24.978 26621 26859 D ConnectivitySystemTest:BASE: Still Initializing:enableLE

01-03 23:29:24.986 26621 26621 D ConnectivitySystemTest:BASE: ConnectivitySystemTest restarted

01-03 23:29:24.992 26621 26621 D ConnectivitySystemTest:BASE: ConnectivitySystemTest started...Inside onStart

01-03 23:29:25.006 26621 26621 D ConnectivitySystemTest:BASE: ConnectivitySystemTest stopped

01-03 23:29:25.014 27261 27326 I chatty  : uid=1002(bluetooth) media_worker expire 8 lines

01-03 23:29:25.016 26621 26621 D ConnectivitySystemTest:BASE: ConnectivitySystemTest restarted

01-03 23:29:25.027 27261 27325 I chatty  : uid=1002(bluetooth) A2dpStateMachin expire 1 line

01-03 23:29:25.027 26621 26621 D ConnectivitySystemTest:BASE: ConnectivitySystemTest started...Inside onStart

01-03 23:29:25.037 26621 26621 D ConnectivitySystemTest:BASE: ConnectivitySystemTest resumed..Inside onResume

01-03 23:29:25.043 26621 26621 D ConnectivitySystemTest:BASE: ConnectivitySystemTest Paused..Inside onPause

01-03 23:29:25.057 26621 26621 D ConnectivitySystemTest:BASE: ConnectivitySystemTest stopped

01-03 23:29:25.060 26621 26621 D ConnectivitySystemTest:BT:CommonResource: IntentReceiver:Received Intent :android.bluetooth.adapter.action.SCAN_MODE_CHANGED

01-03 23:29:25.061 26621 26621 D ConnectivitySystemTest:BT:CommonResource: Current scanmode:20prev scanmode:-1(20-non connectable non discverable 21-connectable 23-connectable discoverable)

01-03 23:29:25.061 26621 26621 D ConnectivitySystemTest:BT:CommonResource: IntentReceiver:Received Intent :android.bluetooth.adapter.action.STATE_CHANGED

01-03 23:29:25.061 26621 26621 D ConnectivitySystemTest:BT:CommonResource: Current State:11 Previous State:10 (10-OFF 11-Turning ON 12-ON 13-Turning OFF)

01-03 23:29:25.061 26621 26621 D ConnectivitySystemTest:BT:CommonResource: State Changed from OFF to TURNING ON at this instant at 257365061

01-03 23:29:25.062  3390  3390 D AuthorizationBluetoothService: Received Bluetooth event: Intent { act=android.bluetooth.adapter.action.STATE_CHANGED flg=0x4000010 cmp=com.google.android.gms/.auth.be.proximity.authorization.bt.AuthorizationBluetoothService$BluetoothStateChangeReceiver (has extras) }.

01-03 23:29:25.211  2794  4886 D BluetoothHeadset: onBluetoothStateChange: up=true

01-03 23:29:25.211  2794  4886 D BluetoothHeadset: Binding service...

01-03 23:29:25.218  1125  1758 D BluetoothHeadset: onBluetoothStateChange: up=true

01-03 23:29:25.218  1125  1758 D BluetoothHeadset: Binding service...

01-03 23:29:25.221  2794  2980 D BluetoothInputDevice: onBluetoothStateChange: up=true

01-03 23:29:25.226  1125  1765 W WindowManager: App freeze timeout expired.

01-03 23:29:25.232  2794  2980 D BluetoothA2dp: onBluetoothStateChange: up=true

01-03 23:29:25.234  2794  2794 D BluetoothInputDevice: Proxy object connected

01-03 23:29:25.234  2794  2794 D HidProfile: Bluetooth service connected

01-03 23:29:25.257 26176 26347 D BluetoothPan: onBluetoothStateChange on: true

01-03 23:29:25.264  2794  2794 D BluetoothA2dp: Proxy object connected

01-03 23:29:25.275 26621 26621 D ConnectivitySystemTest:BT:CommonResource: IntentReceiver:Received Intent :android.bluetooth.adapter.action.SCAN_MODE_CHANGED

01-03 23:29:25.275 26621 26621 D ConnectivitySystemTest:BT:CommonResource: Current scanmode:21prev scanmode:-1(20-non connectable non discverable 21-connectable 23-connectable discoverable)

01-03 23:29:25.276 26176 26176 D BluetoothPan: BluetoothPAN Proxy object connected

01-03 23:29:25.276 26176 26176 D PanProfile: Bluetooth service connected

01-03 23:29:25.277 26176 26188 D BluetoothPbap: onBluetoothStateChange: up=true

01-03 23:29:25.284  3253  3554 D BluetoothHeadset: onBluetoothStateChange: up=true

01-03 23:29:25.284  3253  3554 D BluetoothHeadset: Binding service...

01-03 23:29:25.285 26176 26187 D BluetoothMap: onBluetoothStateChange: up=true

01-03 23:29:25.288 26176 26347 D BluetoothHeadset: onBluetoothStateChange: up=true

01-03 23:29:25.288 26176 26347 D BluetoothHeadset: Binding service...

01-03 23:29:25.290 26176 26176 D BluetoothMap: Proxy object connected

01-03 23:29:25.290 26176 26176 D MapProfile: Bluetooth service connected

01-03 23:29:25.290 26176 26176 D BluetoothMap: getConnectedDevices()

01-03 23:29:25.290  1125  1758 D BluetoothA2dp: onBluetoothStateChange: up=true

01-03 23:29:25.291  1125  1758 D BluetoothHeadset: onBluetoothStateChange: up=true

01-03 23:29:25.291  1125  1758 D BluetoothHeadset: Binding service...

01-03 23:29:25.291  1125  1125 D BluetoothA2dp: Proxy object connected

01-03 23:29:25.293 26176 26187 D BluetoothInputDevice: onBluetoothStateChange: up=true

01-03 23:29:25.305  2794  2807 D BluetoothPbap: onBluetoothStateChange: up=true

01-03 23:29:25.308 26176 26176 D BluetoothInputDevice: Proxy object connected

01-03 23:29:25.308 26176 26176 D HidProfile: Bluetooth service connected

01-03 23:29:25.310  1125  1758 D BluetoothHeadset: onBluetoothStateChange: up=true

01-03 23:29:25.310  1125  1758 D BluetoothHeadset: Binding service...

01-03 23:29:25.311 26176 26197 D BluetoothA2dp: onBluetoothStateChange: up=true

01-03 23:29:25.317  2794  4886 D BluetoothMap: onBluetoothStateChange: up=true

01-03 23:29:25.317 26176 26176 D BluetoothA2dp: Proxy object connected

01-03 23:29:25.320  2794  2794 D BluetoothMap: Proxy object connected

01-03 23:29:25.320  2794  2794 D MapProfile: Bluetooth service connected

01-03 23:29:25.320  2794  2794 D BluetoothMap: getConnectedDevices()

01-03 23:29:25.323  2794  2808 D BluetoothPan: onBluetoothStateChange on: true

01-03 23:29:25.333  2794  2794 D BluetoothPan: BluetoothPAN Proxy object connected

01-03 23:29:25.333  2794  2794 D PanProfile: Bluetooth service connected

01-03 23:29:25.333  1125  1125 I Telecom : BluetoothPhoneService: queryPhoneState

01-03 23:29:25.334 26621 26621 D ConnectivitySystemTest:BT:CommonResource: IntentReceiver:Received Intent :android.bluetooth.adapter.action.STATE_CHANGED

01-03 23:29:25.334 26621 26621 D ConnectivitySystemTest:BT:CommonResource: Current State:12 Previous State:11 (10-OFF 11-Turning ON 12-ON 13-Turning OFF)

01-03 23:29:25.335 26621 26621 D ConnectivitySystemTest:BT:CommonResource: The time taken to turn ON is 273milliseconds

01-03 23:29:25.335 26621 26621 D ConnectivitySystemTest:BT:CommonResource: Notifying BLE that BT has restarted: curr State:12

01-03 23:29:25.339  2794  2980 D BluetoothHeadset: Proxy object connected

01-03 23:29:25.340  2794  2794 D HeadsetProfile: Bluetooth service connected

01-03 23:29:25.340  2794  2794 D BluetoothHeadset: getConnectedDevices()

01-03 23:29:25.341 26176 26197 D BluetoothHeadset: Proxy object connected

01-03 23:29:25.342  1125  1125 D BluetoothHeadset: Proxy object connected

01-03 23:29:25.343  3253  3555 D BluetoothHeadset: Proxy object connected

01-03 23:29:25.343  1125  1125 D BluetoothHeadset: Proxy object connected

01-03 23:29:25.343  1125  1125 D BluetoothHeadset: Proxy object connected

01-03 23:29:25.344  1125  1125 D BluetoothHeadset: getConnectedDevices()

01-03 23:29:25.348 27261 27337 I chatty  : uid=1002(bluetooth) SapAcceptThread expire 11 lines

01-03 23:29:25.363 27261 27316 I chatty  : uid=1002(bluetooth) btif_sock_poll expire 6 lines

01-03 23:29:25.368 26176 26176 W ContextImpl: Calling a method in the system process without a qualified user: android.app.ContextImpl.startService:1221 android.content.ContextWrapper.startService:581 android.content.ContextWrapper.startService:581 com.android.settings.bluetooth.DockEventReceiver.beginStartingService:134 com.android.settings.bluetooth.DockEventReceiver.onReceive:115 

01-03 23:29:25.377 26176 26176 D HeadsetProfile: Bluetooth service connected

01-03 23:29:25.377 26176 26176 D BluetoothHeadset: getConnectedDevices()

01-03 23:29:25.386  3253  3269 D BluetoothHeadset: Proxy object connected

01-03 23:29:25.393 26176 26187 D BluetoothHeadset: Proxy object connected

01-03 23:29:25.394  1125  1758 D BluetoothHeadset: Proxy object connected

01-03 23:29:25.400 27261 27339 I chatty  : uid=1002(bluetooth) Thread-161 expire 1 line

01-03 23:29:25.401 27261 27340 I chatty  : uid=1002(bluetooth) Thread-162 expire 1 line

01-03 23:29:25.401 26176 26176 D DockEventReceiver: finishStartingService: stopping service

01-03 23:29:25.405 26176 26176 D HeadsetProfile: Bluetooth service connected

01-03 23:29:25.405 26176 26176 D BluetoothHeadset: getConnectedDevices()

01-03 23:29:25.411  1125  1758 D BluetoothHeadset: Proxy object connected

01-03 23:29:25.412  1125  1125 D BluetoothHeadset: getConnectedDevices()

01-03 23:29:25.412  3390  3390 D AuthorizationBluetoothService: Received Bluetooth event: Intent { act=android.bluetooth.adapter.action.STATE_CHANGED flg=0x4000010 cmp=com.google.android.gms/.auth.be.proximity.authorization.bt.AuthorizationBluetoothService$BluetoothStateChangeReceiver (has extras) }.

01-03 23:29:25.418  3390  3390 E AuthorizationBluetoothService: Proximity feature is not enabled.

01-03 23:29:25.424 26621 26860 D ConnectivitySystemTest:BLE: BT Successfully turned on

01-03 23:29:25.426 26176 26176 D BluetoothPbap: Proxy object connected

01-03 23:29:25.426 26176 26176 D PbapServerProfile: Bluetooth service connected

01-03 23:29:25.434 27261 27342 I chatty  : uid=1002(bluetooth) BluetoothPbapAc expire 4 lines

01-03 23:29:25.449  2794  2794 D BluetoothPbap: Proxy object connected

01-03 23:29:25.449  2794  2794 D PbapServerProfile: Bluetooth service connected

01-03 23:29:25.506 27261 27350 I chatty  : uid=1002(bluetooth) BtOppRfcommList expire 5 lines

01-03 23:29:25.979 26621 26859 D ConnectivitySystemTest:BASE: Still Initializing:enableLE

01-03 23:29:26.279   613   613 I MSM-irqbalance: Decided to move IRQ224 from CPU3 to CPU2

01-03 23:29:26.511 27302 27310 I chatty  : uid=1002(bluetooth) POSIX timer 1 expire 13 lines

01-03 23:29:26.980 26621 26859 D ConnectivitySystemTest:BASE: Still Initializing:enableLE

01-03 23:29:27.980 26621 26859 D ConnectivitySystemTest:BASE: Still Initializing:enableLE

01-03 23:29:28.982 26621 26859 D ConnectivitySystemTest:BASE: Still Initializing:enableLE

01-03 23:29:29.430 26621 26860 D ConnectivitySystemTest:BT:Bond: Unbonding all the bonded devices

01-03 23:29:29.442 26621 26860 D CSTConnectivityTest:LE: Initializing LE

01-03 23:29:29.447 26621 26860 D ConnectivitySystemTest:LE_CommonResource: Creating Bluetooth adapter object for LE

01-03 23:29:29.447 26621 26860 D ConnectivitySystemTest:LE_CommonResource: Creating LEScanner object

01-03 23:29:29.452 26621 26860 D ConnectivitySystemTest:LE_CommonResource: Creating LE Advertiser object

01-03 23:29:29.463 26621 26860 D ConnectivitySystemTest:LE_CommonResource: Creating ScanCallBack Objects

01-03 23:29:29.464 26621 26860 D ConnectivitySystemTest:ScanCallBack:: Created a new scanCallback Object:1

01-03 23:29:29.464 26621 26860 D ConnectivitySystemTest:ScanCallBack:: Created a new scanCallback Object:2

01-03 23:29:29.465 26621 26860 D ConnectivitySystemTest:ScanCallBack:: Created a new scanCallback Object:3

01-03 23:29:29.465 26621 26860 D ConnectivitySystemTest:ScanCallBack:: Created a new scanCallback Object:4

01-03 23:29:29.465 26621 26860 D ConnectivitySystemTest:ScanCallBack:: Created a new scanCallback Object:5

01-03 23:29:29.467 26621 26860 D ConnectivitySystemTest:ScanCallBack:: Created a new scanCallback Object:6

01-03 23:29:29.467 26621 26860 D ConnectivitySystemTest:ScanCallBack:: Created a new scanCallback Object:7

01-03 23:29:29.467 26621 26860 D ConnectivitySystemTest:ScanCallBack:: Created a new scanCallback Object:8

01-03 23:29:29.467 26621 26860 D ConnectivitySystemTest:ScanCallBack:: Created a new scanCallback Object:9

01-03 23:29:29.467 26621 26860 D ConnectivitySystemTest:ScanCallBack:: Created a new scanCallback Object:10

01-03 23:29:29.467 26621 26860 D ConnectivitySystemTest:ScanCallBack:: Created a new scanCallback Object:11

01-03 23:29:29.467 26621 26860 D ConnectivitySystemTest:ScanCallBack:: Created a new scanCallback Object:12

01-03 23:29:29.467 26621 26860 D ConnectivitySystemTest:ScanCallBack:: Created a new scanCallback Object:13

01-03 23:29:29.467 26621 26860 D ConnectivitySystemTest:ScanCallBack:: Created a new scanCallback Object:14

01-03 23:29:29.467 26621 26860 D ConnectivitySystemTest:ScanCallBack:: Created a new scanCallback Object:15

01-03 23:29:29.467 26621 26860 D ConnectivitySystemTest:ScanCallBack:: Created a new scanCallback Object:16

01-03 23:29:29.467 26621 26860 D ConnectivitySystemTest:ScanCallBack:: Created a new scanCallback Object:17

01-03 23:29:29.468 26621 26860 D ConnectivitySystemTest:ScanCallBack:: Created a new scanCallback Object:18

01-03 23:29:29.468 26621 26860 D ConnectivitySystemTest:LE_CommonResource: Creating AdvCallBackObjs

01-03 23:29:29.468 26621 26860 D ConnectivitySystemTest:AdvertiseCallback: Created a new AdvCallback Object:1

01-03 23:29:29.468 26621 26860 D ConnectivitySystemTest:AdvertiseCallback: Created a new AdvCallback Object:2

01-03 23:29:29.468 26621 26860 D ConnectivitySystemTest:AdvertiseCallback: Created a new AdvCallback Object:3

01-03 23:29:29.469 26621 26860 D ConnectivitySystemTest:AdvertiseCallback: Created a new AdvCallback Object:4

01-03 23:29:29.469 26621 26860 D ConnectivitySystemTest:AdvertiseCallback: Created a new AdvCallback Object:5

01-03 23:29:29.469 26621 26860 D ConnectivitySystemTest:AdvertiseCallback: Created a new AdvCallback Object:6

01-03 23:29:29.469 26621 26860 D ConnectivitySystemTest:AdvertiseCallback: Created a new AdvCallback Object:7

01-03 23:29:29.470 26621 26860 D ConnectivitySystemTest:AdvertiseCallback: Created a new AdvCallback Object:8

01-03 23:29:29.470 26621 26860 D ConnectivitySystemTest:AdvertiseCallback: Created a new AdvCallback Object:9

01-03 23:29:29.470 26621 26860 D ConnectivitySystemTest:AdvertiseCallback: Created a new AdvCallback Object:10

01-03 23:29:29.470 26621 26860 D ConnectivitySystemTest:AdvertiseCallback: Created a new AdvCallback Object:11

01-03 23:29:29.470 26621 26860 D ConnectivitySystemTest:AdvertiseCallback: Created a new AdvCallback Object:12

01-03 23:29:29.470 26621 26860 D ConnectivitySystemTest:AdvertiseCallback: Created a new AdvCallback Object:13

01-03 23:29:29.470 26621 26860 D ConnectivitySystemTest:AdvertiseCallback: Created a new AdvCallback Object:14

01-03 23:29:29.470 26621 26860 D ConnectivitySystemTest:AdvertiseCallback: Created a new AdvCallback Object:15

01-03 23:29:29.470 26621 26860 D ConnectivitySystemTest:AdvertiseCallback: Created a new AdvCallback Object:16

01-03 23:29:29.470 26621 26860 D ConnectivitySystemTest:AdvertiseCallback: Created a new AdvCallback Object:17

01-03 23:29:29.470 26621 26860 D ConnectivitySystemTest:AdvertiseCallback: Created a new AdvCallback Object:18

01-03 23:29:29.473 26621 26860 D ConnectivitySystemTest:BLE:LEClient: Inside BluetoothGattClient constructor

01-03 23:29:29.477 26621 26860 D ConnectivitySystemTest:BLE:LEServer: opening gattserver

01-03 23:29:29.482 26621 26860 D BluetoothGattServer: registerCallback()

01-03 23:29:29.487 26621 26860 D BluetoothGattServer: registerCallback() - UUID=2b81aafc-7c55-4f23-835f-8883d401685d

01-03 23:29:29.490 27261 27323 I chatty  : uid=1002(bluetooth) Binder_3 expire 10 lines

01-03 23:29:29.493 26621 26632 D BluetoothGattServer: onServerRegistered() - status=0 serverIf=5

01-03 23:29:29.493 26621 26860 D ConnectivitySystemTest:BLE:LEServer: Inside BluetoothGattserver addAllCharacterstics() :

01-03 23:29:29.493 26621 26860 D ConnectivitySystemTest:BLE:LEServer: addAllCharacterstics: Adding IMMEDIATE ALERT SERVICE

01-03 23:29:29.494 26621 26860 D BluetoothGattServer: addService() - service: 00001200-0000-1000-8000-00805f9b34fb

01-03 23:29:29.496 27261 27272 I chatty  : uid=1002(bluetooth) Binder_1 expire 12 lines

01-03 23:29:29.499 27261 27334 I chatty  : uid=1002(bluetooth) Binder_4 expire 11 lines

01-03 23:29:29.500 27261 27341 I chatty  : uid=1002(bluetooth) Binder_5 expire 11 lines

01-03 23:29:29.524 26621 26860 D ConnectivitySystemTest:BLE:LEServer: addAllCharacterstics: Adding 2nd Service

01-03 23:29:29.524 26621 26860 D BluetoothGattServer: addService() - service: 00001201-0000-1000-8000-00805f9b34fb

01-03 23:29:29.550 26621 26860 D ConnectivitySystemTest:BLE:LEServer: addAllCharacterstics: Adding 3rd Service

01-03 23:29:29.557 26621 26860 D ConnectivitySystemTest:BLE:LEServer: addAllCharacterstics: Adding 4th Service

01-03 23:29:29.557 26621 26860 D BluetoothGattServer: addService() - service: 00001203-0000-1000-8000-00805f9b34fb

01-03 23:29:29.558 26621 26633 D BluetoothGattServer: onServiceAdded() - service=00001200-0000-1000-8000-00805f9b34fbstatus=0

01-03 23:29:29.575 26621 26658 D BluetoothGattServer: onServiceAdded() - service=00001201-0000-1000-8000-00805f9b34fbstatus=0

01-03 23:29:29.575 26621 26658 D ConnectivitySystemTest:BLE:LEServer: onServiceAdded() - status=0 service=00001201-0000-1000-8000-00805f9b34fb

01-03 23:29:29.578 26621 26632 D BluetoothGattServer: onServiceAdded() - service=00001202-0000-1000-8000-00805f9b34fbstatus=0

01-03 23:29:29.578 26621 26632 D ConnectivitySystemTest:BLE:LEServer: onServiceAdded() - status=0 service=00001202-0000-1000-8000-00805f9b34fb

01-03 23:29:29.581 26621 26633 D BluetoothGattServer: onServiceAdded() - service=00001203-0000-1000-8000-00805f9b34fbstatus=0

01-03 23:29:29.581 26621 26633 D ConnectivitySystemTest:BLE:LEServer: onServiceAdded() - status=0 service=00001203-0000-1000-8000-00805f9b34fb

01-03 23:29:29.588 26621 26887 D BluetoothGattServer: onServiceAdded() - service=00001206-0000-1000-8000-00805f9b34fbstatus=133

01-03 23:29:29.588 26621 26887 D ConnectivitySystemTest:BLE:LEServer: onServiceAdded() - status=133 service=00001206-0000-1000-8000-00805f9b34fb

01-03 23:29:29.590 26621 26860 W System.err: java.lang.NullPointerException: Attempt to invoke virtual method 'void com.android.bluetooth.gatt.ServiceDeclaration.addDescriptor(java.util.UUID, int)' on a null object reference

01-03 23:29:29.590 26621 26860 W System.err: 	at android.os.Parcel.readException(Parcel.java:1605)

01-03 23:29:29.590 26621 26860 W System.err: 	at android.os.Parcel.readException(Parcel.java:1552)

01-03 23:29:29.590 26621 26860 W System.err: 	at android.bluetooth.IBluetoothGatt$Stub$Proxy.addDescriptor(IBluetoothGatt.java:1399)

01-03 23:29:29.982 26621 26859 D ConnectivitySystemTest:BASE: Returning value - true

01-03 23:29:30.483 26621 26859 D ConnectivitySystemTest:BASE: The Cmd: DUT enableLE: was executed successfully

01-03 23:29:30.483 26621 26859 D ConnectivitySystemTest:BASE: Final result String :DUT enableLE PASS COMMENT:  WARN: 

01-03 23:29:30.491 26621 26859 D ConnectivitySystemTest:commInterface: Result Notified back to CSTCore : true

01-03 23:29:30.492 26621 26859 D ConnectivitySystemTest:BASE: 26859:Killing current Thread. Pending active threads =0

01-03 23:29:30.492 26621 26859 D ConnectivitySystemTest:BASE: --------------------------------------------------------------------------------------------

01-03 23:29:30.492 26621 26859 D ConnectivitySystemTest:BASE: Command Execution Finished :DUT enableLE

01-03 23:29:30.492 26621 26859 D ConnectivitySystemTest:BASE: --------------------------------------------------------------------------------------------

01-05 19:22:40.040 26859 26859 W Thread-640: type=1400 audit(0.0:845): avc: granted { add_name } for name="NotifyBM3.txt" scontext=u:r:system_app:s0 tcontext=u:object_r:system_data_file:s0 tclass=dir

01-05 19:22:40.040 26859 26859 W Thread-640: type=1400 audit(0.0:846): avc: granted { create } for name="NotifyBM3.txt" scontext=u:r:system_app:s0 tcontext=u:object_r:system_data_file:s0 tclass=file

01-05 19:22:40.050 26859 26859 W Thread-640: type=1400 audit(0.0:847): avc: granted { write } for path="/data/NotifyBM3.txt" dev="mmcblk0p37" ino=169 scontext=u:r:system_app:s0 tcontext=u:object_r:system_data_file:s0 tclass=file

01-03 23:29:31.286   613   613 I MSM-irqbalance: Decided to move IRQ216 from CPU3 to CPU2

01-03 23:29:36.285   613   613 I MSM-irqbalance: Decided to move IRQ215 from CPU0 to CPU2

01-03 23:30:03.748  1125  2612 I PowerManagerService: Waking up from dozing (uid 1000)...

01-03 23:30:03.749  1125  1125 V KeyguardServiceDelegate: onStartedWakingUp()

01-03 23:30:03.749  1125  1778 I DisplayPowerController: Blocking screen on until initial contents have been drawn.

01-03 23:30:03.749  1125  1778 V KeyguardServiceDelegate: onScreenTurnedOn(showListener = com.android.server.policy.PhoneWindowManager$2@ec28a46)

01-03 23:30:03.751  1125  1765 I DisplayManagerService: Display device changed state: "Built-in Screen", ON

01-03 23:30:03.769   379   379 D SurfaceFlinger: Set power mode=2, type=0 flinger=0x7f87d83c00

01-03 23:30:03.769   379   379 D qdhwcomposer: hwc_setPowerMode: Setting mode 2 on display: 0

01-03 23:30:03.795  1125  1537 I ActivityManager: Start proc 27422:com.google.android.deskclock/u0a37 for broadcast com.google.android.deskclock/com.android.alarmclock.DigitalAppWidgetProvider

01-03 23:30:03.850  1125  2624 E WifiStateMachine:  Fail to set up pno, want false now false

01-03 23:30:03.850   407  3314 D audio_hw_primary: adev_set_parameters: enter: screen_state=on

01-03 23:30:03.900  1125  3237 V KeyguardServiceDelegate: **** SHOWN CALLED ****

01-03 23:30:03.935 27422 27422 W System  : ClassLoader referenced unknown path: /system/app/DeskClockGoogle/lib/arm64

01-03 23:30:03.960  1125  1480 I ActivityManager: Killing 26595:com.google.android.gms.ui/u0a10 (adj 15): empty #17

01-03 23:30:04.065  1125  3252 W art     : Long monitor contention event with owner method=void com.android.server.am.BroadcastQueue.processNextBroadcast(boolean) from BroadcastQueue.java:639 waiters=0 for 105ms

01-03 23:30:04.066  1125  1778 I DisplayPowerController: Unblocked screen on after 317 ms

01-03 23:30:04.147   379   787 I qdhwcomposer: handle_blank_event: dpy:0 panel power state: 1

01-03 23:30:04.275   379   379 D qdhwcomposer: hwc_setPowerMode: Done setting mode 2 on display 0

01-03 23:30:04.279  1125  2747 D SurfaceControl: Excessive delay in setPowerMode(): 528ms

01-03 23:30:04.281  1125  1778 V KeyguardServiceDelegate: onScreenTurnedOn()

01-03 23:30:04.283  1125  1778 I DreamManagerService: Gently waking up from dream.

01-03 23:30:04.325  1125  3284 I DreamManagerService: Leaving dreamland.

01-03 23:30:04.326  1125  1548 I DreamController: Stopping dream: name=ComponentInfo{com.android.systemui/com.android.systemui.doze.DozeService}, isTest=false, canDoze=true, userId=0

01-03 23:30:04.628  2794  2794 D PhoneStatusBar: disable: < expand ICONS alerts SYSTEM_INFO back HOME RECENT clock SEARCH quick_settings >

01-03 23:30:04.707 26621 26621 D ConnectivitySystemTest:BASE: ConnectivitySystemTest restarted

01-03 23:30:04.716 26621 26621 D ConnectivitySystemTest:BASE: ConnectivitySystemTest started...Inside onStart

01-03 23:30:04.729 26621 26621 D ConnectivitySystemTest:BASE: ConnectivitySystemTest resumed..Inside onResume

01-03 23:30:04.744   407  2723 D audio_hw_primary: out_set_parameters: enter: usecase(1: low-latency-playback) kvpairs: routing=2

01-03 23:30:04.748  2794  2794 D PhoneStatusBar: disable: < expand icons* alerts system_info* back HOME RECENT clock SEARCH quick_settings >

01-03 23:30:04.758   407  2722 D audio_hw_primary: select_devices: out_snd_device(2: speaker) in_snd_device(0: none)

01-03 23:30:04.759   407  2722 I soundtrigger: audio_extn_sound_trigger_update_device_status: device 0x2 of type 0 for Event 1

01-03 23:30:04.759   407  2722 D msm8974_platform: platform_send_audio_calibration: sending audio calibration for snd_device(2) acdb_id(15)

01-03 23:30:04.759   407  2722 E ACDB-LOADER: ACDB get afe topology for acdb id = 15, err = -8

01-03 23:30:04.759   407  2722 D audio_hw_primary: enable_snd_device: snd_device(2: speaker)

01-03 23:30:04.770   407  2722 D audio_hw_primary: enable_audio_route: apply and update mixer path: low-latency-playback

01-03 23:30:04.858  1125  3216 W InputMethodManagerService: Window already focused, ignoring focus gain of: com.android.internal.view.IInputMethodClient$Stub$Proxy@f7c94f0 attribute=android.view.inputmethod.EditorInfo@f0cba69, token = android.os.BinderProxy@8798502

01-03 23:30:04.863  2794  2794 D PhoneStatusBar: disable: < expand icons alerts system_info back home* recent* clock search* quick_settings >

01-03 23:30:06.887   613   613 I MSM-irqbalance: Decided to move IRQ57 from CPU2 to CPU0

01-03 23:30:08.097   407  2723 D audio_hw_primary: disable_audio_route: reset and update mixer path: low-latency-playback

01-03 23:30:08.102   407  2723 D audio_hw_primary: disable_snd_device: snd_device(2: speaker)

01-03 23:30:08.116   407  2723 I soundtrigger: audio_extn_sound_trigger_update_device_status: device 0x2 of type 0 for Event 0

01-03 23:30:11.886   613   613 I MSM-irqbalance: Decided to move IRQ215 from CPU2 to CPU0

01-03 23:30:13.266 26621 26652 D ConnectivitySystemTest:commInterface:  String Read from NotifyDUT file is :DUT enableBT

01-03 23:30:13.268 26621 26652 D ConnectivitySystemTest:BASE: --------------------------------------------------------------------------------------------

01-03 23:30:13.268 26621 26652 D ConnectivitySystemTest:BASE: Executing next Command:DUT enableBT

01-03 23:30:13.269 26621 26652 D ConnectivitySystemTest:BASE: --------------------------------------------------------------------------------------------

01-03 23:30:13.273 26621 27439 D ConnectivitySystemTest:BASE: 27439:Active threads =1

01-03 23:30:13.274 26621 27439 D ConnectivitySystemTest:BASE: The cmd: DUT enableBT :is going to be executed

01-03 23:30:13.275 26621 27439 W System.err: java.lang.NumberFormatException: Invalid int: "enableBT"

01-03 23:30:13.275 26621 27439 W System.err: 	at java.lang.Integer.invalidInt(Integer.java:138)

01-03 23:30:13.275 26621 27439 W System.err: 	at java.lang.Integer.parse(Integer.java:410)

01-03 23:30:13.275 26621 27439 W System.err: 	at java.lang.Integer.parseInt(Integer.java:367)

01-03 23:30:13.275 26621 27439 W System.err: 	at java.lang.Integer.parseInt(Integer.java:334)

01-03 23:30:13.276 26621 27439 W System.err: 	at com.android.CST.ConnectivitySystemTest.ConnectivitySystemTest.cmdHandler(ConnectivitySystemTest.java:1040)

01-03 23:30:13.276 26621 27439 W System.err: 	at com.android.CST.ConnectivitySystemTest.ConnectivitySystemTest.access$700(ConnectivitySystemTest.java:80)

01-03 23:30:13.276 26621 27439 W System.err: 	at com.android.CST.ConnectivitySystemTest.ConnectivitySystemTest$3.run(ConnectivitySystemTest.java:372)

01-03 23:30:13.276 26621 27439 D ConnectivitySystemTest:BASE: No need to worry about this exception. it's intended for backward compatibility

01-03 23:30:13.276 26621 27439 D ConnectivitySystemTest:BASE: Current AppConfigKey:enableLEValue:true

01-03 23:30:13.276 26621 27439 D ConnectivitySystemTest:BASE: Current AppConfigKey:enableBTValue:false

01-03 23:30:13.276 26621 27439 D ConnectivitySystemTest:BASE: Key:enableBT Value:True

01-03 23:30:13.277 26621 27439 D ConnectivitySystemTest:BASE: Updated the Key value pair:enableBT Value:true

01-03 23:30:13.277 26621 27439 D ConnectivitySystemTest:BASE: Initializing required technologies

01-03 23:30:13.279 26621 27439 D ConnectivitySystemTest:BASE: Still Initializing:enableBT

01-03 23:30:13.281 26621 27440 D ConnectivitySystemTest:BASE: --------------------------------------------------------------------------------------------

01-05 19:23:22.830 26652 26652 W Thread-631: type=1400 audit(0.0:848): avc: granted { remove_name } for name="NotifyDUT.txt" dev="mmcblk0p37" ino=169 scontext=u:r:system_app:s0 tcontext=u:object_r:system_data_file:s0 tclass=dir

01-03 23:30:13.281 26621 27440 D ConnectivitySystemTest:BASE: Attempting BT Init

01-03 23:30:13.281 26621 27440 D ConnectivitySystemTest:BASE: --------------------------------------------------------------------------------------------

01-05 19:23:22.830 26652 26652 W Thread-631: type=1400 audit(0.0:849): avc: granted { unlink } for name="NotifyDUT.txt" dev="mmcblk0p37" ino=169 scontext=u:r:system_app:s0 tcontext=u:object_r:system_data_file:s0 tclass=file

01-03 23:30:13.302 26621 27440 D ConnectivitySystemTest:BT:CommonResource: A2DP getProfileProxy success

01-03 23:30:13.304 26621 26621 D BluetoothA2dp: Proxy object connected

01-03 23:30:13.306 26621 26621 D ConnectivitySystemTest:BT:CommonResource: m_ServiceListener:onServiceConnected: profile=2

01-03 23:30:13.313 26621 27440 E ConnectivitySystemTest:BT:CommonResource: HS getProfileProxy success

01-03 23:30:13.326 26621 27440 D ConnectivitySystemTest:BT:CommonResource: INPUT_DEVICE getProfileProxy success

01-03 23:30:13.326 26621 26621 D BluetoothInputDevice: Proxy object connected

01-03 23:30:13.327 26621 26621 D ConnectivitySystemTest:BT:CommonResource: m_ServiceListener:onServiceConnected: profile=4

01-03 23:30:13.338 26621 27440 D ConnectivitySystemTest:BT:CommonResource: PAN getProfileProxy success

01-03 23:30:13.338 26621 27440 D ConnectivitySystemTest:BLE: BT Legacy profiles will be initialized

01-03 23:30:13.338 26621 27440 D ConnectivitySystemTest:BT:Telephony: Inside Telephony Constructor

01-03 23:30:13.338 26621 26621 D BluetoothPan: BluetoothPAN Proxy object connected

01-03 23:30:13.338 26621 27440 E ConnectivitySystemTest:BLE: This Device Doesn't support Obex over L2CAP. Moving to Legacy

01-03 23:30:13.339 26621 26621 D ConnectivitySystemTest:BT:CommonResource: m_ServiceListener:onServiceConnected: profile=5

01-03 23:30:13.343 26621 27440 E ConnectivitySystemTest:BLE: failed to take handles

01-03 23:30:13.343 26621 27440 D ConnectivitySystemTest:BLE: Creating new SPP handle

01-03 23:30:13.343 26621 27440 I ConnectivitySystemTest:BT:SPP: Opening the SPP server socket

01-03 23:30:13.347 26621 27440 W BluetoothAdapter: getBluetoothService() called with no BluetoothManagerCallback

01-03 23:30:13.351 27261 27312 I chatty  : uid=1002(bluetooth) bluedroid wake/ expire 30 lines

01-03 23:30:13.351 26621 27440 D ConnectivitySystemTest:BT:SPP: SPP Server initialzed successfully

01-03 23:30:13.352 26621 27440 D ConnectivitySystemTest:BLE: SPP Successfully initialized

01-03 23:30:13.352 26621 27440 D ConnectivitySystemTest:BLE: mCommonInitDone = true

01-03 23:30:13.352 26621 27440 D ConnectivitySystemTest:BASE: --------------------------------------------------------------------------------------------

01-03 23:30:13.352 26621 27440 D ConnectivitySystemTest:BASE: BT Init Complete: SUCCESS

01-03 23:30:13.352 26621 27440 D ConnectivitySystemTest:BASE: --------------------------------------------------------------------------------------------

01-03 23:30:13.352 26621 27440 D ConnectivitySystemTest:BASE: Tech:enableBT Previous Status: 1 New Status:2

01-03 23:30:13.356 26621 27441 I ConnectivitySystemTest:BT:SPP: SPP server waiting to accept any incoming connection

01-03 23:30:13.413 26621 26632 D BluetoothHeadset: Proxy object connected

01-03 23:30:13.414 26621 26621 D ConnectivitySystemTest:BT:CommonResource: m_ServiceListener:onServiceConnected: profile=1

01-03 23:30:14.280 26621 27439 D ConnectivitySystemTest:BASE: Tech:enableLE already initialized

01-03 23:30:14.280 26621 27439 D ConnectivitySystemTest:BASE: Returning value - true

01-03 23:30:14.781 26621 27439 D ConnectivitySystemTest:BASE: The Cmd: DUT enableBT: was executed successfully

01-03 23:30:14.781 26621 27439 D ConnectivitySystemTest:BASE: Final result String :DUT enableBT PASS COMMENT:  WARN: 

01-03 23:30:14.789 26621 27439 D ConnectivitySystemTest:commInterface: Result Notified back to CSTCore : true

01-03 23:30:14.789 26621 27439 D ConnectivitySystemTest:BASE: 27439:Killing current Thread. Pending active threads =0

01-03 23:30:14.790 26621 27439 D ConnectivitySystemTest:BASE: --------------------------------------------------------------------------------------------

01-03 23:30:14.790 26621 27439 D ConnectivitySystemTest:BASE: Command Execution Finished :DUT enableBT

01-05 19:23:24.340 27439 27439 W Thread-647: type=1400 audit(0.0:850): avc: granted { add_name } for name="NotifyBM3.txt" scontext=u:r:system_app:s0 tcontext=u:object_r:system_data_file:s0 tclass=dir

01-03 23:30:14.790 26621 27439 D ConnectivitySystemTest:BASE: --------------------------------------------------------------------------------------------

01-05 19:23:24.340 27439 27439 W Thread-647: type=1400 audit(0.0:851): avc: granted { create } for name="NotifyBM3.txt" scontext=u:r:system_app:s0 tcontext=u:object_r:system_data_file:s0 tclass=file

01-05 19:23:24.350 27439 27439 W Thread-647: type=1400 audit(0.0:852): avc: granted { write } for path="/data/NotifyBM3.txt" dev="mmcblk0p37" ino=169 scontext=u:r:system_app:s0 tcontext=u:object_r:system_data_file:s0 tclass=file

01-03 23:30:16.976   613   613 I MSM-irqbalance: Decided to move IRQ115 from CPU2 to CPU0

01-03 23:30:43.958   407  2723 D audio_hw_primary: out_set_parameters: enter: usecase(1: low-latency-playback) kvpairs: routing=2

01-03 23:30:43.972   407  2722 D audio_hw_primary: select_devices: out_snd_device(2: speaker) in_snd_device(0: none)

01-03 23:30:43.973   407  2722 I soundtrigger: audio_extn_sound_trigger_update_device_status: device 0x2 of type 0 for Event 1

01-03 23:30:43.973   407  2722 D msm8974_platform: platform_send_audio_calibration: sending audio calibration for snd_device(2) acdb_id(15)

01-03 23:30:43.973   407  2722 E ACDB-LOADER: ACDB get afe topology for acdb id = 15, err = -8

01-03 23:30:43.973   407  2722 D audio_hw_primary: enable_snd_device: snd_device(2: speaker)

01-03 23:30:43.990   407  2722 D audio_hw_primary: enable_audio_route: apply and update mixer path: low-latency-playback

01-03 23:30:43.999  1125  3252 I ActivityManager: START u0 {act=com.android.systemui.recents.SHOW_RECENTS flg=0x10804000 cmp=com.android.systemui/.recents.RecentsActivity} from uid 10021 on display 0

01-03 23:30:44.070 26621 26621 D ConnectivitySystemTest:BASE: ConnectivitySystemTest Paused..Inside onPause

01-03 23:30:44.091 26621 26621 D ConnectivitySystemTest:BASE: ConnectivitySystemTest stopped

01-03 23:30:44.131 26621 26621 D ConnectivitySystemTest:BASE: --------------------------------------------------------------------------------------------

01-03 23:30:44.132 26621 26621 D ConnectivitySystemTest:BASE: It's time to trim Memory: Memory level-TRIM_MEMORY_UI_HIDDEN

01-03 23:30:44.132 26621 26621 D ConnectivitySystemTest:BASE: --------------------------------------------------------------------------------------------

